May 31 23:13:44 gchinellato-ubuntu kernel: [    0.000000] Linux version 4.12.0-rc3-00021-gd602fb6 (gchinellato@gchinellato-ubuntu) (gcc version 4.8.4 (Ubuntu 4.8.4-2ubuntu1~14.04.3) ) #1 SMP Wed May 31 23:02:38 BRT 2017
May 31 23:13:44 gchinellato-ubuntu kernel: [    0.000000] Command line: BOOT_IMAGE=/boot/vmlinuz-4.12.0-rc3-00021-gd602fb6 root=UUID=992a1f60-f740-4cfc-82d5-2ae100a5645e ro acpi=force
May 31 23:13:44 gchinellato-ubuntu kernel: [    0.000000] x86/fpu: Supporting XSAVE feature 0x001: 'x87 floating point registers'
May 31 23:13:44 gchinellato-ubuntu kernel: [    0.000000] x86/fpu: Supporting XSAVE feature 0x002: 'SSE registers'
May 31 23:13:44 gchinellato-ubuntu kernel: [    0.000000] x86/fpu: Supporting XSAVE feature 0x004: 'AVX registers'
May 31 23:13:44 gchinellato-ubuntu kernel: [    0.000000] x86/fpu: xstate_offset[2]:  576, xstate_sizes[2]:  256
May 31 23:13:44 gchinellato-ubuntu kernel: [    0.000000] x86/fpu: Enabled xstate features 0x7, context size is 832 bytes, using 'standard' format.
May 31 23:13:44 gchinellato-ubuntu kernel: [    0.000000] e820: BIOS-provided physical RAM map:
May 31 23:13:44 gchinellato-ubuntu kernel: [    0.000000] BIOS-e820: [mem 0x0000000000000000-0x000000000009cfff] usable
May 31 23:13:44 gchinellato-ubuntu kernel: [    0.000000] BIOS-e820: [mem 0x000000000009d000-0x000000000009ffff] reserved
May 31 23:13:44 gchinellato-ubuntu kernel: [    0.000000] BIOS-e820: [mem 0x00000000000e0000-0x00000000000fffff] reserved
May 31 23:13:44 gchinellato-ubuntu kernel: [    0.000000] BIOS-e820: [mem 0x0000000000100000-0x00000000a498dfff] usable
May 31 23:13:44 gchinellato-ubuntu kernel: [    0.000000] BIOS-e820: [mem 0x00000000a498e000-0x00000000a4b8ffff] reserved
May 31 23:13:44 gchinellato-ubuntu kernel: [    0.000000] BIOS-e820: [mem 0x00000000a4b90000-0x00000000bad78fff] usable
May 31 23:13:44 gchinellato-ubuntu kernel: [    0.000000] BIOS-e820: [mem 0x00000000bad79000-0x00000000bce8efff] reserved
May 31 23:13:44 gchinellato-ubuntu kernel: [    0.000000] BIOS-e820: [mem 0x00000000bce8f000-0x00000000bcf9efff] ACPI NVS
May 31 23:13:44 gchinellato-ubuntu kernel: [    0.000000] BIOS-e820: [mem 0x00000000bcf9f000-0x00000000bcffefff] ACPI data
May 31 23:13:44 gchinellato-ubuntu kernel: [    0.000000] BIOS-e820: [mem 0x00000000bcfff000-0x00000000bcffffff] usable
May 31 23:13:44 gchinellato-ubuntu kernel: [    0.000000] BIOS-e820: [mem 0x00000000bd000000-0x00000000bf9fffff] reserved
May 31 23:13:44 gchinellato-ubuntu kernel: [    0.000000] BIOS-e820: [mem 0x00000000f8000000-0x00000000fbffffff] reserved
May 31 23:13:44 gchinellato-ubuntu kernel: [    0.000000] BIOS-e820: [mem 0x00000000fe101000-0x00000000fe112fff] reserved
May 31 23:13:44 gchinellato-ubuntu kernel: [    0.000000] BIOS-e820: [mem 0x00000000fec00000-0x00000000fec00fff] reserved
May 31 23:13:44 gchinellato-ubuntu kernel: [    0.000000] BIOS-e820: [mem 0x00000000fed08000-0x00000000fed08fff] reserved
May 31 23:13:44 gchinellato-ubuntu kernel: [    0.000000] BIOS-e820: [mem 0x00000000fed10000-0x00000000fed19fff] reserved
May 31 23:13:44 gchinellato-ubuntu kernel: [    0.000000] BIOS-e820: [mem 0x00000000fed1c000-0x00000000fed1ffff] reserved
May 31 23:13:44 gchinellato-ubuntu kernel: [    0.000000] BIOS-e820: [mem 0x00000000fee00000-0x00000000fee00fff] reserved
May 31 23:13:44 gchinellato-ubuntu kernel: [    0.000000] BIOS-e820: [mem 0x00000000ff980000-0x00000000ffffffff] reserved
May 31 23:13:44 gchinellato-ubuntu kernel: [    0.000000] BIOS-e820: [mem 0x0000000100000000-0x000000023f5fffff] usable
May 31 23:13:44 gchinellato-ubuntu kernel: [    0.000000] NX (Execute Disable) protection: active
May 31 23:13:44 gchinellato-ubuntu kernel: [    0.000000] SMBIOS 2.7 present.
May 31 23:13:44 gchinellato-ubuntu kernel: [    0.000000] DMI: Dell Inc. Vostro 5470/0K0PF0, BIOS A12 11/05/2015
May 31 23:13:44 gchinellato-ubuntu kernel: [    0.000000] tsc: Fast TSC calibration using PIT
May 31 23:13:44 gchinellato-ubuntu kernel: [    0.000000] e820: update [mem 0x00000000-0x00000fff] usable ==> reserved
May 31 23:13:44 gchinellato-ubuntu kernel: [    0.000000] e820: remove [mem 0x000a0000-0x000fffff] usable
May 31 23:13:44 gchinellato-ubuntu kernel: [    0.000000] e820: last_pfn = 0x23f600 max_arch_pfn = 0x400000000
May 31 23:13:44 gchinellato-ubuntu kernel: [    0.000000] MTRR default type: write-back
May 31 23:13:44 gchinellato-ubuntu kernel: [    0.000000] MTRR fixed ranges enabled:
May 31 23:13:44 gchinellato-ubuntu kernel: [    0.000000]   00000-9FFFF write-back
May 31 23:13:44 gchinellato-ubuntu kernel: [    0.000000]   A0000-BFFFF uncachable
May 31 23:13:44 gchinellato-ubuntu kernel: [    0.000000]   C0000-FFFFF write-protect
May 31 23:13:44 gchinellato-ubuntu kernel: [    0.000000] MTRR variable ranges enabled:
May 31 23:13:44 gchinellato-ubuntu kernel: [    0.000000]   0 base 00C0000000 mask 7FC0000000 uncachable
May 31 23:13:44 gchinellato-ubuntu kernel: [    0.000000]   1 base 00BE000000 mask 7FFE000000 uncachable
May 31 23:13:44 gchinellato-ubuntu kernel: [    0.000000]   2 base 00BD000000 mask 7FFF000000 uncachable
May 31 23:13:44 gchinellato-ubuntu kernel: [    0.000000]   3 disabled
May 31 23:13:44 gchinellato-ubuntu kernel: [    0.000000]   4 disabled
May 31 23:13:44 gchinellato-ubuntu kernel: [    0.000000]   5 disabled
May 31 23:13:44 gchinellato-ubuntu kernel: [    0.000000]   6 disabled
May 31 23:13:44 gchinellato-ubuntu kernel: [    0.000000]   7 disabled
May 31 23:13:44 gchinellato-ubuntu kernel: [    0.000000]   8 disabled
May 31 23:13:44 gchinellato-ubuntu kernel: [    0.000000]   9 disabled
May 31 23:13:44 gchinellato-ubuntu kernel: [    0.000000] x86/PAT: Configuration [0-7]: WB  WC  UC- UC  WB  WC  UC- WT  
May 31 23:13:44 gchinellato-ubuntu kernel: [    0.000000] e820: last_pfn = 0xbd000 max_arch_pfn = 0x400000000
May 31 23:13:44 gchinellato-ubuntu kernel: [    0.000000] found SMP MP-table at [mem 0x000f0100-0x000f010f] mapped at [ffff94ac400f0100]
May 31 23:13:44 gchinellato-ubuntu kernel: [    0.000000] Scanning 1 areas for low memory corruption
May 31 23:13:44 gchinellato-ubuntu kernel: [    0.000000] Base memory trampoline at [ffff94ac40097000] 97000 size 24576
May 31 23:13:44 gchinellato-ubuntu kernel: [    0.000000] Using GB pages for direct mapping
May 31 23:13:44 gchinellato-ubuntu kernel: [    0.000000] BRK [0x1fed3a000, 0x1fed3afff] PGTABLE
May 31 23:13:44 gchinellato-ubuntu kernel: [    0.000000] BRK [0x1fed3b000, 0x1fed3bfff] PGTABLE
May 31 23:13:44 gchinellato-ubuntu kernel: [    0.000000] BRK [0x1fed3c000, 0x1fed3cfff] PGTABLE
May 31 23:13:44 gchinellato-ubuntu kernel: [    0.000000] BRK [0x1fed3d000, 0x1fed3dfff] PGTABLE
May 31 23:13:44 gchinellato-ubuntu kernel: [    0.000000] BRK [0x1fed3e000, 0x1fed3efff] PGTABLE
May 31 23:13:44 gchinellato-ubuntu kernel: [    0.000000] BRK [0x1fed3f000, 0x1fed3ffff] PGTABLE
May 31 23:13:44 gchinellato-ubuntu kernel: [    0.000000] BRK [0x1fed40000, 0x1fed40fff] PGTABLE
May 31 23:13:44 gchinellato-ubuntu kernel: [    0.000000] BRK [0x1fed41000, 0x1fed41fff] PGTABLE
May 31 23:13:44 gchinellato-ubuntu kernel: [    0.000000] BRK [0x1fed42000, 0x1fed42fff] PGTABLE
May 31 23:13:44 gchinellato-ubuntu kernel: [    0.000000] BRK [0x1fed43000, 0x1fed43fff] PGTABLE
May 31 23:13:44 gchinellato-ubuntu kernel: [    0.000000] RAMDISK: [mem 0x37abe000-0x37d56fff]
May 31 23:13:44 gchinellato-ubuntu kernel: [    0.000000] ACPI: Early table checksum verification disabled
May 31 23:13:44 gchinellato-ubuntu kernel: [    0.000000] ACPI: RSDP 0x00000000000F0120 000024 (v02 DELL  )
May 31 23:13:44 gchinellato-ubuntu kernel: [    0.000000] ACPI: XSDT 0x00000000BCFFE170 0000BC (v01 DELL   QA09     00000002 LOHR 00000002)
May 31 23:13:44 gchinellato-ubuntu kernel: [    0.000000] ACPI: FACP 0x00000000BCFFA000 00010C (v05 DELL   QA09     00000002 LOHR 00000002)
May 31 23:13:44 gchinellato-ubuntu kernel: [    0.000000] ACPI: DSDT 0x00000000BCFE9000 00CE3A (v02 DELL   HSW-LPT  00000000 INTL 20120711)
May 31 23:13:44 gchinellato-ubuntu kernel: [    0.000000] ACPI: FACS 0x00000000BCF9C000 000040
May 31 23:13:44 gchinellato-ubuntu kernel: [    0.000000] ACPI: BOOT 0x00000000BCFFD000 000028 (v01                 00000001 PTL  00000001)
May 31 23:13:44 gchinellato-ubuntu kernel: [    0.000000] ACPI: ASF! 0x00000000BCFFC000 0000A5 (v32 DELL   QA09     00000002 LOHR 00000002)
May 31 23:13:44 gchinellato-ubuntu kernel: [    0.000000] ACPI: HPET 0x00000000BCFF9000 000038 (v01 DELL   QA09     00000002 LOHR 00000002)
May 31 23:13:44 gchinellato-ubuntu kernel: [    0.000000] ACPI: LPIT 0x00000000BCFF8000 000094 (v01 DELL   QA09     00000002 LOHR 00000002)
May 31 23:13:44 gchinellato-ubuntu kernel: [    0.000000] ACPI: APIC 0x00000000BCFF7000 000098 (v01 DELL   QA09     00000002 LOHR 00000002)
May 31 23:13:44 gchinellato-ubuntu kernel: [    0.000000] ACPI: MCFG 0x00000000BCFF6000 00003C (v01 DELL   QA09     00000002 LOHR 00000002)
May 31 23:13:44 gchinellato-ubuntu kernel: [    0.000000] ACPI: SSDT 0x00000000BCFE8000 000166 (v01 DELL   PtidDevc 00001000 INTL 20120711)
May 31 23:13:44 gchinellato-ubuntu kernel: [    0.000000] ACPI: SSDT 0x00000000BCFE7000 000539 (v01 DELL   Cpu0Ist  00003000 INTL 20120711)
May 31 23:13:44 gchinellato-ubuntu kernel: [    0.000000] ACPI: SSDT 0x00000000BCFE6000 000AD8 (v01 DELL   CpuPm    00003000 INTL 20120711)
May 31 23:13:44 gchinellato-ubuntu kernel: [    0.000000] ACPI: SSDT 0x00000000BCFE2000 003688 (v01 DELL   SaSsdt   00003000 INTL 20120711)
May 31 23:13:44 gchinellato-ubuntu kernel: [    0.000000] ACPI: UEFI 0x00000000BCFE1000 000042 (v01 DELL   QA09     00000002 LOHR 00000002)
May 31 23:13:44 gchinellato-ubuntu kernel: [    0.000000] ACPI: MSDM 0x00000000BCF77000 000055 (v03 DELL   QA09     00000002 LOHR 00000002)
May 31 23:13:44 gchinellato-ubuntu kernel: [    0.000000] ACPI: BATB 0x00000000BCFE0000 000046 (v01 DELL   QA09     00000002 LOHR 00000002)
May 31 23:13:44 gchinellato-ubuntu kernel: [    0.000000] ACPI: FPDT 0x00000000BCFDF000 000064 (v01 DELL   QA09     00000002 LOHR 00000002)
May 31 23:13:44 gchinellato-ubuntu kernel: [    0.000000] ACPI: SLIC 0x00000000BCFDE000 000176 (v01 DELL   QA09     00000002 LOHR 00000002)
May 31 23:13:44 gchinellato-ubuntu kernel: [    0.000000] ACPI: SSDT 0x00000000BCFDC000 00105E (v01 NvORef NvUltTbl 00001000 INTL 20120711)
May 31 23:13:44 gchinellato-ubuntu kernel: [    0.000000] ACPI: UEFI 0x00000000BCFDB000 0002BA (v01 DELL   QA09     00000002 LOHR 00000002)
May 31 23:13:44 gchinellato-ubuntu kernel: [    0.000000] ACPI: CSRT 0x00000000BCFD9000 0000C4 (v01 DELL   QA09     00000002 LOHR 00000002)
May 31 23:13:44 gchinellato-ubuntu kernel: [    0.000000] ACPI: Local APIC address 0xfee00000
May 31 23:13:44 gchinellato-ubuntu kernel: [    0.000000] No NUMA configuration found
May 31 23:13:44 gchinellato-ubuntu kernel: [    0.000000] Faking a node at [mem 0x0000000000000000-0x000000023f5fffff]
May 31 23:13:44 gchinellato-ubuntu kernel: [    0.000000] NODE_DATA(0) allocated [mem 0x23f5fc000-0x23f5fffff]
May 31 23:13:44 gchinellato-ubuntu kernel: [    0.000000] Zone ranges:
May 31 23:13:44 gchinellato-ubuntu kernel: [    0.000000]   DMA      [mem 0x0000000000001000-0x0000000000ffffff]
May 31 23:13:44 gchinellato-ubuntu kernel: [    0.000000]   DMA32    [mem 0x0000000001000000-0x00000000ffffffff]
May 31 23:13:44 gchinellato-ubuntu kernel: [    0.000000]   Normal   [mem 0x0000000100000000-0x000000023f5fffff]
May 31 23:13:44 gchinellato-ubuntu kernel: [    0.000000] Movable zone start for each node
May 31 23:13:44 gchinellato-ubuntu kernel: [    0.000000] Early memory node ranges
May 31 23:13:44 gchinellato-ubuntu kernel: [    0.000000]   node   0: [mem 0x0000000000001000-0x000000000009cfff]
May 31 23:13:44 gchinellato-ubuntu kernel: [    0.000000]   node   0: [mem 0x0000000000100000-0x00000000a498dfff]
May 31 23:13:44 gchinellato-ubuntu kernel: [    0.000000]   node   0: [mem 0x00000000a4b90000-0x00000000bad78fff]
May 31 23:13:44 gchinellato-ubuntu kernel: [    0.000000]   node   0: [mem 0x00000000bcfff000-0x00000000bcffffff]
May 31 23:13:44 gchinellato-ubuntu kernel: [    0.000000]   node   0: [mem 0x0000000100000000-0x000000023f5fffff]
May 31 23:13:44 gchinellato-ubuntu kernel: [    0.000000] Initmem setup node 0 [mem 0x0000000000001000-0x000000023f5fffff]
May 31 23:13:44 gchinellato-ubuntu kernel: [    0.000000] On node 0 totalpages: 2072852
May 31 23:13:44 gchinellato-ubuntu kernel: [    0.000000]   DMA zone: 64 pages used for memmap
May 31 23:13:44 gchinellato-ubuntu kernel: [    0.000000]   DMA zone: 21 pages reserved
May 31 23:13:44 gchinellato-ubuntu kernel: [    0.000000]   DMA zone: 3996 pages, LIFO batch:0
May 31 23:13:44 gchinellato-ubuntu kernel: [    0.000000]   DMA32 zone: 11886 pages used for memmap
May 31 23:13:44 gchinellato-ubuntu kernel: [    0.000000]   DMA32 zone: 760696 pages, LIFO batch:31
May 31 23:13:44 gchinellato-ubuntu kernel: [    0.000000]   Normal zone: 20440 pages used for memmap
May 31 23:13:44 gchinellato-ubuntu kernel: [    0.000000]   Normal zone: 1308160 pages, LIFO batch:31
May 31 23:13:44 gchinellato-ubuntu kernel: [    0.000000] Reserving Intel graphics memory at 0x00000000bda00000-0x00000000bf9fffff
May 31 23:13:44 gchinellato-ubuntu kernel: [    0.000000] ACPI: PM-Timer IO Port: 0x1808
May 31 23:13:44 gchinellato-ubuntu kernel: [    0.000000] ACPI: Local APIC address 0xfee00000
May 31 23:13:44 gchinellato-ubuntu kernel: [    0.000000] ACPI: LAPIC_NMI (acpi_id[0x00] high edge lint[0x1])
May 31 23:13:44 gchinellato-ubuntu kernel: [    0.000000] ACPI: LAPIC_NMI (acpi_id[0x01] high edge lint[0x1])
May 31 23:13:44 gchinellato-ubuntu kernel: [    0.000000] IOAPIC[0]: apic_id 2, version 32, address 0xfec00000, GSI 0-39
May 31 23:13:44 gchinellato-ubuntu kernel: [    0.000000] ACPI: INT_SRC_OVR (bus 0 bus_irq 0 global_irq 2 dfl dfl)
May 31 23:13:44 gchinellato-ubuntu kernel: [    0.000000] ACPI: INT_SRC_OVR (bus 0 bus_irq 9 global_irq 9 high level)
May 31 23:13:44 gchinellato-ubuntu kernel: [    0.000000] ACPI: IRQ0 used by override.
May 31 23:13:44 gchinellato-ubuntu kernel: [    0.000000] ACPI: IRQ9 used by override.
May 31 23:13:44 gchinellato-ubuntu kernel: [    0.000000] Using ACPI (MADT) for SMP configuration information
May 31 23:13:44 gchinellato-ubuntu kernel: [    0.000000] ACPI: HPET id: 0x8086a301 base: 0xfed00000
May 31 23:13:44 gchinellato-ubuntu kernel: [    0.000000] smpboot: Allowing 8 CPUs, 4 hotplug CPUs
May 31 23:13:44 gchinellato-ubuntu kernel: [    0.000000] PM: Registered nosave memory: [mem 0x00000000-0x00000fff]
May 31 23:13:44 gchinellato-ubuntu kernel: [    0.000000] PM: Registered nosave memory: [mem 0x0009d000-0x0009ffff]
May 31 23:13:44 gchinellato-ubuntu kernel: [    0.000000] PM: Registered nosave memory: [mem 0x000a0000-0x000dffff]
May 31 23:13:44 gchinellato-ubuntu kernel: [    0.000000] PM: Registered nosave memory: [mem 0x000e0000-0x000fffff]
May 31 23:13:44 gchinellato-ubuntu kernel: [    0.000000] PM: Registered nosave memory: [mem 0xa498e000-0xa4b8ffff]
May 31 23:13:44 gchinellato-ubuntu kernel: [    0.000000] PM: Registered nosave memory: [mem 0xbad79000-0xbce8efff]
May 31 23:13:44 gchinellato-ubuntu kernel: [    0.000000] PM: Registered nosave memory: [mem 0xbce8f000-0xbcf9efff]
May 31 23:13:44 gchinellato-ubuntu kernel: [    0.000000] PM: Registered nosave memory: [mem 0xbcf9f000-0xbcffefff]
May 31 23:13:44 gchinellato-ubuntu kernel: [    0.000000] PM: Registered nosave memory: [mem 0xbd000000-0xbf9fffff]
May 31 23:13:44 gchinellato-ubuntu kernel: [    0.000000] PM: Registered nosave memory: [mem 0xbfa00000-0xf7ffffff]
May 31 23:13:44 gchinellato-ubuntu kernel: [    0.000000] PM: Registered nosave memory: [mem 0xf8000000-0xfbffffff]
May 31 23:13:44 gchinellato-ubuntu kernel: [    0.000000] PM: Registered nosave memory: [mem 0xfc000000-0xfe100fff]
May 31 23:13:44 gchinellato-ubuntu kernel: [    0.000000] PM: Registered nosave memory: [mem 0xfe101000-0xfe112fff]
May 31 23:13:44 gchinellato-ubuntu kernel: [    0.000000] PM: Registered nosave memory: [mem 0xfe113000-0xfebfffff]
May 31 23:13:44 gchinellato-ubuntu kernel: [    0.000000] PM: Registered nosave memory: [mem 0xfec00000-0xfec00fff]
May 31 23:13:44 gchinellato-ubuntu kernel: [    0.000000] PM: Registered nosave memory: [mem 0xfec01000-0xfed07fff]
May 31 23:13:44 gchinellato-ubuntu kernel: [    0.000000] PM: Registered nosave memory: [mem 0xfed08000-0xfed08fff]
May 31 23:13:44 gchinellato-ubuntu kernel: [    0.000000] PM: Registered nosave memory: [mem 0xfed09000-0xfed0ffff]
May 31 23:13:44 gchinellato-ubuntu kernel: [    0.000000] PM: Registered nosave memory: [mem 0xfed10000-0xfed19fff]
May 31 23:13:44 gchinellato-ubuntu kernel: [    0.000000] PM: Registered nosave memory: [mem 0xfed1a000-0xfed1bfff]
May 31 23:13:44 gchinellato-ubuntu kernel: [    0.000000] PM: Registered nosave memory: [mem 0xfed1c000-0xfed1ffff]
May 31 23:13:44 gchinellato-ubuntu kernel: [    0.000000] PM: Registered nosave memory: [mem 0xfed20000-0xfedfffff]
May 31 23:13:44 gchinellato-ubuntu kernel: [    0.000000] PM: Registered nosave memory: [mem 0xfee00000-0xfee00fff]
May 31 23:13:44 gchinellato-ubuntu kernel: [    0.000000] PM: Registered nosave memory: [mem 0xfee01000-0xff97ffff]
May 31 23:13:44 gchinellato-ubuntu kernel: [    0.000000] PM: Registered nosave memory: [mem 0xff980000-0xffffffff]
May 31 23:13:44 gchinellato-ubuntu kernel: [    0.000000] e820: [mem 0xbfa00000-0xf7ffffff] available for PCI devices
May 31 23:13:44 gchinellato-ubuntu kernel: [    0.000000] clocksource: refined-jiffies: mask: 0xffffffff max_cycles: 0xffffffff, max_idle_ns: 1910969940391419 ns
May 31 23:13:44 gchinellato-ubuntu kernel: [    0.000000] setup_percpu: NR_CPUS:64 nr_cpumask_bits:64 nr_cpu_ids:8 nr_node_ids:1
May 31 23:13:44 gchinellato-ubuntu kernel: [    0.000000] percpu: Embedded 36 pages/cpu @ffff94ae7f200000 s110552 r8192 d28712 u262144
May 31 23:13:44 gchinellato-ubuntu kernel: [    0.000000] pcpu-alloc: s110552 r8192 d28712 u262144 alloc=1*2097152
May 31 23:13:44 gchinellato-ubuntu kernel: [    0.000000] pcpu-alloc: [0] 0 1 2 3 4 5 6 7 
May 31 23:13:44 gchinellato-ubuntu kernel: [    0.000000] Built 1 zonelists in Node order, mobility grouping on.  Total pages: 2040441
May 31 23:13:44 gchinellato-ubuntu kernel: [    0.000000] Policy zone: Normal
May 31 23:13:44 gchinellato-ubuntu kernel: [    0.000000] Kernel command line: BOOT_IMAGE=/boot/vmlinuz-4.12.0-rc3-00021-gd602fb6 root=UUID=992a1f60-f740-4cfc-82d5-2ae100a5645e ro acpi=force
May 31 23:13:44 gchinellato-ubuntu kernel: [    0.000000] PID hash table entries: 4096 (order: 3, 32768 bytes)
May 31 23:13:44 gchinellato-ubuntu kernel: [    0.000000] Calgary: detecting Calgary via BIOS EBDA area
May 31 23:13:44 gchinellato-ubuntu kernel: [    0.000000] Calgary: Unable to locate Rio Grande table in EBDA - bailing!
May 31 23:13:44 gchinellato-ubuntu kernel: [    0.000000] Memory: 8072720K/8291408K available (9495K kernel code, 1285K rwdata, 2884K rodata, 1204K init, 688K bss, 218688K reserved, 0K cma-reserved)
May 31 23:13:44 gchinellato-ubuntu kernel: [    0.000000] SLUB: HWalign=64, Order=0-3, MinObjects=0, CPUs=8, Nodes=1
May 31 23:13:44 gchinellato-ubuntu kernel: [    0.000000] Hierarchical RCU implementation.
May 31 23:13:44 gchinellato-ubuntu kernel: [    0.000000] 	RCU debugfs-based tracing is enabled.
May 31 23:13:44 gchinellato-ubuntu kernel: [    0.000000] 	RCU restricting CPUs from NR_CPUS=64 to nr_cpu_ids=8.
May 31 23:13:44 gchinellato-ubuntu kernel: [    0.000000] RCU: Adjusting geometry for rcu_fanout_leaf=16, nr_cpu_ids=8
May 31 23:13:44 gchinellato-ubuntu kernel: [    0.000000] NR_IRQS:4352 nr_irqs:760 16
May 31 23:13:44 gchinellato-ubuntu kernel: [    0.000000] Console: colour dummy device 80x25
May 31 23:13:44 gchinellato-ubuntu kernel: [    0.000000] console [tty0] enabled
May 31 23:13:44 gchinellato-ubuntu kernel: [    0.000000] clocksource: hpet: mask: 0xffffffff max_cycles: 0xffffffff, max_idle_ns: 133484882848 ns
May 31 23:13:44 gchinellato-ubuntu kernel: [    0.000000] hpet clockevent registered
May 31 23:13:44 gchinellato-ubuntu kernel: [    0.000000] tsc: Fast TSC calibration using PIT
May 31 23:13:44 gchinellato-ubuntu kernel: [    0.001000] tsc: Detected 2394.524 MHz processor
May 31 23:13:44 gchinellato-ubuntu kernel: [    0.001000] Calibrating delay loop (skipped), value calculated using timer frequency.. 4789.04 BogoMIPS (lpj=2394524)
May 31 23:13:44 gchinellato-ubuntu kernel: [    0.001000] pid_max: default: 32768 minimum: 301
May 31 23:13:44 gchinellato-ubuntu kernel: [    0.001000] ACPI: Core revision 20170303
May 31 23:13:44 gchinellato-ubuntu kernel: [    0.013892] ACPI: 6 ACPI AML tables successfully acquired and loaded
May 31 23:13:44 gchinellato-ubuntu kernel: [    0.013916] Security Framework initialized
May 31 23:13:44 gchinellato-ubuntu kernel: [    0.013920] SELinux:  Initializing.
May 31 23:13:44 gchinellato-ubuntu kernel: [    0.013930] SELinux:  Starting in permissive mode
May 31 23:13:44 gchinellato-ubuntu kernel: [    0.014390] Dentry cache hash table entries: 1048576 (order: 11, 8388608 bytes)
May 31 23:13:44 gchinellato-ubuntu kernel: [    0.016355] Inode-cache hash table entries: 524288 (order: 10, 4194304 bytes)
May 31 23:13:44 gchinellato-ubuntu kernel: [    0.017225] Mount-cache hash table entries: 16384 (order: 5, 131072 bytes)
May 31 23:13:44 gchinellato-ubuntu kernel: [    0.017237] Mountpoint-cache hash table entries: 16384 (order: 5, 131072 bytes)
May 31 23:13:44 gchinellato-ubuntu kernel: [    0.017467] CPU: Physical Processor ID: 0
May 31 23:13:44 gchinellato-ubuntu kernel: [    0.017471] CPU: Processor Core ID: 0
May 31 23:13:44 gchinellato-ubuntu kernel: [    0.017477] ENERGY_PERF_BIAS: Set to 'normal', was 'performance'
May 31 23:13:44 gchinellato-ubuntu kernel: [    0.017481] ENERGY_PERF_BIAS: View and update with x86_energy_perf_policy(8)
May 31 23:13:44 gchinellato-ubuntu kernel: [    0.017488] mce: CPU supports 7 MCE banks
May 31 23:13:44 gchinellato-ubuntu kernel: [    0.017501] CPU0: Thermal monitoring enabled (TM1)
May 31 23:13:44 gchinellato-ubuntu kernel: [    0.017517] process: using mwait in idle threads
May 31 23:13:44 gchinellato-ubuntu kernel: [    0.017523] Last level iTLB entries: 4KB 1024, 2MB 1024, 4MB 1024
May 31 23:13:44 gchinellato-ubuntu kernel: [    0.017526] Last level dTLB entries: 4KB 1024, 2MB 1024, 4MB 1024, 1GB 4
May 31 23:13:44 gchinellato-ubuntu kernel: [    0.018932] Freeing SMP alternatives memory: 32K
May 31 23:13:44 gchinellato-ubuntu kernel: [    0.019069] smpboot: Max logical packages: 4
May 31 23:13:44 gchinellato-ubuntu kernel: [    0.019653] ..TIMER: vector=0x30 apic1=0 pin1=2 apic2=-1 pin2=-1
May 31 23:13:44 gchinellato-ubuntu kernel: [    0.029901] TSC deadline timer enabled
May 31 23:13:44 gchinellato-ubuntu kernel: [    0.029904] smpboot: CPU0: Intel(R) Core(TM) i7-4500U CPU @ 1.80GHz (family: 0x6, model: 0x45, stepping: 0x1)
May 31 23:13:44 gchinellato-ubuntu kernel: [    0.029972] Performance Events: PEBS fmt2+, Haswell events, 16-deep LBR, full-width counters, Intel PMU driver.
May 31 23:13:44 gchinellato-ubuntu kernel: [    0.030000] ... version:                3
May 31 23:13:44 gchinellato-ubuntu kernel: [    0.030000] ... bit width:              48
May 31 23:13:44 gchinellato-ubuntu kernel: [    0.030000] ... generic registers:      4
May 31 23:13:44 gchinellato-ubuntu kernel: [    0.030000] ... value mask:             0000ffffffffffff
May 31 23:13:44 gchinellato-ubuntu kernel: [    0.030000] ... max period:             00007fffffffffff
May 31 23:13:44 gchinellato-ubuntu kernel: [    0.030000] ... fixed-purpose events:   3
May 31 23:13:44 gchinellato-ubuntu kernel: [    0.030000] ... event mask:             000000070000000f
May 31 23:13:44 gchinellato-ubuntu kernel: [    0.030000] smp: Bringing up secondary CPUs ...
May 31 23:13:44 gchinellato-ubuntu kernel: [    0.030000] x86: Booting SMP configuration:
May 31 23:13:44 gchinellato-ubuntu kernel: [    0.030000] .... node  #0, CPUs:      #1 #2 #3
May 31 23:13:44 gchinellato-ubuntu kernel: [    0.210022] smp: Brought up 1 node, 4 CPUs
May 31 23:13:44 gchinellato-ubuntu kernel: [    0.210022] smpboot: Total of 4 processors activated (19174.84 BogoMIPS)
May 31 23:13:44 gchinellato-ubuntu kernel: [    0.211079] sched_clock: Marking stable (211000000, 0)->(214318276, -3318276)
May 31 23:13:44 gchinellato-ubuntu kernel: [    0.211393] devtmpfs: initialized
May 31 23:13:44 gchinellato-ubuntu kernel: [    0.211591] PM: Registering ACPI NVS region [mem 0xbce8f000-0xbcf9efff] (1114112 bytes)
May 31 23:13:44 gchinellato-ubuntu kernel: [    0.211683] clocksource: jiffies: mask: 0xffffffff max_cycles: 0xffffffff, max_idle_ns: 1911260446275000 ns
May 31 23:13:44 gchinellato-ubuntu kernel: [    0.211701] futex hash table entries: 2048 (order: 5, 131072 bytes)
May 31 23:13:44 gchinellato-ubuntu kernel: [    0.211707] kworker/u16:0 (30) used greatest stack depth: 14848 bytes left
May 31 23:13:44 gchinellato-ubuntu kernel: [    0.211783] RTC time: 23:13:33, date: 05/31/17
May 31 23:13:44 gchinellato-ubuntu kernel: [    0.211887] NET: Registered protocol family 16
May 31 23:13:44 gchinellato-ubuntu kernel: [    0.212096] kworker/u16:0 (35) used greatest stack depth: 14168 bytes left
May 31 23:13:44 gchinellato-ubuntu kernel: [    0.212150] cpuidle: using governor menu
May 31 23:13:44 gchinellato-ubuntu kernel: [    0.212158] PCCT header not found.
May 31 23:13:44 gchinellato-ubuntu kernel: [    0.212201] Simple Boot Flag at 0x66 set to 0x1
May 31 23:13:44 gchinellato-ubuntu kernel: [    0.212217] ACPI: bus type PCI registered
May 31 23:13:44 gchinellato-ubuntu kernel: [    0.212289] PCI: MMCONFIG for domain 0000 [bus 00-3f] at [mem 0xf8000000-0xfbffffff] (base 0xf8000000)
May 31 23:13:44 gchinellato-ubuntu kernel: [    0.212308] PCI: MMCONFIG at [mem 0xf8000000-0xfbffffff] reserved in E820
May 31 23:13:44 gchinellato-ubuntu kernel: [    0.212319] PCI: Using configuration type 1 for base access
May 31 23:13:44 gchinellato-ubuntu kernel: [    0.212328] dmi type 0xB1 record - unknown flag
May 31 23:13:44 gchinellato-ubuntu kernel: [    0.212379] core: PMU erratum BJ122, BV98, HSD29 worked around, HT is on
May 31 23:13:44 gchinellato-ubuntu kernel: [    0.217014] HugeTLB registered 2 MB page size, pre-allocated 0 pages
May 31 23:13:44 gchinellato-ubuntu kernel: [    0.217162] ACPI: Added _OSI(Module Device)
May 31 23:13:44 gchinellato-ubuntu kernel: [    0.217167] ACPI: Added _OSI(Processor Device)
May 31 23:13:44 gchinellato-ubuntu kernel: [    0.217170] ACPI: Added _OSI(3.0 _SCP Extensions)
May 31 23:13:44 gchinellato-ubuntu kernel: [    0.217174] ACPI: Added _OSI(Processor Aggregator Device)
May 31 23:13:44 gchinellato-ubuntu kernel: [    0.217403] ACPI: Executed 1 blocks of module-level executable AML code
May 31 23:13:44 gchinellato-ubuntu kernel: [    0.222945] ACPI: [Firmware Bug]: BIOS _OSI(Linux) query ignored
May 31 23:13:44 gchinellato-ubuntu kernel: [    0.224226] ACPI: Dynamic OEM Table Load:
May 31 23:13:44 gchinellato-ubuntu kernel: [    0.224240] ACPI: SSDT 0xFFFF94AE75711C00 0003D3 (v01 PmRef  Cpu0Cst  00003001 INTL 20120711)
May 31 23:13:44 gchinellato-ubuntu kernel: [    0.224617] ACPI: Dynamic OEM Table Load:
May 31 23:13:44 gchinellato-ubuntu kernel: [    0.224630] ACPI: SSDT 0xFFFF94AE75650000 0005AA (v01 PmRef  ApIst    00003000 INTL 20120711)
May 31 23:13:44 gchinellato-ubuntu kernel: [    0.225039] ACPI: Dynamic OEM Table Load:
May 31 23:13:44 gchinellato-ubuntu kernel: [    0.225050] ACPI: SSDT 0xFFFF94AE75B70000 000119 (v01 PmRef  ApCst    00003000 INTL 20120711)
May 31 23:13:44 gchinellato-ubuntu kernel: [    0.225899] ACPI : EC: EC started
May 31 23:13:44 gchinellato-ubuntu kernel: [    0.225903] ACPI : EC: interrupt blocked
May 31 23:13:44 gchinellato-ubuntu kernel: [    0.227333] ACPI: \_SB_.PCI0.LPCB.EC0_: Used as first EC
May 31 23:13:44 gchinellato-ubuntu kernel: [    0.227338] ACPI: \_SB_.PCI0.LPCB.EC0_: GPE=0xa, EC_CMD/EC_SC=0x66, EC_DATA=0x62
May 31 23:13:44 gchinellato-ubuntu kernel: [    0.227344] ACPI: \_SB_.PCI0.LPCB.EC0_: Used as boot DSDT EC to handle transactions
May 31 23:13:44 gchinellato-ubuntu kernel: [    0.227350] ACPI: Interpreter enabled
May 31 23:13:44 gchinellato-ubuntu kernel: [    0.227385] ACPI: (supports S0 S1 S3 S4 S5)
May 31 23:13:44 gchinellato-ubuntu kernel: [    0.227388] ACPI: Using IOAPIC for interrupt routing
May 31 23:13:44 gchinellato-ubuntu kernel: [    0.227424] PCI: Using host bridge windows from ACPI; if necessary, use "pci=nocrs" and report a bug
May 31 23:13:44 gchinellato-ubuntu kernel: [    0.239180] ACPI: PCI Root Bridge [PCI0] (domain 0000 [bus 00-3e])
May 31 23:13:44 gchinellato-ubuntu kernel: [    0.239190] acpi PNP0A08:00: _OSC: OS supports [ExtendedConfig ASPM ClockPM Segments MSI]
May 31 23:13:44 gchinellato-ubuntu kernel: [    0.239341] acpi PNP0A08:00: _OSC failed (AE_ERROR); disabling ASPM
May 31 23:13:44 gchinellato-ubuntu kernel: [    0.239672] PCI host bridge to bus 0000:00
May 31 23:13:44 gchinellato-ubuntu kernel: [    0.239680] pci_bus 0000:00: root bus resource [io  0x0000-0x0cf7 window]
May 31 23:13:44 gchinellato-ubuntu kernel: [    0.239687] pci_bus 0000:00: root bus resource [io  0x0d00-0xffff window]
May 31 23:13:44 gchinellato-ubuntu kernel: [    0.239692] pci_bus 0000:00: root bus resource [mem 0x000a0000-0x000bffff window]
May 31 23:13:44 gchinellato-ubuntu kernel: [    0.239697] pci_bus 0000:00: root bus resource [mem 0xbfa00000-0xfeafffff window]
May 31 23:13:44 gchinellato-ubuntu kernel: [    0.239703] pci_bus 0000:00: root bus resource [bus 00-3e]
May 31 23:13:44 gchinellato-ubuntu kernel: [    0.239715] pci 0000:00:00.0: [8086:0a04] type 00 class 0x060000
May 31 23:13:44 gchinellato-ubuntu kernel: [    0.239901] pci 0000:00:02.0: [8086:0a16] type 00 class 0x030000
May 31 23:13:44 gchinellato-ubuntu kernel: [    0.239915] pci 0000:00:02.0: reg 0x10: [mem 0xf1000000-0xf13fffff 64bit]
May 31 23:13:44 gchinellato-ubuntu kernel: [    0.239922] pci 0000:00:02.0: reg 0x18: [mem 0xe0000000-0xefffffff 64bit pref]
May 31 23:13:44 gchinellato-ubuntu kernel: [    0.239927] pci 0000:00:02.0: reg 0x20: [io  0x6000-0x603f]
May 31 23:13:44 gchinellato-ubuntu kernel: [    0.240140] pci 0000:00:03.0: [8086:0a0c] type 00 class 0x040300
May 31 23:13:44 gchinellato-ubuntu kernel: [    0.240152] pci 0000:00:03.0: reg 0x10: [mem 0xf2610000-0xf2613fff 64bit]
May 31 23:13:44 gchinellato-ubuntu kernel: [    0.240358] pci 0000:00:14.0: [8086:9c31] type 00 class 0x0c0330
May 31 23:13:44 gchinellato-ubuntu kernel: [    0.240375] pci 0000:00:14.0: reg 0x10: [mem 0xf2600000-0xf260ffff 64bit]
May 31 23:13:44 gchinellato-ubuntu kernel: [    0.240435] pci 0000:00:14.0: PME# supported from D3hot D3cold
May 31 23:13:44 gchinellato-ubuntu kernel: [    0.240560] pci 0000:00:14.0: System wakeup disabled by ACPI
May 31 23:13:44 gchinellato-ubuntu kernel: [    0.240602] pci 0000:00:16.0: [8086:9c3a] type 00 class 0x078000
May 31 23:13:44 gchinellato-ubuntu kernel: [    0.240622] pci 0000:00:16.0: reg 0x10: [mem 0xf2619000-0xf261901f 64bit]
May 31 23:13:44 gchinellato-ubuntu kernel: [    0.240693] pci 0000:00:16.0: PME# supported from D0 D3hot D3cold
May 31 23:13:44 gchinellato-ubuntu kernel: [    0.240858] pci 0000:00:1b.0: [8086:9c20] type 00 class 0x040300
May 31 23:13:44 gchinellato-ubuntu kernel: [    0.240874] pci 0000:00:1b.0: reg 0x10: [mem 0xf2614000-0xf2617fff 64bit]
May 31 23:13:44 gchinellato-ubuntu kernel: [    0.240943] pci 0000:00:1b.0: PME# supported from D0 D3hot D3cold
May 31 23:13:44 gchinellato-ubuntu kernel: [    0.241068] pci 0000:00:1b.0: System wakeup disabled by ACPI
May 31 23:13:44 gchinellato-ubuntu kernel: [    0.241121] pci 0000:00:1c.0: [8086:9c10] type 01 class 0x060400
May 31 23:13:44 gchinellato-ubuntu kernel: [    0.241188] pci 0000:00:1c.0: PME# supported from D0 D3hot D3cold
May 31 23:13:44 gchinellato-ubuntu kernel: [    0.241358] pci 0000:00:1c.0: System wakeup disabled by ACPI
May 31 23:13:44 gchinellato-ubuntu kernel: [    0.241395] pci 0000:00:1c.1: [8086:9c12] type 01 class 0x060400
May 31 23:13:44 gchinellato-ubuntu kernel: [    0.241463] pci 0000:00:1c.1: PME# supported from D0 D3hot D3cold
May 31 23:13:44 gchinellato-ubuntu kernel: [    0.241622] pci 0000:00:1c.1: System wakeup disabled by ACPI
May 31 23:13:44 gchinellato-ubuntu kernel: [    0.241658] pci 0000:00:1c.2: [8086:9c14] type 01 class 0x060400
May 31 23:13:44 gchinellato-ubuntu kernel: [    0.241725] pci 0000:00:1c.2: PME# supported from D0 D3hot D3cold
May 31 23:13:44 gchinellato-ubuntu kernel: [    0.241884] pci 0000:00:1c.2: System wakeup disabled by ACPI
May 31 23:13:44 gchinellato-ubuntu kernel: [    0.241921] pci 0000:00:1c.3: [8086:9c16] type 01 class 0x060400
May 31 23:13:44 gchinellato-ubuntu kernel: [    0.241987] pci 0000:00:1c.3: PME# supported from D0 D3hot D3cold
May 31 23:13:44 gchinellato-ubuntu kernel: [    0.242153] pci 0000:00:1c.3: System wakeup disabled by ACPI
May 31 23:13:44 gchinellato-ubuntu kernel: [    0.242189] pci 0000:00:1c.4: [8086:9c18] type 01 class 0x060400
May 31 23:13:44 gchinellato-ubuntu kernel: [    0.242256] pci 0000:00:1c.4: PME# supported from D0 D3hot D3cold
May 31 23:13:44 gchinellato-ubuntu kernel: [    0.242413] pci 0000:00:1c.4: System wakeup disabled by ACPI
May 31 23:13:44 gchinellato-ubuntu kernel: [    0.242454] pci 0000:00:1d.0: [8086:9c26] type 00 class 0x0c0320
May 31 23:13:44 gchinellato-ubuntu kernel: [    0.242472] pci 0000:00:1d.0: reg 0x10: [mem 0xf261d000-0xf261d3ff]
May 31 23:13:44 gchinellato-ubuntu kernel: [    0.242560] pci 0000:00:1d.0: PME# supported from D0 D3hot D3cold
May 31 23:13:44 gchinellato-ubuntu kernel: [    0.242697] pci 0000:00:1d.0: System wakeup disabled by ACPI
May 31 23:13:44 gchinellato-ubuntu kernel: [    0.242736] pci 0000:00:1f.0: [8086:9c43] type 00 class 0x060100
May 31 23:13:44 gchinellato-ubuntu kernel: [    0.242994] pci 0000:00:1f.2: [8086:9c03] type 00 class 0x010601
May 31 23:13:44 gchinellato-ubuntu kernel: [    0.243007] pci 0000:00:1f.2: reg 0x10: [io  0x6088-0x608f]
May 31 23:13:44 gchinellato-ubuntu kernel: [    0.243014] pci 0000:00:1f.2: reg 0x14: [io  0x6094-0x6097]
May 31 23:13:44 gchinellato-ubuntu kernel: [    0.243021] pci 0000:00:1f.2: reg 0x18: [io  0x6080-0x6087]
May 31 23:13:44 gchinellato-ubuntu kernel: [    0.243028] pci 0000:00:1f.2: reg 0x1c: [io  0x6090-0x6093]
May 31 23:13:44 gchinellato-ubuntu kernel: [    0.243035] pci 0000:00:1f.2: reg 0x20: [io  0x6060-0x607f]
May 31 23:13:44 gchinellato-ubuntu kernel: [    0.243042] pci 0000:00:1f.2: reg 0x24: [mem 0xf261c000-0xf261c7ff]
May 31 23:13:44 gchinellato-ubuntu kernel: [    0.243077] pci 0000:00:1f.2: PME# supported from D3hot
May 31 23:13:44 gchinellato-ubuntu kernel: [    0.243244] pci 0000:00:1f.3: [8086:9c22] type 00 class 0x0c0500
May 31 23:13:44 gchinellato-ubuntu kernel: [    0.243260] pci 0000:00:1f.3: reg 0x10: [mem 0xf2618000-0xf26180ff 64bit]
May 31 23:13:44 gchinellato-ubuntu kernel: [    0.243281] pci 0000:00:1f.3: reg 0x20: [io  0xefa0-0xefbf]
May 31 23:13:44 gchinellato-ubuntu kernel: [    0.243490] pci 0000:00:1c.0: PCI bridge to [bus 01]
May 31 23:13:44 gchinellato-ubuntu kernel: [    0.243556] pci 0000:02:00.0: [10ec:5227] type 00 class 0xff0000
May 31 23:13:44 gchinellato-ubuntu kernel: [    0.243582] pci 0000:02:00.0: reg 0x10: [mem 0xf1e00000-0xf1e00fff]
May 31 23:13:44 gchinellato-ubuntu kernel: [    0.243720] pci 0000:02:00.0: supports D1 D2
May 31 23:13:44 gchinellato-ubuntu kernel: [    0.243721] pci 0000:02:00.0: PME# supported from D1 D2 D3hot D3cold
May 31 23:13:44 gchinellato-ubuntu kernel: [    0.243756] pci 0000:02:00.0: System wakeup disabled by ACPI
May 31 23:13:44 gchinellato-ubuntu kernel: [    0.246140] pci 0000:00:1c.1: PCI bridge to [bus 02-06]
May 31 23:13:44 gchinellato-ubuntu kernel: [    0.246147] pci 0000:00:1c.1:   bridge window [io  0x5000-0x5fff]
May 31 23:13:44 gchinellato-ubuntu kernel: [    0.246150] pci 0000:00:1c.1:   bridge window [mem 0xf1e00000-0xf25fffff]
May 31 23:13:44 gchinellato-ubuntu kernel: [    0.246155] pci 0000:00:1c.1:   bridge window [mem 0xf1400000-0xf1bfffff 64bit pref]
May 31 23:13:44 gchinellato-ubuntu kernel: [    0.246210] pci 0000:07:00.0: [10ec:8168] type 00 class 0x020000
May 31 23:13:44 gchinellato-ubuntu kernel: [    0.246235] pci 0000:07:00.0: reg 0x10: [io  0x4000-0x40ff]
May 31 23:13:44 gchinellato-ubuntu kernel: [    0.246264] pci 0000:07:00.0: reg 0x18: [mem 0xf1d04000-0xf1d04fff 64bit]
May 31 23:13:44 gchinellato-ubuntu kernel: [    0.246282] pci 0000:07:00.0: reg 0x20: [mem 0xf1d00000-0xf1d03fff 64bit]
May 31 23:13:44 gchinellato-ubuntu kernel: [    0.246381] pci 0000:07:00.0: supports D1 D2
May 31 23:13:44 gchinellato-ubuntu kernel: [    0.246382] pci 0000:07:00.0: PME# supported from D0 D1 D2 D3hot D3cold
May 31 23:13:44 gchinellato-ubuntu kernel: [    0.246419] pci 0000:07:00.0: System wakeup disabled by ACPI
May 31 23:13:44 gchinellato-ubuntu kernel: [    0.249144] pci 0000:00:1c.2: PCI bridge to [bus 07]
May 31 23:13:44 gchinellato-ubuntu kernel: [    0.249151] pci 0000:00:1c.2:   bridge window [io  0x4000-0x4fff]
May 31 23:13:44 gchinellato-ubuntu kernel: [    0.249154] pci 0000:00:1c.2:   bridge window [mem 0xf1d00000-0xf1dfffff]
May 31 23:13:44 gchinellato-ubuntu kernel: [    0.249229] pci 0000:08:00.0: [8086:08b1] type 00 class 0x028000
May 31 23:13:44 gchinellato-ubuntu kernel: [    0.249287] pci 0000:08:00.0: reg 0x10: [mem 0xf1c00000-0xf1c01fff 64bit]
May 31 23:13:44 gchinellato-ubuntu kernel: [    0.249493] pci 0000:08:00.0: PME# supported from D0 D3hot D3cold
May 31 23:13:44 gchinellato-ubuntu kernel: [    0.249546] pci 0000:08:00.0: System wakeup disabled by ACPI
May 31 23:13:44 gchinellato-ubuntu kernel: [    0.252164] pci 0000:00:1c.3: PCI bridge to [bus 08]
May 31 23:13:44 gchinellato-ubuntu kernel: [    0.252172] pci 0000:00:1c.3:   bridge window [mem 0xf1c00000-0xf1cfffff]
May 31 23:13:44 gchinellato-ubuntu kernel: [    0.252226] pci 0000:09:00.0: [10de:1292] type 00 class 0x030200
May 31 23:13:44 gchinellato-ubuntu kernel: [    0.252247] pci 0000:09:00.0: reg 0x10: [mem 0xf0000000-0xf0ffffff]
May 31 23:13:44 gchinellato-ubuntu kernel: [    0.252262] pci 0000:09:00.0: reg 0x14: [mem 0xc0000000-0xcfffffff 64bit pref]
May 31 23:13:44 gchinellato-ubuntu kernel: [    0.252277] pci 0000:09:00.0: reg 0x1c: [mem 0xd0000000-0xd1ffffff 64bit pref]
May 31 23:13:44 gchinellato-ubuntu kernel: [    0.252287] pci 0000:09:00.0: reg 0x24: [io  0x3000-0x307f]
May 31 23:13:44 gchinellato-ubuntu kernel: [    0.252298] pci 0000:09:00.0: reg 0x30: [mem 0xfff80000-0xffffffff pref]
May 31 23:13:44 gchinellato-ubuntu kernel: [    0.255150] pci 0000:00:1c.4: PCI bridge to [bus 09]
May 31 23:13:44 gchinellato-ubuntu kernel: [    0.255157] pci 0000:00:1c.4:   bridge window [io  0x3000-0x3fff]
May 31 23:13:44 gchinellato-ubuntu kernel: [    0.255160] pci 0000:00:1c.4:   bridge window [mem 0xf0000000-0xf0ffffff]
May 31 23:13:44 gchinellato-ubuntu kernel: [    0.255164] pci 0000:00:1c.4:   bridge window [mem 0xc0000000-0xd1ffffff 64bit pref]
May 31 23:13:44 gchinellato-ubuntu kernel: [    0.255950] ACPI: PCI Interrupt Link [LNKA] (IRQs 3 4 5 6 10 *11 12 14 15)
May 31 23:13:44 gchinellato-ubuntu kernel: [    0.256011] ACPI: PCI Interrupt Link [LNKB] (IRQs 3 4 5 6 10 11 12 14 15) *7
May 31 23:13:44 gchinellato-ubuntu kernel: [    0.256069] ACPI: PCI Interrupt Link [LNKC] (IRQs 3 4 5 6 10 *11 12 14 15)
May 31 23:13:44 gchinellato-ubuntu kernel: [    0.256124] ACPI: PCI Interrupt Link [LNKD] (IRQs 3 4 5 6 *10 11 12 14 15)
May 31 23:13:44 gchinellato-ubuntu kernel: [    0.256202] ACPI: PCI Interrupt Link [LNKE] (IRQs 3 4 5 6 10 11 12 14 15) *0, disabled.
May 31 23:13:44 gchinellato-ubuntu kernel: [    0.256261] ACPI: PCI Interrupt Link [LNKF] (IRQs 3 4 5 6 10 11 12 14 15) *0, disabled.
May 31 23:13:44 gchinellato-ubuntu kernel: [    0.256319] ACPI: PCI Interrupt Link [LNKG] (IRQs 3 4 5 6 10 11 12 14 15) *7
May 31 23:13:44 gchinellato-ubuntu kernel: [    0.256375] ACPI: PCI Interrupt Link [LNKH] (IRQs 3 4 5 6 *10 11 12 14 15)
May 31 23:13:44 gchinellato-ubuntu kernel: [    0.256760] ACPI: Enabled 4 GPEs in block 00 to 7F
May 31 23:13:44 gchinellato-ubuntu kernel: [    0.256842] ACPI : EC: interrupt unblocked
May 31 23:13:44 gchinellato-ubuntu kernel: [    0.256853] ACPI : EC: event unblocked
May 31 23:13:44 gchinellato-ubuntu kernel: [    0.256862] ACPI: \_SB_.PCI0.LPCB.EC0_: GPE=0xa, EC_CMD/EC_SC=0x66, EC_DATA=0x62
May 31 23:13:44 gchinellato-ubuntu kernel: [    0.256869] ACPI: \_SB_.PCI0.LPCB.EC0_: Used as boot DSDT EC to handle transactions and events
May 31 23:13:44 gchinellato-ubuntu kernel: [    0.256975] pci 0000:00:02.0: vgaarb: setting as boot VGA device
May 31 23:13:44 gchinellato-ubuntu kernel: [    0.256982] pci 0000:00:02.0: vgaarb: VGA device added: decodes=io+mem,owns=io+mem,locks=none
May 31 23:13:44 gchinellato-ubuntu kernel: [    0.256992] pci 0000:00:02.0: vgaarb: bridge control possible
May 31 23:13:44 gchinellato-ubuntu kernel: [    0.256995] vgaarb: loaded
May 31 23:13:44 gchinellato-ubuntu kernel: [    0.257086] SCSI subsystem initialized
May 31 23:13:44 gchinellato-ubuntu kernel: [    0.257146] libata version 3.00 loaded.
May 31 23:13:44 gchinellato-ubuntu kernel: [    0.257193] ACPI: bus type USB registered
May 31 23:13:44 gchinellato-ubuntu kernel: [    0.257230] usbcore: registered new interface driver usbfs
May 31 23:13:44 gchinellato-ubuntu kernel: [    0.257249] usbcore: registered new interface driver hub
May 31 23:13:44 gchinellato-ubuntu kernel: [    0.257270] usbcore: registered new device driver usb
May 31 23:13:44 gchinellato-ubuntu kernel: [    0.257303] pps_core: LinuxPPS API ver. 1 registered
May 31 23:13:44 gchinellato-ubuntu kernel: [    0.257309] pps_core: Software ver. 5.3.6 - Copyright 2005-2007 Rodolfo Giometti <giometti@linux.it>
May 31 23:13:44 gchinellato-ubuntu kernel: [    0.257324] PTP clock support registered
May 31 23:13:44 gchinellato-ubuntu kernel: [    0.257372] EDAC MC: Ver: 3.0.0
May 31 23:13:44 gchinellato-ubuntu kernel: [    0.257509] Advanced Linux Sound Architecture Driver Initialized.
May 31 23:13:44 gchinellato-ubuntu kernel: [    0.257527] PCI: Using ACPI for IRQ routing
May 31 23:13:44 gchinellato-ubuntu kernel: [    0.258965] PCI: pci_cache_line_size set to 64 bytes
May 31 23:13:44 gchinellato-ubuntu kernel: [    0.259032] e820: reserve RAM buffer [mem 0x0009d000-0x0009ffff]
May 31 23:13:44 gchinellato-ubuntu kernel: [    0.259034] e820: reserve RAM buffer [mem 0xa498e000-0xa7ffffff]
May 31 23:13:44 gchinellato-ubuntu kernel: [    0.259035] e820: reserve RAM buffer [mem 0xbad79000-0xbbffffff]
May 31 23:13:44 gchinellato-ubuntu kernel: [    0.259036] e820: reserve RAM buffer [mem 0xbd000000-0xbfffffff]
May 31 23:13:44 gchinellato-ubuntu kernel: [    0.259037] e820: reserve RAM buffer [mem 0x23f600000-0x23fffffff]
May 31 23:13:44 gchinellato-ubuntu kernel: [    0.259248] NetLabel: Initializing
May 31 23:13:44 gchinellato-ubuntu kernel: [    0.259254] NetLabel:  domain hash size = 128
May 31 23:13:44 gchinellato-ubuntu kernel: [    0.259259] NetLabel:  protocols = UNLABELED CIPSOv4 CALIPSO
May 31 23:13:44 gchinellato-ubuntu kernel: [    0.259283] NetLabel:  unlabeled traffic allowed by default
May 31 23:13:44 gchinellato-ubuntu kernel: [    0.259363] hpet0: at MMIO 0xfed00000, IRQs 2, 8, 0, 0, 0, 0, 0, 0
May 31 23:13:44 gchinellato-ubuntu kernel: [    0.259372] hpet0: 8 comparators, 64-bit 14.318180 MHz counter
May 31 23:13:44 gchinellato-ubuntu kernel: [    0.261414] clocksource: Switched to clocksource hpet
May 31 23:13:44 gchinellato-ubuntu kernel: [    0.270848] VFS: Disk quotas dquot_6.6.0
May 31 23:13:44 gchinellato-ubuntu kernel: [    0.270873] VFS: Dquot-cache hash table entries: 512 (order 0, 4096 bytes)
May 31 23:13:44 gchinellato-ubuntu kernel: [    0.270958] pnp: PnP ACPI init
May 31 23:13:44 gchinellato-ubuntu kernel: [    0.271115] system 00:00: [io  0x0680-0x069f] has been reserved
May 31 23:13:44 gchinellato-ubuntu kernel: [    0.271121] system 00:00: [io  0xffff] has been reserved
May 31 23:13:44 gchinellato-ubuntu kernel: [    0.271125] system 00:00: [io  0xffff] has been reserved
May 31 23:13:44 gchinellato-ubuntu kernel: [    0.271129] system 00:00: [io  0xffff] has been reserved
May 31 23:13:44 gchinellato-ubuntu kernel: [    0.271133] system 00:00: [io  0x1800-0x18fe] has been reserved
May 31 23:13:44 gchinellato-ubuntu kernel: [    0.271137] system 00:00: [io  0x164e-0x164f] has been reserved
May 31 23:13:44 gchinellato-ubuntu kernel: [    0.271144] system 00:00: Plug and Play ACPI device, IDs PNP0c02 (active)
May 31 23:13:44 gchinellato-ubuntu kernel: [    0.271193] pnp 00:01: Plug and Play ACPI device, IDs PNP0b00 (active)
May 31 23:13:44 gchinellato-ubuntu kernel: [    0.271244] system 00:02: [io  0x1854-0x1857] has been reserved
May 31 23:13:44 gchinellato-ubuntu kernel: [    0.271250] system 00:02: Plug and Play ACPI device, IDs INT3f0d PNP0c02 (active)
May 31 23:13:44 gchinellato-ubuntu kernel: [    0.271285] pnp 00:03: Plug and Play ACPI device, IDs PNP0303 (active)
May 31 23:13:44 gchinellato-ubuntu kernel: [    0.271310] pnp 00:04: Plug and Play ACPI device, IDs DLL0616 PNP0f03 (active)
May 31 23:13:44 gchinellato-ubuntu kernel: [    0.271478] system 00:05: [mem 0xfed1c000-0xfed1ffff] has been reserved
May 31 23:13:44 gchinellato-ubuntu kernel: [    0.271484] system 00:05: [mem 0xfed10000-0xfed17fff] has been reserved
May 31 23:13:44 gchinellato-ubuntu kernel: [    0.271488] system 00:05: [mem 0xfed18000-0xfed18fff] has been reserved
May 31 23:13:44 gchinellato-ubuntu kernel: [    0.271492] system 00:05: [mem 0xfed19000-0xfed19fff] has been reserved
May 31 23:13:44 gchinellato-ubuntu kernel: [    0.271497] system 00:05: [mem 0xf8000000-0xfbffffff] has been reserved
May 31 23:13:44 gchinellato-ubuntu kernel: [    0.271501] system 00:05: [mem 0xfed20000-0xfed3ffff] has been reserved
May 31 23:13:44 gchinellato-ubuntu kernel: [    0.271505] system 00:05: [mem 0xfed90000-0xfed93fff] has been reserved
May 31 23:13:44 gchinellato-ubuntu kernel: [    0.271509] system 00:05: [mem 0xfed45000-0xfed8ffff] has been reserved
May 31 23:13:44 gchinellato-ubuntu kernel: [    0.271514] system 00:05: [mem 0xff000000-0xffffffff] could not be reserved
May 31 23:13:44 gchinellato-ubuntu kernel: [    0.271518] system 00:05: [mem 0xfee00000-0xfeefffff] could not be reserved
May 31 23:13:44 gchinellato-ubuntu kernel: [    0.271522] system 00:05: [mem 0xbfa10000-0xbfa1ffff] has been reserved
May 31 23:13:44 gchinellato-ubuntu kernel: [    0.271527] system 00:05: Plug and Play ACPI device, IDs PNP0c02 (active)
May 31 23:13:44 gchinellato-ubuntu kernel: [    0.272097] pnp: PnP ACPI: found 6 devices
May 31 23:13:44 gchinellato-ubuntu kernel: [    0.278741] clocksource: acpi_pm: mask: 0xffffff max_cycles: 0xffffff, max_idle_ns: 2085701024 ns
May 31 23:13:44 gchinellato-ubuntu kernel: [    0.278753] pci 0000:09:00.0: can't claim BAR 6 [mem 0xfff80000-0xffffffff pref]: no compatible bridge window
May 31 23:13:44 gchinellato-ubuntu kernel: [    0.278792] pci 0000:00:1c.0: PCI bridge to [bus 01]
May 31 23:13:44 gchinellato-ubuntu kernel: [    0.278806] pci 0000:00:1c.1: PCI bridge to [bus 02-06]
May 31 23:13:44 gchinellato-ubuntu kernel: [    0.278811] pci 0000:00:1c.1:   bridge window [io  0x5000-0x5fff]
May 31 23:13:44 gchinellato-ubuntu kernel: [    0.278817] pci 0000:00:1c.1:   bridge window [mem 0xf1e00000-0xf25fffff]
May 31 23:13:44 gchinellato-ubuntu kernel: [    0.278823] pci 0000:00:1c.1:   bridge window [mem 0xf1400000-0xf1bfffff 64bit pref]
May 31 23:13:44 gchinellato-ubuntu kernel: [    0.278833] pci 0000:00:1c.2: PCI bridge to [bus 07]
May 31 23:13:44 gchinellato-ubuntu kernel: [    0.278837] pci 0000:00:1c.2:   bridge window [io  0x4000-0x4fff]
May 31 23:13:44 gchinellato-ubuntu kernel: [    0.278844] pci 0000:00:1c.2:   bridge window [mem 0xf1d00000-0xf1dfffff]
May 31 23:13:44 gchinellato-ubuntu kernel: [    0.278854] pci 0000:00:1c.3: PCI bridge to [bus 08]
May 31 23:13:44 gchinellato-ubuntu kernel: [    0.278860] pci 0000:00:1c.3:   bridge window [mem 0xf1c00000-0xf1cfffff]
May 31 23:13:44 gchinellato-ubuntu kernel: [    0.278872] pci 0000:09:00.0: BAR 6: no space for [mem size 0x00080000 pref]
May 31 23:13:44 gchinellato-ubuntu kernel: [    0.278876] pci 0000:09:00.0: BAR 6: failed to assign [mem size 0x00080000 pref]
May 31 23:13:44 gchinellato-ubuntu kernel: [    0.278882] pci 0000:00:1c.4: PCI bridge to [bus 09]
May 31 23:13:44 gchinellato-ubuntu kernel: [    0.278887] pci 0000:00:1c.4:   bridge window [io  0x3000-0x3fff]
May 31 23:13:44 gchinellato-ubuntu kernel: [    0.278893] pci 0000:00:1c.4:   bridge window [mem 0xf0000000-0xf0ffffff]
May 31 23:13:44 gchinellato-ubuntu kernel: [    0.278899] pci 0000:00:1c.4:   bridge window [mem 0xc0000000-0xd1ffffff 64bit pref]
May 31 23:13:44 gchinellato-ubuntu kernel: [    0.278910] pci_bus 0000:00: resource 4 [io  0x0000-0x0cf7 window]
May 31 23:13:44 gchinellato-ubuntu kernel: [    0.278911] pci_bus 0000:00: resource 5 [io  0x0d00-0xffff window]
May 31 23:13:44 gchinellato-ubuntu kernel: [    0.278913] pci_bus 0000:00: resource 6 [mem 0x000a0000-0x000bffff window]
May 31 23:13:44 gchinellato-ubuntu kernel: [    0.278914] pci_bus 0000:00: resource 7 [mem 0xbfa00000-0xfeafffff window]
May 31 23:13:44 gchinellato-ubuntu kernel: [    0.278916] pci_bus 0000:02: resource 0 [io  0x5000-0x5fff]
May 31 23:13:44 gchinellato-ubuntu kernel: [    0.278917] pci_bus 0000:02: resource 1 [mem 0xf1e00000-0xf25fffff]
May 31 23:13:44 gchinellato-ubuntu kernel: [    0.278918] pci_bus 0000:02: resource 2 [mem 0xf1400000-0xf1bfffff 64bit pref]
May 31 23:13:44 gchinellato-ubuntu kernel: [    0.278919] pci_bus 0000:07: resource 0 [io  0x4000-0x4fff]
May 31 23:13:44 gchinellato-ubuntu kernel: [    0.278921] pci_bus 0000:07: resource 1 [mem 0xf1d00000-0xf1dfffff]
May 31 23:13:44 gchinellato-ubuntu kernel: [    0.278922] pci_bus 0000:08: resource 1 [mem 0xf1c00000-0xf1cfffff]
May 31 23:13:44 gchinellato-ubuntu kernel: [    0.278923] pci_bus 0000:09: resource 0 [io  0x3000-0x3fff]
May 31 23:13:44 gchinellato-ubuntu kernel: [    0.278924] pci_bus 0000:09: resource 1 [mem 0xf0000000-0xf0ffffff]
May 31 23:13:44 gchinellato-ubuntu kernel: [    0.278926] pci_bus 0000:09: resource 2 [mem 0xc0000000-0xd1ffffff 64bit pref]
May 31 23:13:44 gchinellato-ubuntu kernel: [    0.279032] NET: Registered protocol family 2
May 31 23:13:44 gchinellato-ubuntu kernel: [    0.279207] TCP established hash table entries: 65536 (order: 7, 524288 bytes)
May 31 23:13:44 gchinellato-ubuntu kernel: [    0.279343] TCP bind hash table entries: 65536 (order: 8, 1048576 bytes)
May 31 23:13:44 gchinellato-ubuntu kernel: [    0.279517] TCP: Hash tables configured (established 65536 bind 65536)
May 31 23:13:44 gchinellato-ubuntu kernel: [    0.279557] UDP hash table entries: 4096 (order: 5, 131072 bytes)
May 31 23:13:44 gchinellato-ubuntu kernel: [    0.279588] UDP-Lite hash table entries: 4096 (order: 5, 131072 bytes)
May 31 23:13:44 gchinellato-ubuntu kernel: [    0.279649] NET: Registered protocol family 1
May 31 23:13:44 gchinellato-ubuntu kernel: [    0.279743] RPC: Registered named UNIX socket transport module.
May 31 23:13:44 gchinellato-ubuntu kernel: [    0.279749] RPC: Registered udp transport module.
May 31 23:13:44 gchinellato-ubuntu kernel: [    0.279752] RPC: Registered tcp transport module.
May 31 23:13:44 gchinellato-ubuntu kernel: [    0.279756] RPC: Registered tcp NFSv4.1 backchannel transport module.
May 31 23:13:44 gchinellato-ubuntu kernel: [    0.279769] pci 0000:00:02.0: Video device with shadowed ROM at [mem 0x000c0000-0x000dffff]
May 31 23:13:44 gchinellato-ubuntu kernel: [    0.279864] pci 0000:00:14.0: can't derive routing for PCI INT A
May 31 23:13:44 gchinellato-ubuntu kernel: [    0.279868] pci 0000:00:14.0: PCI INT A: no GSI
May 31 23:13:44 gchinellato-ubuntu kernel: [    0.279889] pci 0000:00:14.0: CONFIG_USB_XHCI_HCD is turned off, defaulting to EHCI.
May 31 23:13:44 gchinellato-ubuntu kernel: [    0.279895] pci 0000:00:14.0: USB 3.0 devices will work at USB 2.0 speeds.
May 31 23:13:44 gchinellato-ubuntu kernel: [    0.280113] PCI: CLS 64 bytes, default 64
May 31 23:13:44 gchinellato-ubuntu kernel: [    0.280156] Unpacking initramfs...
May 31 23:13:44 gchinellato-ubuntu kernel: [    0.337539] Freeing initrd memory: 2660K
May 31 23:13:44 gchinellato-ubuntu kernel: [    0.337553] PCI-DMA: Using software bounce buffering for IO (SWIOTLB)
May 31 23:13:44 gchinellato-ubuntu kernel: [    0.337560] software IO TLB [mem 0xb6d79000-0xbad79000] (64MB) mapped at [ffff94acf6d79000-ffff94acfad78fff]
May 31 23:13:44 gchinellato-ubuntu kernel: [    0.337647] RAPL PMU: API unit is 2^-32 Joules, 4 fixed counters, 655360 ms ovfl timer
May 31 23:13:44 gchinellato-ubuntu kernel: [    0.337653] RAPL PMU: hw unit of domain pp0-core 2^-14 Joules
May 31 23:13:44 gchinellato-ubuntu kernel: [    0.337656] RAPL PMU: hw unit of domain package 2^-14 Joules
May 31 23:13:44 gchinellato-ubuntu kernel: [    0.337660] RAPL PMU: hw unit of domain dram 2^-14 Joules
May 31 23:13:44 gchinellato-ubuntu kernel: [    0.337663] RAPL PMU: hw unit of domain pp1-gpu 2^-14 Joules
May 31 23:13:44 gchinellato-ubuntu kernel: [    0.338235] Scanning for low memory corruption every 60 seconds
May 31 23:13:44 gchinellato-ubuntu kernel: [    0.338583] audit: initializing netlink subsys (disabled)
May 31 23:13:44 gchinellato-ubuntu kernel: [    0.338628] audit: type=2000 audit(1496272413.338:1): state=initialized audit_enabled=0 res=1
May 31 23:13:44 gchinellato-ubuntu kernel: [    0.339084] workingset: timestamp_bits=56 max_order=21 bucket_order=0
May 31 23:13:44 gchinellato-ubuntu kernel: [    0.341081] NFS: Registering the id_resolver key type
May 31 23:13:44 gchinellato-ubuntu kernel: [    0.341092] Key type id_resolver registered
May 31 23:13:44 gchinellato-ubuntu kernel: [    0.341095] Key type id_legacy registered
May 31 23:13:44 gchinellato-ubuntu kernel: [    0.341183] SELinux:  Registering netfilter hooks
May 31 23:13:44 gchinellato-ubuntu kernel: [    0.342329] Block layer SCSI generic (bsg) driver version 0.4 loaded (major 250)
May 31 23:13:44 gchinellato-ubuntu kernel: [    0.342336] io scheduler noop registered
May 31 23:13:44 gchinellato-ubuntu kernel: [    0.342340] io scheduler deadline registered
May 31 23:13:44 gchinellato-ubuntu kernel: [    0.342386] io scheduler cfq registered (default)
May 31 23:13:44 gchinellato-ubuntu kernel: [    0.342390] io scheduler mq-deadline registered
May 31 23:13:44 gchinellato-ubuntu kernel: [    0.342393] io scheduler kyber registered
May 31 23:13:44 gchinellato-ubuntu kernel: [    0.448512] ACPI: AC Adapter [ADP0] (on-line)
May 31 23:13:44 gchinellato-ubuntu kernel: [    0.448579] input: Power Button as /devices/LNXSYSTM:00/LNXSYBUS:00/PNP0C0C:00/input/input0
May 31 23:13:44 gchinellato-ubuntu kernel: [    0.448595] ACPI: Power Button [PWRB]
May 31 23:13:44 gchinellato-ubuntu kernel: [    0.448626] input: Sleep Button as /devices/LNXSYSTM:00/LNXSYBUS:00/PNP0C0E:00/input/input1
May 31 23:13:44 gchinellato-ubuntu kernel: [    0.448639] ACPI: Sleep Button [SLPB]
May 31 23:13:44 gchinellato-ubuntu kernel: [    0.449313] input: Lid Switch as /devices/LNXSYSTM:00/LNXSYBUS:00/PNP0C0D:00/input/input2
May 31 23:13:44 gchinellato-ubuntu kernel: [    0.449358] ACPI: Lid Switch [LID0]
May 31 23:13:44 gchinellato-ubuntu kernel: [    0.449422] input: Power Button as /devices/LNXSYSTM:00/LNXPWRBN:00/input/input3
May 31 23:13:44 gchinellato-ubuntu kernel: [    0.449453] ACPI: Power Button [PWRF]
May 31 23:13:44 gchinellato-ubuntu kernel: [    0.449833] Monitor-Mwait will be used to enter C-1 state
May 31 23:13:44 gchinellato-ubuntu kernel: [    0.449845] Monitor-Mwait will be used to enter C-2 state
May 31 23:13:44 gchinellato-ubuntu kernel: [    0.450689] (NULL device *): hwmon_device_register() is deprecated. Please convert the driver to use hwmon_device_register_with_info().
May 31 23:13:44 gchinellato-ubuntu kernel: [    0.450733] thermal LNXTHERM:00: registered as thermal_zone0
May 31 23:13:44 gchinellato-ubuntu kernel: [    0.450739] ACPI: Thermal Zone [TZ00] (28 C)
May 31 23:13:44 gchinellato-ubuntu kernel: [    0.450951] thermal LNXTHERM:01: registered as thermal_zone1
May 31 23:13:44 gchinellato-ubuntu kernel: [    0.450955] ACPI: Thermal Zone [TZ01] (30 C)
May 31 23:13:44 gchinellato-ubuntu kernel: [    0.451020] Serial: 8250/16550 driver, 4 ports, IRQ sharing enabled
May 31 23:13:44 gchinellato-ubuntu kernel: [    0.452859] Non-volatile memory driver v1.3
May 31 23:13:44 gchinellato-ubuntu kernel: [    0.452906] Linux agpgart interface v0.103
May 31 23:13:44 gchinellato-ubuntu kernel: [    0.453289] [drm] Memory usable by graphics device = 2048M
May 31 23:13:44 gchinellato-ubuntu kernel: [    0.453295] [drm] Replacing VGA console driver
May 31 23:13:44 gchinellato-ubuntu kernel: [    0.455598] ACPI: Battery Slot [BAT0] (battery present)
May 31 23:13:44 gchinellato-ubuntu kernel: [    0.458491] [drm] Supports vblank timestamp caching Rev 2 (21.10.2013).
May 31 23:13:44 gchinellato-ubuntu kernel: [    0.458497] [drm] Driver supports precise vblank timestamp query.
May 31 23:13:44 gchinellato-ubuntu kernel: [    0.460900] i915 0000:00:02.0: vgaarb: changed VGA decodes: olddecodes=io+mem,decodes=io+mem:owns=io+mem
May 31 23:13:44 gchinellato-ubuntu kernel: [    0.486652] [drm] Initialized i915 1.6.0 20170403 for 0000:00:02.0 on minor 0
May 31 23:13:44 gchinellato-ubuntu kernel: [    0.486915] ACPI: Video Device [PEGP] (multi-head: no  rom: yes  post: no)
May 31 23:13:44 gchinellato-ubuntu kernel: [    0.487192] input: Video Bus as /devices/LNXSYSTM:00/LNXSYBUS:00/PNP0A08:00/device:38/LNXVIDEO:00/input/input4
May 31 23:13:44 gchinellato-ubuntu kernel: [    0.488273] ACPI: Video Device [GFX0] (multi-head: yes  rom: no  post: no)
May 31 23:13:44 gchinellato-ubuntu kernel: [    0.488460] input: Video Bus as /devices/LNXSYSTM:00/LNXSYBUS:00/PNP0A08:00/LNXVIDEO:01/input/input5
May 31 23:13:44 gchinellato-ubuntu kernel: [    0.488508] [drm] Initialized i915 1.6.0 20170403 for 0000:00:02.0 on minor 0
May 31 23:13:44 gchinellato-ubuntu kernel: [    0.490554] loop: module loaded
May 31 23:13:44 gchinellato-ubuntu kernel: [    0.490650] ahci 0000:00:1f.2: version 3.0
May 31 23:13:44 gchinellato-ubuntu kernel: [    0.500888] ahci 0000:00:1f.2: AHCI 0001.0300 32 slots 4 ports 6 Gbps 0x2 impl SATA mode
May 31 23:13:44 gchinellato-ubuntu kernel: [    0.500899] ahci 0000:00:1f.2: flags: 64bit ncq pm led clo only pio slum part deso sadm sds apst 
May 31 23:13:44 gchinellato-ubuntu kernel: [    0.501358] scsi host0: ahci
May 31 23:13:44 gchinellato-ubuntu kernel: [    0.501494] scsi host1: ahci
May 31 23:13:44 gchinellato-ubuntu kernel: [    0.501582] scsi host2: ahci
May 31 23:13:44 gchinellato-ubuntu kernel: [    0.501666] scsi host3: ahci
May 31 23:13:44 gchinellato-ubuntu kernel: [    0.501712] ata1: DUMMY
May 31 23:13:44 gchinellato-ubuntu kernel: [    0.501718] ata2: SATA max UDMA/133 abar m2048@0xf261c000 port 0xf261c180 irq 41
May 31 23:13:44 gchinellato-ubuntu kernel: [    0.501723] ata3: DUMMY
May 31 23:13:44 gchinellato-ubuntu kernel: [    0.501726] ata4: DUMMY
May 31 23:13:44 gchinellato-ubuntu kernel: [    0.501875] e100: Intel(R) PRO/100 Network Driver, 3.5.24-k2-NAPI
May 31 23:13:44 gchinellato-ubuntu kernel: [    0.501881] e100: Copyright(c) 1999-2006 Intel Corporation
May 31 23:13:44 gchinellato-ubuntu kernel: [    0.501904] e1000: Intel(R) PRO/1000 Network Driver - version 7.3.21-k8-NAPI
May 31 23:13:44 gchinellato-ubuntu kernel: [    0.501908] e1000: Copyright (c) 1999-2006 Intel Corporation.
May 31 23:13:44 gchinellato-ubuntu kernel: [    0.501930] e1000e: Intel(R) PRO/1000 Network Driver - 3.2.6-k
May 31 23:13:44 gchinellato-ubuntu kernel: [    0.501935] e1000e: Copyright(c) 1999 - 2015 Intel Corporation.
May 31 23:13:44 gchinellato-ubuntu kernel: [    0.501957] sky2: driver version 1.30
May 31 23:13:44 gchinellato-ubuntu kernel: [    0.502030] r8169 Gigabit Ethernet driver 2.3LK-NAPI loaded
May 31 23:13:44 gchinellato-ubuntu kernel: [    0.502044] r8169 0000:07:00.0: can't disable ASPM; OS doesn't have ASPM control
May 31 23:13:44 gchinellato-ubuntu kernel: [    0.503510] fbcon: inteldrmfb (fb0) is primary device
May 31 23:13:44 gchinellato-ubuntu kernel: [    0.506337] r8169 0000:07:00.0 eth0: RTL8168g/8111g at 0xffffa23100d2d000, b8:ca:3a:fe:e8:66, XID 10900800 IRQ 42
May 31 23:13:44 gchinellato-ubuntu kernel: [    0.506339] r8169 0000:07:00.0 eth0: jumbo features [frames: 9200 bytes, tx checksumming: ko]
May 31 23:13:44 gchinellato-ubuntu kernel: [    0.506446] ehci_hcd: USB 2.0 'Enhanced' Host Controller (EHCI) Driver
May 31 23:13:44 gchinellato-ubuntu kernel: [    0.506447] ehci-pci: EHCI PCI platform driver
May 31 23:13:44 gchinellato-ubuntu kernel: [    0.506579] ehci-pci 0000:00:1d.0: EHCI Host Controller
May 31 23:13:44 gchinellato-ubuntu kernel: [    0.506646] ehci-pci 0000:00:1d.0: new USB bus registered, assigned bus number 1
May 31 23:13:44 gchinellato-ubuntu kernel: [    0.506657] ehci-pci 0000:00:1d.0: debug port 2
May 31 23:13:44 gchinellato-ubuntu kernel: [    0.510556] ehci-pci 0000:00:1d.0: cache line size of 64 is not supported
May 31 23:13:44 gchinellato-ubuntu kernel: [    0.510568] ehci-pci 0000:00:1d.0: irq 23, io mem 0xf261d000
May 31 23:13:44 gchinellato-ubuntu kernel: [    0.517489] ehci-pci 0000:00:1d.0: USB 2.0 started, EHCI 1.00
May 31 23:13:44 gchinellato-ubuntu kernel: [    0.517538] usb usb1: New USB device found, idVendor=1d6b, idProduct=0002
May 31 23:13:44 gchinellato-ubuntu kernel: [    0.517540] usb usb1: New USB device strings: Mfr=3, Product=2, SerialNumber=1
May 31 23:13:44 gchinellato-ubuntu kernel: [    0.517541] usb usb1: Product: EHCI Host Controller
May 31 23:13:44 gchinellato-ubuntu kernel: [    0.517542] usb usb1: Manufacturer: Linux 4.12.0-rc3-00021-gd602fb6 ehci_hcd
May 31 23:13:44 gchinellato-ubuntu kernel: [    0.517543] usb usb1: SerialNumber: 0000:00:1d.0
May 31 23:13:44 gchinellato-ubuntu kernel: [    0.517761] hub 1-0:1.0: USB hub found
May 31 23:13:44 gchinellato-ubuntu kernel: [    0.517769] hub 1-0:1.0: 2 ports detected
May 31 23:13:44 gchinellato-ubuntu kernel: [    0.517923] ohci_hcd: USB 1.1 'Open' Host Controller (OHCI) Driver
May 31 23:13:44 gchinellato-ubuntu kernel: [    0.517929] ohci-pci: OHCI PCI platform driver
May 31 23:13:44 gchinellato-ubuntu kernel: [    0.517943] uhci_hcd: USB Universal Host Controller Interface driver
May 31 23:13:44 gchinellato-ubuntu kernel: [    0.517982] usbcore: registered new interface driver usblp
May 31 23:13:44 gchinellato-ubuntu kernel: [    0.518002] usbcore: registered new interface driver usb-storage
May 31 23:13:44 gchinellato-ubuntu kernel: [    0.518043] i8042: PNP: PS/2 Controller [PNP0303:PS2K,PNP0f03:PS2M] at 0x60,0x64 irq 1,12
May 31 23:13:44 gchinellato-ubuntu kernel: [    0.523296] serio: i8042 KBD port at 0x60,0x64 irq 1
May 31 23:13:44 gchinellato-ubuntu kernel: [    0.523301] serio: i8042 AUX port at 0x60,0x64 irq 12
May 31 23:13:44 gchinellato-ubuntu kernel: [    0.523736] rtc_cmos 00:01: RTC can wake from S4
May 31 23:13:44 gchinellato-ubuntu kernel: [    0.523875] rtc_cmos 00:01: rtc core: registered rtc_cmos as rtc0
May 31 23:13:44 gchinellato-ubuntu kernel: [    0.523904] rtc_cmos 00:01: alarms up to one month, y3k, 242 bytes nvram, hpet irqs
May 31 23:13:44 gchinellato-ubuntu kernel: [    0.524049] i801_smbus 0000:00:1f.3: SPD Write Disable is set
May 31 23:13:44 gchinellato-ubuntu kernel: [    0.524066] i801_smbus 0000:00:1f.3: SMBus using PCI interrupt
May 31 23:13:44 gchinellato-ubuntu kernel: [    0.524945] device-mapper: ioctl: 4.35.0-ioctl (2016-06-23) initialised: dm-devel@redhat.com
May 31 23:13:44 gchinellato-ubuntu kernel: [    0.524955] intel_pstate: Intel P-state driver initializing
May 31 23:13:44 gchinellato-ubuntu kernel: [    0.525097] hidraw: raw HID events driver (C) Jiri Kosina
May 31 23:13:44 gchinellato-ubuntu kernel: [    0.525613] usbcore: registered new interface driver usbhid
May 31 23:13:44 gchinellato-ubuntu kernel: [    0.525615] usbhid: USB HID core driver
May 31 23:13:44 gchinellato-ubuntu kernel: [    0.526623] Netfilter messages via NETLINK v0.30.
May 31 23:13:44 gchinellato-ubuntu kernel: [    0.526891] nf_conntrack version 0.5.0 (65536 buckets, 262144 max)
May 31 23:13:44 gchinellato-ubuntu kernel: [    0.526995] ctnetlink v0.93: registering with nfnetlink.
May 31 23:13:44 gchinellato-ubuntu kernel: [    0.527253] ip_tables: (C) 2000-2006 Netfilter Core Team
May 31 23:13:44 gchinellato-ubuntu kernel: [    0.527296] Initializing XFRM netlink socket
May 31 23:13:44 gchinellato-ubuntu kernel: [    0.527608] NET: Registered protocol family 10
May 31 23:13:44 gchinellato-ubuntu kernel: [    0.528198] Segment Routing with IPv6
May 31 23:13:44 gchinellato-ubuntu kernel: [    0.528238] ip6_tables: (C) 2000-2006 Netfilter Core Team
May 31 23:13:44 gchinellato-ubuntu kernel: [    0.528436] sit: IPv6, IPv4 and MPLS over IPv4 tunneling driver
May 31 23:13:44 gchinellato-ubuntu kernel: [    0.528730] NET: Registered protocol family 17
May 31 23:13:44 gchinellato-ubuntu kernel: [    0.528757] Key type dns_resolver registered
May 31 23:13:44 gchinellato-ubuntu kernel: [    0.528911] input: AT Translated Set 2 keyboard as /devices/platform/i8042/serio0/input/input6
May 31 23:13:44 gchinellato-ubuntu kernel: [    0.529495] microcode: sig=0x40651, pf=0x40, revision=0x17
May 31 23:13:44 gchinellato-ubuntu kernel: [    0.529582] microcode: Microcode Update Driver: v2.2.
May 31 23:13:44 gchinellato-ubuntu kernel: [    0.529882] registered taskstats version 1
May 31 23:13:44 gchinellato-ubuntu kernel: [    0.530870]   Magic number: 1:932:252
May 31 23:13:44 gchinellato-ubuntu kernel: [    0.530933] ehci-pci 0000:00:1d.0: hash matches
May 31 23:13:44 gchinellato-ubuntu kernel: [    0.535790] hdaudio hdaudioC1D0: Unable to bind the codec
May 31 23:13:44 gchinellato-ubuntu kernel: [    0.590121] random: fast init done
May 31 23:13:44 gchinellato-ubuntu kernel: [    0.807062] ata2: SATA link up 6.0 Gbps (SStatus 133 SControl 300)
May 31 23:13:44 gchinellato-ubuntu kernel: [    0.832508] usb 1-1: new high-speed USB device number 2 using ehci-pci
May 31 23:13:44 gchinellato-ubuntu kernel: [    0.833760] ata2.00: ATA-8: ST500LT012-1DG142, 0001SDM1, max UDMA/133
May 31 23:13:44 gchinellato-ubuntu kernel: [    0.833764] ata2.00: 976773168 sectors, multi 16: LBA48 NCQ (depth 31/32)
May 31 23:13:44 gchinellato-ubuntu kernel: [    0.872925] ata2.00: configured for UDMA/133
May 31 23:13:44 gchinellato-ubuntu kernel: [    0.951204] usb 1-1: New USB device found, idVendor=8087, idProduct=8000
May 31 23:13:44 gchinellato-ubuntu kernel: [    0.951207] usb 1-1: New USB device strings: Mfr=0, Product=0, SerialNumber=0
May 31 23:13:44 gchinellato-ubuntu kernel: [    0.951724] hub 1-1:1.0: USB hub found
May 31 23:13:44 gchinellato-ubuntu kernel: [    0.951866] hub 1-1:1.0: 8 ports detected
May 31 23:13:44 gchinellato-ubuntu kernel: [    1.224494] usb 1-1.2: new full-speed USB device number 3 using ehci-pci
May 31 23:13:44 gchinellato-ubuntu kernel: [    1.231248] input: PS/2 Logitech Wheel Mouse as /devices/platform/i8042/serio1/input/input8
May 31 23:13:44 gchinellato-ubuntu kernel: [    1.308817] usb 1-1.2: New USB device found, idVendor=045e, idProduct=0745
May 31 23:13:44 gchinellato-ubuntu kernel: [    1.308821] usb 1-1.2: New USB device strings: Mfr=1, Product=2, SerialNumber=0
May 31 23:13:44 gchinellato-ubuntu kernel: [    1.308824] usb 1-1.2: Product: Microsoft 2.4GHz Transceiver v8.0
May 31 23:13:44 gchinellato-ubuntu kernel: [    1.308826] usb 1-1.2: Manufacturer: Microsoft
May 31 23:13:44 gchinellato-ubuntu kernel: [    1.313017] input: Microsoft Microsoft 2.4GHz Transceiver v8.0 as /devices/pci0000:00/0000:00:1d.0/usb1/1-1/1-1.2/1-1.2:1.0/0003:045E:0745.0001/input/input9
May 31 23:13:44 gchinellato-ubuntu kernel: [    1.365119] hid-generic 0003:045E:0745.0001: input,hidraw0: USB HID v1.11 Keyboard [Microsoft Microsoft 2.4GHz Transceiver v8.0] on usb-0000:00:1d.0-1.2/input0
May 31 23:13:44 gchinellato-ubuntu kernel: [    1.371810] input: Microsoft Microsoft 2.4GHz Transceiver v8.0 as /devices/pci0000:00/0000:00:1d.0/usb1/1-1/1-1.2/1-1.2:1.1/0003:045E:0745.0002/input/input10
May 31 23:13:44 gchinellato-ubuntu kernel: [    1.376411] tsc: Refined TSC clocksource calibration: 2394.456 MHz
May 31 23:13:44 gchinellato-ubuntu kernel: [    1.376416] clocksource: tsc: mask: 0xffffffffffffffff max_cycles: 0x2283c236f90, max_idle_ns: 440795217409 ns
May 31 23:13:44 gchinellato-ubuntu kernel: [    1.423798] hid-generic 0003:045E:0745.0002: input,hidraw1: USB HID v1.11 Mouse [Microsoft Microsoft 2.4GHz Transceiver v8.0] on usb-0000:00:1d.0-1.2/input1
May 31 23:13:44 gchinellato-ubuntu kernel: [    1.430500] input: Microsoft Microsoft 2.4GHz Transceiver v8.0 as /devices/pci0000:00/0000:00:1d.0/usb1/1-1/1-1.2/1-1.2:1.2/0003:045E:0745.0003/input/input11
May 31 23:13:44 gchinellato-ubuntu kernel: [    1.482913] hid-generic 0003:045E:0745.0003: input,hiddev96,hidraw2: USB HID v1.11 Device [Microsoft Microsoft 2.4GHz Transceiver v8.0] on usb-0000:00:1d.0-1.2/input2
May 31 23:13:44 gchinellato-ubuntu kernel: [    1.546484] usb 1-1.4: new full-speed USB device number 4 using ehci-pci
May 31 23:13:44 gchinellato-ubuntu kernel: [    1.626436] usb 1-1.4: New USB device found, idVendor=138a, idProduct=0011
May 31 23:13:44 gchinellato-ubuntu kernel: [    1.626441] usb 1-1.4: New USB device strings: Mfr=0, Product=0, SerialNumber=1
May 31 23:13:44 gchinellato-ubuntu kernel: [    1.626443] usb 1-1.4: SerialNumber: 09124c2621d2
May 31 23:13:44 gchinellato-ubuntu kernel: [    1.629484] snd_hda_intel 0000:00:03.0: bound 0000:00:02.0 (ops 0xffffffff9bc893e0)
May 31 23:13:44 gchinellato-ubuntu kernel: [    1.630056] [drm:intel_set_cpu_fifo_underrun_reporting] *ERROR* uncleared fifo underrun on pipe A
May 31 23:13:44 gchinellato-ubuntu kernel: [    1.630063] [drm:intel_cpu_fifo_underrun_irq_handler] *ERROR* CPU pipe A FIFO underrun
May 31 23:13:44 gchinellato-ubuntu kernel: [    1.637474] hdaudio hdaudioC0D0: Unable to bind the codec
May 31 23:13:44 gchinellato-ubuntu kernel: [    1.637538] Console: switching to colour frame buffer device 170x48
May 31 23:13:44 gchinellato-ubuntu kernel: [    1.691387] usb 1-1.5: new high-speed USB device number 5 using ehci-pci
May 31 23:13:44 gchinellato-ubuntu kernel: [    1.699309] i915 0000:00:02.0: fb0: inteldrmfb frame buffer device
May 31 23:13:44 gchinellato-ubuntu kernel: [    1.699450] scsi 1:0:0:0: Direct-Access     ATA      ST500LT012-1DG14 SDM1 PQ: 0 ANSI: 5
May 31 23:13:44 gchinellato-ubuntu kernel: [    1.701230] console [netcon0] enabled
May 31 23:13:44 gchinellato-ubuntu kernel: [    1.701364] sd 1:0:0:0: [sda] 976773168 512-byte logical blocks: (500 GB/466 GiB)
May 31 23:13:44 gchinellato-ubuntu kernel: [    1.701366] sd 1:0:0:0: [sda] 4096-byte physical blocks
May 31 23:13:44 gchinellato-ubuntu kernel: [    1.701382] sd 1:0:0:0: [sda] Write Protect is off
May 31 23:13:44 gchinellato-ubuntu kernel: [    1.701384] sd 1:0:0:0: [sda] Mode Sense: 00 3a 00 00
May 31 23:13:44 gchinellato-ubuntu kernel: [    1.701389] sd 1:0:0:0: Attached scsi generic sg0 type 0
May 31 23:13:44 gchinellato-ubuntu kernel: [    1.701394] sd 1:0:0:0: [sda] Write cache: enabled, read cache: enabled, doesn't support DPO or FUA
May 31 23:13:44 gchinellato-ubuntu kernel: [    1.706757] netconsole: network logging started
May 31 23:13:44 gchinellato-ubuntu kernel: [    1.707684] PM: Hibernation image not present or could not be loaded.
May 31 23:13:44 gchinellato-ubuntu kernel: [    1.707685] ALSA device list:
May 31 23:13:44 gchinellato-ubuntu kernel: [    1.708546]   #0: HDA Intel HDMI at 0xf2610000 irq 44
May 31 23:13:44 gchinellato-ubuntu kernel: [    1.709433]   #1: HDA Intel PCH at 0xf2614000 irq 43
May 31 23:13:44 gchinellato-ubuntu kernel: [    1.752304]  sda: sda1 sda2 sda4 < sda5 sda6 >
May 31 23:13:44 gchinellato-ubuntu kernel: [    1.754478] sd 1:0:0:0: [sda] Attached SCSI disk
May 31 23:13:44 gchinellato-ubuntu kernel: [    1.757758] Freeing unused kernel memory: 1204K
May 31 23:13:44 gchinellato-ubuntu kernel: [    1.759634] Write protecting the kernel read-only data: 14336k
May 31 23:13:44 gchinellato-ubuntu kernel: [    1.761938] Freeing unused kernel memory: 724K
May 31 23:13:44 gchinellato-ubuntu kernel: [    1.768035] Freeing unused kernel memory: 1212K
May 31 23:13:44 gchinellato-ubuntu kernel: [    1.838358] usb 1-1.5: New USB device found, idVendor=0c45, idProduct=6500
May 31 23:13:44 gchinellato-ubuntu kernel: [    1.839710] usb 1-1.5: New USB device strings: Mfr=2, Product=1, SerialNumber=0
May 31 23:13:44 gchinellato-ubuntu kernel: [    1.840663] usb 1-1.5: Product: Laptop_Integrated_Webcam_HD
May 31 23:13:44 gchinellato-ubuntu kernel: [    1.841474] usb 1-1.5: Manufacturer: CNFCHB8K143020000BH2
May 31 23:13:44 gchinellato-ubuntu kernel: [    1.895331] udevadm (1265) used greatest stack depth: 13656 bytes left
May 31 23:13:44 gchinellato-ubuntu kernel: [    1.913406] usb 1-1.7: new full-speed USB device number 6 using ehci-pci
May 31 23:13:44 gchinellato-ubuntu kernel: [    1.994966] usb 1-1.7: New USB device found, idVendor=8087, idProduct=07dc
May 31 23:13:44 gchinellato-ubuntu kernel: [    1.998079] usb 1-1.7: New USB device strings: Mfr=0, Product=0, SerialNumber=0
May 31 23:13:44 gchinellato-ubuntu kernel: [    2.384447] clocksource: Switched to clocksource tsc
May 31 23:13:44 gchinellato-ubuntu kernel: [    2.531291] EXT4-fs (sda5): mounted filesystem with ordered data mode. Opts: (null)
May 31 23:13:44 gchinellato-ubuntu kernel: [    2.887643] random: crng init done
May 31 23:13:44 gchinellato-ubuntu kernel: [    3.528779] hostname (1321) used greatest stack depth: 13184 bytes left
May 31 23:13:44 gchinellato-ubuntu kernel: [    5.027379] Adding 4095996k swap on /dev/sda6.  Priority:-1 extents:1 across:4095996k 
May 31 23:13:44 gchinellato-ubuntu kernel: [    5.662862] EXT4-fs (sda5): re-mounted. Opts: errors=remount-ro
May 31 23:13:44 gchinellato-ubuntu kernel: [    8.284076] mountall (1363) used greatest stack depth: 13064 bytes left
May 31 23:13:46 gchinellato-ubuntu kernel: [   13.618459] sh (1738) used greatest stack depth: 12888 bytes left
May 31 23:13:51 gchinellato-ubuntu kernel: [   18.142091] r8169 0000:07:00.0 eth0: link down
May 31 23:13:51 gchinellato-ubuntu kernel: [   18.142152] IPv6: ADDRCONF(NETDEV_UP): eth0: link is not ready
