Jun  7 12:02:34 gchinellato-ubuntu kernel: [    0.000000] Linux version 4.12.0-rc3-eudyptula-00011-gf511c0b-dirty (gchinellato@gchinellato-ubuntu) (gcc version 4.8.4 (Ubuntu 4.8.4-2ubuntu1~14.04.3) ) #4 SMP Tue Jun 6 15:44:55 BRT 2017
Jun  7 12:02:34 gchinellato-ubuntu kernel: [    0.000000] Command line: BOOT_IMAGE=/boot/vmlinuz-4.12.0-rc3-eudyptula-00011-gf511c0b-dirty root=UUID=8e2417e0-21c4-4053-b097-3c06503a3c12 ro
Jun  7 12:02:34 gchinellato-ubuntu kernel: [    0.000000] x86/fpu: Supporting XSAVE feature 0x001: 'x87 floating point registers'
Jun  7 12:02:34 gchinellato-ubuntu kernel: [    0.000000] x86/fpu: Supporting XSAVE feature 0x002: 'SSE registers'
Jun  7 12:02:34 gchinellato-ubuntu kernel: [    0.000000] x86/fpu: Supporting XSAVE feature 0x004: 'AVX registers'
Jun  7 12:02:34 gchinellato-ubuntu kernel: [    0.000000] x86/fpu: xstate_offset[2]:  576, xstate_sizes[2]:  256
Jun  7 12:02:34 gchinellato-ubuntu kernel: [    0.000000] x86/fpu: Enabled xstate features 0x7, context size is 832 bytes, using 'standard' format.
Jun  7 12:02:34 gchinellato-ubuntu kernel: [    0.000000] e820: BIOS-provided physical RAM map:
Jun  7 12:02:34 gchinellato-ubuntu kernel: [    0.000000] BIOS-e820: [mem 0x0000000000000000-0x000000000009fbff] usable
Jun  7 12:02:34 gchinellato-ubuntu kernel: [    0.000000] BIOS-e820: [mem 0x000000000009fc00-0x000000000009ffff] reserved
Jun  7 12:02:34 gchinellato-ubuntu kernel: [    0.000000] BIOS-e820: [mem 0x00000000000f0000-0x00000000000fffff] reserved
Jun  7 12:02:34 gchinellato-ubuntu kernel: [    0.000000] BIOS-e820: [mem 0x0000000000100000-0x00000000dffeffff] usable
Jun  7 12:02:34 gchinellato-ubuntu kernel: [    0.000000] BIOS-e820: [mem 0x00000000dfff0000-0x00000000dfffffff] ACPI data
Jun  7 12:02:34 gchinellato-ubuntu kernel: [    0.000000] BIOS-e820: [mem 0x00000000fec00000-0x00000000fec00fff] reserved
Jun  7 12:02:34 gchinellato-ubuntu kernel: [    0.000000] BIOS-e820: [mem 0x00000000fee00000-0x00000000fee00fff] reserved
Jun  7 12:02:34 gchinellato-ubuntu kernel: [    0.000000] BIOS-e820: [mem 0x00000000fffc0000-0x00000000ffffffff] reserved
Jun  7 12:02:34 gchinellato-ubuntu kernel: [    0.000000] BIOS-e820: [mem 0x0000000100000000-0x0000000290ffffff] usable
Jun  7 12:02:34 gchinellato-ubuntu kernel: [    0.000000] NX (Execute Disable) protection: active
Jun  7 12:02:34 gchinellato-ubuntu kernel: [    0.000000] SMBIOS 2.5 present.
Jun  7 12:02:34 gchinellato-ubuntu kernel: [    0.000000] DMI: innotek GmbH VirtualBox/VirtualBox, BIOS VirtualBox 12/01/2006
Jun  7 12:02:34 gchinellato-ubuntu kernel: [    0.000000] tsc: Fast TSC calibration using PIT
Jun  7 12:02:34 gchinellato-ubuntu kernel: [    0.000000] e820: update [mem 0x00000000-0x00000fff] usable ==> reserved
Jun  7 12:02:34 gchinellato-ubuntu kernel: [    0.000000] e820: remove [mem 0x000a0000-0x000fffff] usable
Jun  7 12:02:34 gchinellato-ubuntu kernel: [    0.000000] e820: last_pfn = 0x291000 max_arch_pfn = 0x400000000
Jun  7 12:02:34 gchinellato-ubuntu kernel: [    0.000000] MTRR default type: uncachable
Jun  7 12:02:34 gchinellato-ubuntu kernel: [    0.000000] MTRR variable ranges disabled:
Jun  7 12:02:34 gchinellato-ubuntu kernel: [    0.000000] MTRR: Disabled
Jun  7 12:02:34 gchinellato-ubuntu kernel: [    0.000000] x86/PAT: MTRRs disabled, skipping PAT initialization too.
Jun  7 12:02:34 gchinellato-ubuntu kernel: [    0.000000] x86/PAT: Configuration [0-7]: WB  WT  UC- UC  WB  WT  UC- UC  
Jun  7 12:02:34 gchinellato-ubuntu kernel: [    0.000000] CPU MTRRs all blank - virtualized system.
Jun  7 12:02:34 gchinellato-ubuntu kernel: [    0.000000] e820: last_pfn = 0xdfff0 max_arch_pfn = 0x400000000
Jun  7 12:02:34 gchinellato-ubuntu kernel: [    0.000000] found SMP MP-table at [mem 0x0009fff0-0x0009ffff] mapped at [ffffa0dac009fff0]
Jun  7 12:02:34 gchinellato-ubuntu kernel: [    0.000000] Scanning 1 areas for low memory corruption
Jun  7 12:02:34 gchinellato-ubuntu kernel: [    0.000000] Base memory trampoline at [ffffa0dac0099000] 99000 size 24576
Jun  7 12:02:34 gchinellato-ubuntu kernel: [    0.000000] BRK [0x2cd3a000, 0x2cd3afff] PGTABLE
Jun  7 12:02:34 gchinellato-ubuntu kernel: [    0.000000] BRK [0x2cd3b000, 0x2cd3bfff] PGTABLE
Jun  7 12:02:34 gchinellato-ubuntu kernel: [    0.000000] BRK [0x2cd3c000, 0x2cd3cfff] PGTABLE
Jun  7 12:02:34 gchinellato-ubuntu kernel: [    0.000000] BRK [0x2cd3d000, 0x2cd3dfff] PGTABLE
Jun  7 12:02:34 gchinellato-ubuntu kernel: [    0.000000] BRK [0x2cd3e000, 0x2cd3efff] PGTABLE
Jun  7 12:02:34 gchinellato-ubuntu kernel: [    0.000000] BRK [0x2cd3f000, 0x2cd3ffff] PGTABLE
Jun  7 12:02:34 gchinellato-ubuntu kernel: [    0.000000] BRK [0x2cd40000, 0x2cd40fff] PGTABLE
Jun  7 12:02:34 gchinellato-ubuntu kernel: [    0.000000] BRK [0x2cd41000, 0x2cd41fff] PGTABLE
Jun  7 12:02:34 gchinellato-ubuntu kernel: [    0.000000] BRK [0x2cd42000, 0x2cd42fff] PGTABLE
Jun  7 12:02:34 gchinellato-ubuntu kernel: [    0.000000] BRK [0x2cd43000, 0x2cd43fff] PGTABLE
Jun  7 12:02:34 gchinellato-ubuntu kernel: [    0.000000] BRK [0x2cd44000, 0x2cd44fff] PGTABLE
Jun  7 12:02:34 gchinellato-ubuntu kernel: [    0.000000] RAMDISK: [mem 0x37abc000-0x37d55fff]
Jun  7 12:02:34 gchinellato-ubuntu kernel: [    0.000000] ACPI: Early table checksum verification disabled
Jun  7 12:02:34 gchinellato-ubuntu kernel: [    0.000000] ACPI: RSDP 0x00000000000E0000 000024 (v02 VBOX  )
Jun  7 12:02:34 gchinellato-ubuntu kernel: [    0.000000] ACPI: XSDT 0x00000000DFFF0030 00003C (v01 VBOX   VBOXXSDT 00000001 ASL  00000061)
Jun  7 12:02:34 gchinellato-ubuntu kernel: [    0.000000] ACPI: FACP 0x00000000DFFF00F0 0000F4 (v04 VBOX   VBOXFACP 00000001 ASL  00000061)
Jun  7 12:02:34 gchinellato-ubuntu kernel: [    0.000000] ACPI: DSDT 0x00000000DFFF0480 0021C8 (v02 VBOX   VBOXBIOS 00000002 INTL 20100528)
Jun  7 12:02:34 gchinellato-ubuntu kernel: [    0.000000] ACPI: FACS 0x00000000DFFF0200 000040
Jun  7 12:02:34 gchinellato-ubuntu kernel: [    0.000000] ACPI: FACS 0x00000000DFFF0200 000040
Jun  7 12:02:34 gchinellato-ubuntu kernel: [    0.000000] ACPI: APIC 0x00000000DFFF0240 00006C (v02 VBOX   VBOXAPIC 00000001 ASL  00000061)
Jun  7 12:02:34 gchinellato-ubuntu kernel: [    0.000000] ACPI: SSDT 0x00000000DFFF02B0 0001CC (v01 VBOX   VBOXCPUT 00000002 INTL 20100528)
Jun  7 12:02:34 gchinellato-ubuntu kernel: [    0.000000] ACPI: Local APIC address 0xfee00000
Jun  7 12:02:34 gchinellato-ubuntu kernel: [    0.000000] No NUMA configuration found
Jun  7 12:02:34 gchinellato-ubuntu kernel: [    0.000000] Faking a node at [mem 0x0000000000000000-0x0000000290ffffff]
Jun  7 12:02:34 gchinellato-ubuntu kernel: [    0.000000] NODE_DATA(0) allocated [mem 0x290ff8000-0x290ffbfff]
Jun  7 12:02:34 gchinellato-ubuntu kernel: [    0.000000] Zone ranges:
Jun  7 12:02:34 gchinellato-ubuntu kernel: [    0.000000]   DMA      [mem 0x0000000000001000-0x0000000000ffffff]
Jun  7 12:02:34 gchinellato-ubuntu kernel: [    0.000000]   DMA32    [mem 0x0000000001000000-0x00000000ffffffff]
Jun  7 12:02:34 gchinellato-ubuntu kernel: [    0.000000]   Normal   [mem 0x0000000100000000-0x0000000290ffffff]
Jun  7 12:02:34 gchinellato-ubuntu kernel: [    0.000000] Movable zone start for each node
Jun  7 12:02:34 gchinellato-ubuntu kernel: [    0.000000] Early memory node ranges
Jun  7 12:02:34 gchinellato-ubuntu kernel: [    0.000000]   node   0: [mem 0x0000000000001000-0x000000000009efff]
Jun  7 12:02:34 gchinellato-ubuntu kernel: [    0.000000]   node   0: [mem 0x0000000000100000-0x00000000dffeffff]
Jun  7 12:02:34 gchinellato-ubuntu kernel: [    0.000000]   node   0: [mem 0x0000000100000000-0x0000000290ffffff]
Jun  7 12:02:34 gchinellato-ubuntu kernel: [    0.000000] Initmem setup node 0 [mem 0x0000000000001000-0x0000000290ffffff]
Jun  7 12:02:34 gchinellato-ubuntu kernel: [    0.000000] On node 0 totalpages: 2559886
Jun  7 12:02:34 gchinellato-ubuntu kernel: [    0.000000]   DMA zone: 64 pages used for memmap
Jun  7 12:02:34 gchinellato-ubuntu kernel: [    0.000000]   DMA zone: 21 pages reserved
Jun  7 12:02:34 gchinellato-ubuntu kernel: [    0.000000]   DMA zone: 3998 pages, LIFO batch:0
Jun  7 12:02:34 gchinellato-ubuntu kernel: [    0.000000]   DMA32 zone: 14272 pages used for memmap
Jun  7 12:02:34 gchinellato-ubuntu kernel: [    0.000000]   DMA32 zone: 913392 pages, LIFO batch:31
Jun  7 12:02:34 gchinellato-ubuntu kernel: [    0.000000]   Normal zone: 25664 pages used for memmap
Jun  7 12:02:34 gchinellato-ubuntu kernel: [    0.000000]   Normal zone: 1642496 pages, LIFO batch:31
Jun  7 12:02:34 gchinellato-ubuntu kernel: [    0.000000] ACPI: PM-Timer IO Port: 0x4008
Jun  7 12:02:34 gchinellato-ubuntu kernel: [    0.000000] ACPI: Local APIC address 0xfee00000
Jun  7 12:02:34 gchinellato-ubuntu kernel: [    0.000000] IOAPIC[0]: apic_id 4, version 32, address 0xfec00000, GSI 0-23
Jun  7 12:02:34 gchinellato-ubuntu kernel: [    0.000000] ACPI: INT_SRC_OVR (bus 0 bus_irq 0 global_irq 2 dfl dfl)
Jun  7 12:02:34 gchinellato-ubuntu kernel: [    0.000000] ACPI: INT_SRC_OVR (bus 0 bus_irq 9 global_irq 9 high level)
Jun  7 12:02:34 gchinellato-ubuntu kernel: [    0.000000] ACPI: IRQ0 used by override.
Jun  7 12:02:34 gchinellato-ubuntu kernel: [    0.000000] ACPI: IRQ9 used by override.
Jun  7 12:02:34 gchinellato-ubuntu kernel: [    0.000000] Using ACPI (MADT) for SMP configuration information
Jun  7 12:02:34 gchinellato-ubuntu kernel: [    0.000000] smpboot: Allowing 4 CPUs, 0 hotplug CPUs
Jun  7 12:02:34 gchinellato-ubuntu kernel: [    0.000000] PM: Registered nosave memory: [mem 0x00000000-0x00000fff]
Jun  7 12:02:34 gchinellato-ubuntu kernel: [    0.000000] PM: Registered nosave memory: [mem 0x0009f000-0x0009ffff]
Jun  7 12:02:34 gchinellato-ubuntu kernel: [    0.000000] PM: Registered nosave memory: [mem 0x000a0000-0x000effff]
Jun  7 12:02:34 gchinellato-ubuntu kernel: [    0.000000] PM: Registered nosave memory: [mem 0x000f0000-0x000fffff]
Jun  7 12:02:34 gchinellato-ubuntu kernel: [    0.000000] PM: Registered nosave memory: [mem 0xdfff0000-0xdfffffff]
Jun  7 12:02:34 gchinellato-ubuntu kernel: [    0.000000] PM: Registered nosave memory: [mem 0xe0000000-0xfebfffff]
Jun  7 12:02:34 gchinellato-ubuntu kernel: [    0.000000] PM: Registered nosave memory: [mem 0xfec00000-0xfec00fff]
Jun  7 12:02:34 gchinellato-ubuntu kernel: [    0.000000] PM: Registered nosave memory: [mem 0xfec01000-0xfedfffff]
Jun  7 12:02:34 gchinellato-ubuntu kernel: [    0.000000] PM: Registered nosave memory: [mem 0xfee00000-0xfee00fff]
Jun  7 12:02:34 gchinellato-ubuntu kernel: [    0.000000] PM: Registered nosave memory: [mem 0xfee01000-0xfffbffff]
Jun  7 12:02:34 gchinellato-ubuntu kernel: [    0.000000] PM: Registered nosave memory: [mem 0xfffc0000-0xffffffff]
Jun  7 12:02:34 gchinellato-ubuntu kernel: [    0.000000] e820: [mem 0xe0000000-0xfebfffff] available for PCI devices
Jun  7 12:02:34 gchinellato-ubuntu kernel: [    0.000000] clocksource: refined-jiffies: mask: 0xffffffff max_cycles: 0xffffffff, max_idle_ns: 1910969940391419 ns
Jun  7 12:02:34 gchinellato-ubuntu kernel: [    0.000000] setup_percpu: NR_CPUS:64 nr_cpumask_bits:64 nr_cpu_ids:4 nr_node_ids:1
Jun  7 12:02:34 gchinellato-ubuntu kernel: [    0.000000] percpu: Embedded 36 pages/cpu @ffffa0dd50c00000 s110552 r8192 d28712 u524288
Jun  7 12:02:34 gchinellato-ubuntu kernel: [    0.000000] pcpu-alloc: s110552 r8192 d28712 u524288 alloc=1*2097152
Jun  7 12:02:34 gchinellato-ubuntu kernel: [    0.000000] pcpu-alloc: [0] 0 1 2 3 
Jun  7 12:02:34 gchinellato-ubuntu kernel: [    0.000000] Built 1 zonelists in Node order, mobility grouping on.  Total pages: 2519865
Jun  7 12:02:34 gchinellato-ubuntu kernel: [    0.000000] Policy zone: Normal
Jun  7 12:02:34 gchinellato-ubuntu kernel: [    0.000000] Kernel command line: BOOT_IMAGE=/boot/vmlinuz-4.12.0-rc3-eudyptula-00011-gf511c0b-dirty root=UUID=8e2417e0-21c4-4053-b097-3c06503a3c12 ro
Jun  7 12:02:34 gchinellato-ubuntu kernel: [    0.000000] PID hash table entries: 4096 (order: 3, 32768 bytes)
Jun  7 12:02:34 gchinellato-ubuntu kernel: [    0.000000] Calgary: detecting Calgary via BIOS EBDA area
Jun  7 12:02:34 gchinellato-ubuntu kernel: [    0.000000] Calgary: Unable to locate Rio Grande table in EBDA - bailing!
Jun  7 12:02:34 gchinellato-ubuntu kernel: [    0.000000] Memory: 9990696K/10239544K available (9495K kernel code, 1285K rwdata, 2884K rodata, 1204K init, 688K bss, 248848K reserved, 0K cma-reserved)
Jun  7 12:02:34 gchinellato-ubuntu kernel: [    0.000000] SLUB: HWalign=64, Order=0-3, MinObjects=0, CPUs=4, Nodes=1
Jun  7 12:02:34 gchinellato-ubuntu kernel: [    0.000000] Hierarchical RCU implementation.
Jun  7 12:02:34 gchinellato-ubuntu kernel: [    0.000000] 	RCU debugfs-based tracing is enabled.
Jun  7 12:02:34 gchinellato-ubuntu kernel: [    0.000000] 	RCU restricting CPUs from NR_CPUS=64 to nr_cpu_ids=4.
Jun  7 12:02:34 gchinellato-ubuntu kernel: [    0.000000] RCU: Adjusting geometry for rcu_fanout_leaf=16, nr_cpu_ids=4
Jun  7 12:02:34 gchinellato-ubuntu kernel: [    0.000000] NR_IRQS:4352 nr_irqs:456 16
Jun  7 12:02:34 gchinellato-ubuntu kernel: [    0.000000] Console: colour dummy device 80x25
Jun  7 12:02:34 gchinellato-ubuntu kernel: [    0.000000] console [tty0] enabled
Jun  7 12:02:34 gchinellato-ubuntu kernel: [    0.000000] tsc: Fast TSC calibration using PIT
Jun  7 12:02:34 gchinellato-ubuntu kernel: [    0.001000] tsc: Detected 2743.120 MHz processor
Jun  7 12:02:34 gchinellato-ubuntu kernel: [    0.001000] Calibrating delay loop (skipped), value calculated using timer frequency.. 5486.24 BogoMIPS (lpj=2743120)
Jun  7 12:02:34 gchinellato-ubuntu kernel: [    0.001000] pid_max: default: 32768 minimum: 301
Jun  7 12:02:34 gchinellato-ubuntu kernel: [    0.001000] ACPI: Core revision 20170303
Jun  7 12:02:34 gchinellato-ubuntu kernel: [    0.002653] ACPI: 2 ACPI AML tables successfully acquired and loaded
Jun  7 12:02:34 gchinellato-ubuntu kernel: [    0.002703] Security Framework initialized
Jun  7 12:02:34 gchinellato-ubuntu kernel: [    0.002707] SELinux:  Initializing.
Jun  7 12:02:34 gchinellato-ubuntu kernel: [    0.002714] SELinux:  Starting in permissive mode
Jun  7 12:02:34 gchinellato-ubuntu kernel: [    0.004035] Dentry cache hash table entries: 2097152 (order: 12, 16777216 bytes)
Jun  7 12:02:34 gchinellato-ubuntu kernel: [    0.014012] Inode-cache hash table entries: 1048576 (order: 11, 8388608 bytes)
Jun  7 12:02:34 gchinellato-ubuntu kernel: [    0.018583] Mount-cache hash table entries: 32768 (order: 6, 262144 bytes)
Jun  7 12:02:34 gchinellato-ubuntu kernel: [    0.018630] Mountpoint-cache hash table entries: 32768 (order: 6, 262144 bytes)
Jun  7 12:02:34 gchinellato-ubuntu kernel: [    0.019087] CPU: Physical Processor ID: 0
Jun  7 12:02:34 gchinellato-ubuntu kernel: [    0.019091] CPU: Processor Core ID: 0
Jun  7 12:02:34 gchinellato-ubuntu kernel: [    0.019107] mce: CPU supports 0 MCE banks
Jun  7 12:02:34 gchinellato-ubuntu kernel: [    0.019128] Last level iTLB entries: 4KB 64, 2MB 8, 4MB 8
Jun  7 12:02:34 gchinellato-ubuntu kernel: [    0.019131] Last level dTLB entries: 4KB 64, 2MB 0, 4MB 0, 1GB 4
Jun  7 12:02:34 gchinellato-ubuntu kernel: [    0.019273] Freeing SMP alternatives memory: 32K
Jun  7 12:02:34 gchinellato-ubuntu kernel: [    0.019389] smpboot: Max logical packages: 1
Jun  7 12:02:34 gchinellato-ubuntu kernel: [    0.020292] ..TIMER: vector=0x30 apic1=0 pin1=2 apic2=-1 pin2=-1
Jun  7 12:02:34 gchinellato-ubuntu kernel: [    0.032000] smpboot: CPU0: Intel(R) Core(TM) i7-6820HQ CPU @ 2.70GHz (family: 0x6, model: 0x5e, stepping: 0x3)
Jun  7 12:02:34 gchinellato-ubuntu kernel: [    0.032000] Performance Events: unsupported p6 CPU model 94 no PMU driver, software events only.
Jun  7 12:02:34 gchinellato-ubuntu kernel: [    0.032172] smp: Bringing up secondary CPUs ...
Jun  7 12:02:34 gchinellato-ubuntu kernel: [    0.032274] x86: Booting SMP configuration:
Jun  7 12:02:34 gchinellato-ubuntu kernel: [    0.032278] .... node  #0, CPUs:      #1
Jun  7 12:02:34 gchinellato-ubuntu kernel: [    0.001000] mce: CPU supports 0 MCE banks
Jun  7 12:02:34 gchinellato-ubuntu kernel: [    0.093112]  #2
Jun  7 12:02:34 gchinellato-ubuntu kernel: [    0.001000] mce: CPU supports 0 MCE banks
Jun  7 12:02:34 gchinellato-ubuntu kernel: [    0.155125]  #3
Jun  7 12:02:34 gchinellato-ubuntu kernel: [    0.001000] mce: CPU supports 0 MCE banks
Jun  7 12:02:34 gchinellato-ubuntu kernel: [    0.216020] smp: Brought up 1 node, 4 CPUs
Jun  7 12:02:34 gchinellato-ubuntu kernel: [    0.216043] smpboot: Total of 4 processors activated (21972.40 BogoMIPS)
Jun  7 12:02:34 gchinellato-ubuntu kernel: [    0.216291] sched_clock: Marking stable (216000000, 0)->(320271201, -104271201)
Jun  7 12:02:34 gchinellato-ubuntu kernel: [    0.217286] devtmpfs: initialized
Jun  7 12:02:34 gchinellato-ubuntu kernel: [    0.217697] kworker/u8:0 (30) used greatest stack depth: 14848 bytes left
Jun  7 12:02:34 gchinellato-ubuntu kernel: [    0.217730] clocksource: jiffies: mask: 0xffffffff max_cycles: 0xffffffff, max_idle_ns: 1911260446275000 ns
Jun  7 12:02:34 gchinellato-ubuntu kernel: [    0.217735] futex hash table entries: 1024 (order: 4, 65536 bytes)
Jun  7 12:02:34 gchinellato-ubuntu kernel: [    0.217919] RTC time: 15:02:19, date: 06/07/17
Jun  7 12:02:34 gchinellato-ubuntu kernel: [    0.218176] NET: Registered protocol family 16
Jun  7 12:02:34 gchinellato-ubuntu kernel: [    0.218407] kworker/u8:0 (32) used greatest stack depth: 14168 bytes left
Jun  7 12:02:34 gchinellato-ubuntu kernel: [    0.218879] cpuidle: using governor menu
Jun  7 12:02:34 gchinellato-ubuntu kernel: [    0.218884] PCCT header not found.
Jun  7 12:02:34 gchinellato-ubuntu kernel: [    0.218923] ACPI: bus type PCI registered
Jun  7 12:02:34 gchinellato-ubuntu kernel: [    0.219016] PCI: Using configuration type 1 for base access
Jun  7 12:02:34 gchinellato-ubuntu kernel: [    0.225471] HugeTLB registered 2 MB page size, pre-allocated 0 pages
Jun  7 12:02:34 gchinellato-ubuntu kernel: [    0.231229] ACPI: Added _OSI(Module Device)
Jun  7 12:02:34 gchinellato-ubuntu kernel: [    0.231235] ACPI: Added _OSI(Processor Device)
Jun  7 12:02:34 gchinellato-ubuntu kernel: [    0.231239] ACPI: Added _OSI(3.0 _SCP Extensions)
Jun  7 12:02:34 gchinellato-ubuntu kernel: [    0.231256] ACPI: Added _OSI(Processor Aggregator Device)
Jun  7 12:02:34 gchinellato-ubuntu kernel: [    0.231475] ACPI: Executed 1 blocks of module-level executable AML code
Jun  7 12:02:34 gchinellato-ubuntu kernel: [    0.233559] ACPI: Interpreter enabled
Jun  7 12:02:34 gchinellato-ubuntu kernel: [    0.233569] ACPI: (supports S0 S5)
Jun  7 12:02:34 gchinellato-ubuntu kernel: [    0.233571] ACPI: Using IOAPIC for interrupt routing
Jun  7 12:02:34 gchinellato-ubuntu kernel: [    0.233682] PCI: Using host bridge windows from ACPI; if necessary, use "pci=nocrs" and report a bug
Jun  7 12:02:34 gchinellato-ubuntu kernel: [    0.237433] ACPI: PCI Root Bridge [PCI0] (domain 0000 [bus 00-ff])
Jun  7 12:02:34 gchinellato-ubuntu kernel: [    0.237439] acpi PNP0A03:00: _OSC: OS supports [ASPM ClockPM Segments MSI]
Jun  7 12:02:34 gchinellato-ubuntu kernel: [    0.237445] acpi PNP0A03:00: _OSC failed (AE_NOT_FOUND); disabling ASPM
Jun  7 12:02:34 gchinellato-ubuntu kernel: [    0.237452] acpi PNP0A03:00: fail to add MMCONFIG information, can't access extended PCI configuration space under this bridge.
Jun  7 12:02:34 gchinellato-ubuntu kernel: [    0.237528] PCI host bridge to bus 0000:00
Jun  7 12:02:34 gchinellato-ubuntu kernel: [    0.237533] pci_bus 0000:00: root bus resource [io  0x0000-0x0cf7 window]
Jun  7 12:02:34 gchinellato-ubuntu kernel: [    0.237537] pci_bus 0000:00: root bus resource [io  0x0d00-0xffff window]
Jun  7 12:02:34 gchinellato-ubuntu kernel: [    0.237541] pci_bus 0000:00: root bus resource [mem 0x000a0000-0x000bffff window]
Jun  7 12:02:34 gchinellato-ubuntu kernel: [    0.237545] pci_bus 0000:00: root bus resource [mem 0xe0000000-0xffdfffff window]
Jun  7 12:02:34 gchinellato-ubuntu kernel: [    0.237550] pci_bus 0000:00: root bus resource [bus 00-ff]
Jun  7 12:02:34 gchinellato-ubuntu kernel: [    0.237600] pci 0000:00:00.0: [8086:1237] type 00 class 0x060000
Jun  7 12:02:34 gchinellato-ubuntu kernel: [    0.238140] pci 0000:00:01.0: [8086:7000] type 00 class 0x060100
Jun  7 12:02:34 gchinellato-ubuntu kernel: [    0.238619] pci 0000:00:01.1: [8086:7111] type 00 class 0x01018a
Jun  7 12:02:34 gchinellato-ubuntu kernel: [    0.239071] pci 0000:00:01.1: reg 0x20: [io  0xd000-0xd00f]
Jun  7 12:02:34 gchinellato-ubuntu kernel: [    0.239191] pci 0000:00:01.1: legacy IDE quirk: reg 0x10: [io  0x01f0-0x01f7]
Jun  7 12:02:34 gchinellato-ubuntu kernel: [    0.239195] pci 0000:00:01.1: legacy IDE quirk: reg 0x14: [io  0x03f6]
Jun  7 12:02:34 gchinellato-ubuntu kernel: [    0.239199] pci 0000:00:01.1: legacy IDE quirk: reg 0x18: [io  0x0170-0x0177]
Jun  7 12:02:34 gchinellato-ubuntu kernel: [    0.239202] pci 0000:00:01.1: legacy IDE quirk: reg 0x1c: [io  0x0376]
Jun  7 12:02:34 gchinellato-ubuntu kernel: [    0.239372] pci 0000:00:02.0: [80ee:beef] type 00 class 0x030000
Jun  7 12:02:34 gchinellato-ubuntu kernel: [    0.244119] pci 0000:00:02.0: reg 0x10: [mem 0xe0000000-0xe3ffffff pref]
Jun  7 12:02:34 gchinellato-ubuntu kernel: [    0.274408] pci 0000:00:03.0: [8086:100e] type 00 class 0x020000
Jun  7 12:02:34 gchinellato-ubuntu kernel: [    0.278104] pci 0000:00:03.0: reg 0x10: [mem 0xf0000000-0xf001ffff]
Jun  7 12:02:34 gchinellato-ubuntu kernel: [    0.285064] pci 0000:00:03.0: reg 0x18: [io  0xd010-0xd017]
Jun  7 12:02:34 gchinellato-ubuntu kernel: [    0.300292] pci 0000:00:04.0: [80ee:cafe] type 00 class 0x088000
Jun  7 12:02:34 gchinellato-ubuntu kernel: [    0.303814] pci 0000:00:04.0: reg 0x10: [io  0xd020-0xd03f]
Jun  7 12:02:34 gchinellato-ubuntu kernel: [    0.307114] pci 0000:00:04.0: reg 0x14: [mem 0xf0400000-0xf07fffff]
Jun  7 12:02:34 gchinellato-ubuntu kernel: [    0.310153] pci 0000:00:04.0: reg 0x18: [mem 0xf0800000-0xf0803fff pref]
Jun  7 12:02:34 gchinellato-ubuntu kernel: [    0.324448] pci 0000:00:05.0: [8086:2415] type 00 class 0x040100
Jun  7 12:02:34 gchinellato-ubuntu kernel: [    0.324519] pci 0000:00:05.0: reg 0x10: [io  0xd100-0xd1ff]
Jun  7 12:02:34 gchinellato-ubuntu kernel: [    0.324566] pci 0000:00:05.0: reg 0x14: [io  0xd200-0xd23f]
Jun  7 12:02:34 gchinellato-ubuntu kernel: [    0.325133] pci 0000:00:06.0: [106b:003f] type 00 class 0x0c0310
Jun  7 12:02:34 gchinellato-ubuntu kernel: [    0.328970] pci 0000:00:06.0: reg 0x10: [mem 0xf0804000-0xf0804fff]
Jun  7 12:02:34 gchinellato-ubuntu kernel: [    0.350516] pci 0000:00:07.0: [8086:7113] type 00 class 0x068000
Jun  7 12:02:34 gchinellato-ubuntu kernel: [    0.350896] pci 0000:00:07.0: quirk: [io  0x4000-0x403f] claimed by PIIX4 ACPI
Jun  7 12:02:34 gchinellato-ubuntu kernel: [    0.350909] pci 0000:00:07.0: quirk: [io  0x4100-0x410f] claimed by PIIX4 SMB
Jun  7 12:02:34 gchinellato-ubuntu kernel: [    0.351300] pci 0000:00:08.0: [8086:100e] type 00 class 0x020000
Jun  7 12:02:34 gchinellato-ubuntu kernel: [    0.356204] pci 0000:00:08.0: reg 0x10: [mem 0xf0820000-0xf083ffff]
Jun  7 12:02:34 gchinellato-ubuntu kernel: [    0.363787] pci 0000:00:08.0: reg 0x18: [io  0xd240-0xd247]
Jun  7 12:02:34 gchinellato-ubuntu kernel: [    0.378649] pci 0000:00:09.0: [8086:100e] type 00 class 0x020000
Jun  7 12:02:34 gchinellato-ubuntu kernel: [    0.382159] pci 0000:00:09.0: reg 0x10: [mem 0xf0840000-0xf085ffff]
Jun  7 12:02:34 gchinellato-ubuntu kernel: [    0.390110] pci 0000:00:09.0: reg 0x18: [io  0xd248-0xd24f]
Jun  7 12:02:34 gchinellato-ubuntu kernel: [    0.404678] pci 0000:00:0d.0: [8086:2829] type 00 class 0x010601
Jun  7 12:02:34 gchinellato-ubuntu kernel: [    0.408809] pci 0000:00:0d.0: reg 0x10: [io  0xd250-0xd257]
Jun  7 12:02:34 gchinellato-ubuntu kernel: [    0.417800] pci 0000:00:0d.0: reg 0x18: [io  0xd260-0xd267]
Jun  7 12:02:34 gchinellato-ubuntu kernel: [    0.425238] pci 0000:00:0d.0: reg 0x20: [io  0xd270-0xd27f]
Jun  7 12:02:34 gchinellato-ubuntu kernel: [    0.428235] pci 0000:00:0d.0: reg 0x24: [mem 0xf0860000-0xf0861fff]
Jun  7 12:02:34 gchinellato-ubuntu kernel: [    0.433464] ACPI: PCI Interrupt Link [LNKA] (IRQs 5 9 10 *11)
Jun  7 12:02:34 gchinellato-ubuntu kernel: [    0.433609] ACPI: PCI Interrupt Link [LNKB] (IRQs 5 9 10 *11)
Jun  7 12:02:34 gchinellato-ubuntu kernel: [    0.433669] ACPI: PCI Interrupt Link [LNKC] (IRQs 5 9 *10 11)
Jun  7 12:02:34 gchinellato-ubuntu kernel: [    0.433728] ACPI: PCI Interrupt Link [LNKD] (IRQs 5 *9 10 11)
Jun  7 12:02:34 gchinellato-ubuntu kernel: [    0.433890] ACPI: Enabled 2 GPEs in block 00 to 07
Jun  7 12:02:34 gchinellato-ubuntu kernel: [    0.434038] pci 0000:00:02.0: vgaarb: setting as boot VGA device
Jun  7 12:02:34 gchinellato-ubuntu kernel: [    0.434041] pci 0000:00:02.0: vgaarb: VGA device added: decodes=io+mem,owns=io+mem,locks=none
Jun  7 12:02:34 gchinellato-ubuntu kernel: [    0.434056] pci 0000:00:02.0: vgaarb: bridge control possible
Jun  7 12:02:34 gchinellato-ubuntu kernel: [    0.434059] vgaarb: loaded
Jun  7 12:02:34 gchinellato-ubuntu kernel: [    0.434174] SCSI subsystem initialized
Jun  7 12:02:34 gchinellato-ubuntu kernel: [    0.434357] libata version 3.00 loaded.
Jun  7 12:02:34 gchinellato-ubuntu kernel: [    0.434380] ACPI: bus type USB registered
Jun  7 12:02:34 gchinellato-ubuntu kernel: [    0.434398] usbcore: registered new interface driver usbfs
Jun  7 12:02:34 gchinellato-ubuntu kernel: [    0.434419] usbcore: registered new interface driver hub
Jun  7 12:02:34 gchinellato-ubuntu kernel: [    0.434497] usbcore: registered new device driver usb
Jun  7 12:02:34 gchinellato-ubuntu kernel: [    0.434517] pps_core: LinuxPPS API ver. 1 registered
Jun  7 12:02:34 gchinellato-ubuntu kernel: [    0.434520] pps_core: Software ver. 5.3.6 - Copyright 2005-2007 Rodolfo Giometti <giometti@linux.it>
Jun  7 12:02:34 gchinellato-ubuntu kernel: [    0.434528] PTP clock support registered
Jun  7 12:02:34 gchinellato-ubuntu kernel: [    0.434613] EDAC MC: Ver: 3.0.0
Jun  7 12:02:34 gchinellato-ubuntu kernel: [    0.435017] Advanced Linux Sound Architecture Driver Initialized.
Jun  7 12:02:34 gchinellato-ubuntu kernel: [    0.435029] PCI: Using ACPI for IRQ routing
Jun  7 12:02:34 gchinellato-ubuntu kernel: [    0.435032] PCI: pci_cache_line_size set to 64 bytes
Jun  7 12:02:34 gchinellato-ubuntu kernel: [    0.435231] e820: reserve RAM buffer [mem 0x0009fc00-0x0009ffff]
Jun  7 12:02:34 gchinellato-ubuntu kernel: [    0.435234] e820: reserve RAM buffer [mem 0xdfff0000-0xdfffffff]
Jun  7 12:02:34 gchinellato-ubuntu kernel: [    0.435235] e820: reserve RAM buffer [mem 0x291000000-0x293ffffff]
Jun  7 12:02:34 gchinellato-ubuntu kernel: [    0.435539] NetLabel: Initializing
Jun  7 12:02:34 gchinellato-ubuntu kernel: [    0.435543] NetLabel:  domain hash size = 128
Jun  7 12:02:34 gchinellato-ubuntu kernel: [    0.435546] NetLabel:  protocols = UNLABELED CIPSOv4 CALIPSO
Jun  7 12:02:34 gchinellato-ubuntu kernel: [    0.435561] NetLabel:  unlabeled traffic allowed by default
Jun  7 12:02:34 gchinellato-ubuntu kernel: [    0.435712] clocksource: Switched to clocksource refined-jiffies
Jun  7 12:02:34 gchinellato-ubuntu kernel: [    0.444951] VFS: Disk quotas dquot_6.6.0
Jun  7 12:02:34 gchinellato-ubuntu kernel: [    0.444965] VFS: Dquot-cache hash table entries: 512 (order 0, 4096 bytes)
Jun  7 12:02:34 gchinellato-ubuntu kernel: [    0.445024] pnp: PnP ACPI init
Jun  7 12:02:34 gchinellato-ubuntu kernel: [    0.445093] pnp 00:00: Plug and Play ACPI device, IDs PNP0303 (active)
Jun  7 12:02:34 gchinellato-ubuntu kernel: [    0.445150] pnp 00:01: Plug and Play ACPI device, IDs PNP0f03 (active)
Jun  7 12:02:34 gchinellato-ubuntu kernel: [    0.445561] pnp: PnP ACPI: found 2 devices
Jun  7 12:02:34 gchinellato-ubuntu kernel: [    0.451301] clocksource: acpi_pm: mask: 0xffffff max_cycles: 0xffffff, max_idle_ns: 2085701024 ns
Jun  7 12:02:34 gchinellato-ubuntu kernel: [    0.451359] clocksource: Switched to clocksource acpi_pm
Jun  7 12:02:34 gchinellato-ubuntu kernel: [    0.451381] pci_bus 0000:00: resource 4 [io  0x0000-0x0cf7 window]
Jun  7 12:02:34 gchinellato-ubuntu kernel: [    0.451383] pci_bus 0000:00: resource 5 [io  0x0d00-0xffff window]
Jun  7 12:02:34 gchinellato-ubuntu kernel: [    0.451386] pci_bus 0000:00: resource 6 [mem 0x000a0000-0x000bffff window]
Jun  7 12:02:34 gchinellato-ubuntu kernel: [    0.451388] pci_bus 0000:00: resource 7 [mem 0xe0000000-0xffdfffff window]
Jun  7 12:02:34 gchinellato-ubuntu kernel: [    0.451417] NET: Registered protocol family 2
Jun  7 12:02:34 gchinellato-ubuntu kernel: [    0.451550] TCP established hash table entries: 131072 (order: 8, 1048576 bytes)
Jun  7 12:02:34 gchinellato-ubuntu kernel: [    0.451691] TCP bind hash table entries: 65536 (order: 8, 1048576 bytes)
Jun  7 12:02:34 gchinellato-ubuntu kernel: [    0.451797] TCP: Hash tables configured (established 131072 bind 65536)
Jun  7 12:02:34 gchinellato-ubuntu kernel: [    0.451826] UDP hash table entries: 8192 (order: 6, 262144 bytes)
Jun  7 12:02:34 gchinellato-ubuntu kernel: [    0.451862] UDP-Lite hash table entries: 8192 (order: 6, 262144 bytes)
Jun  7 12:02:34 gchinellato-ubuntu kernel: [    0.451909] NET: Registered protocol family 1
Jun  7 12:02:34 gchinellato-ubuntu kernel: [    0.452445] RPC: Registered named UNIX socket transport module.
Jun  7 12:02:34 gchinellato-ubuntu kernel: [    0.452449] RPC: Registered udp transport module.
Jun  7 12:02:34 gchinellato-ubuntu kernel: [    0.452452] RPC: Registered tcp transport module.
Jun  7 12:02:34 gchinellato-ubuntu kernel: [    0.452455] RPC: Registered tcp NFSv4.1 backchannel transport module.
Jun  7 12:02:34 gchinellato-ubuntu kernel: [    0.452461] pci 0000:00:00.0: Limiting direct PCI/PCI transfers
Jun  7 12:02:34 gchinellato-ubuntu kernel: [    0.452507] pci 0000:00:01.0: Activating ISA DMA hang workarounds
Jun  7 12:02:34 gchinellato-ubuntu kernel: [    0.452546] pci 0000:00:02.0: Video device with shadowed ROM at [mem 0x000c0000-0x000dffff]
Jun  7 12:02:34 gchinellato-ubuntu kernel: [    0.453558] PCI: CLS 0 bytes, default 64
Jun  7 12:02:34 gchinellato-ubuntu kernel: [    0.453586] Unpacking initramfs...
Jun  7 12:02:34 gchinellato-ubuntu kernel: [    0.495189] Freeing initrd memory: 2664K
Jun  7 12:02:34 gchinellato-ubuntu kernel: [    0.495196] PCI-DMA: Using software bounce buffering for IO (SWIOTLB)
Jun  7 12:02:34 gchinellato-ubuntu kernel: [    0.495200] software IO TLB [mem 0xdbff0000-0xdfff0000] (64MB) mapped at [ffffa0db9bff0000-ffffa0db9ffeffff]
Jun  7 12:02:34 gchinellato-ubuntu kernel: [    0.495732] RAPL PMU: API unit is 2^-32 Joules, 5 fixed counters, 10737418240 ms ovfl timer
Jun  7 12:02:34 gchinellato-ubuntu kernel: [    0.495737] RAPL PMU: hw unit of domain pp0-core 2^-0 Joules
Jun  7 12:02:34 gchinellato-ubuntu kernel: [    0.495740] RAPL PMU: hw unit of domain package 2^-0 Joules
Jun  7 12:02:34 gchinellato-ubuntu kernel: [    0.495743] RAPL PMU: hw unit of domain dram 2^-0 Joules
Jun  7 12:02:34 gchinellato-ubuntu kernel: [    0.495745] RAPL PMU: hw unit of domain pp1-gpu 2^-0 Joules
Jun  7 12:02:34 gchinellato-ubuntu kernel: [    0.495748] RAPL PMU: hw unit of domain psys 2^-0 Joules
Jun  7 12:02:34 gchinellato-ubuntu kernel: [    0.495792] platform rtc_cmos: registered platform RTC device (no PNP device found)
Jun  7 12:02:34 gchinellato-ubuntu kernel: [    0.497662] Scanning for low memory corruption every 60 seconds
Jun  7 12:02:34 gchinellato-ubuntu kernel: [    0.497927] audit: initializing netlink subsys (disabled)
Jun  7 12:02:34 gchinellato-ubuntu kernel: [    0.498120] audit: type=2000 audit(1496847738.442:1): state=initialized audit_enabled=0 res=1
Jun  7 12:02:34 gchinellato-ubuntu kernel: [    0.498590] workingset: timestamp_bits=56 max_order=22 bucket_order=0
Jun  7 12:02:34 gchinellato-ubuntu kernel: [    0.502208] NFS: Registering the id_resolver key type
Jun  7 12:02:34 gchinellato-ubuntu kernel: [    0.502216] Key type id_resolver registered
Jun  7 12:02:34 gchinellato-ubuntu kernel: [    0.502220] Key type id_legacy registered
Jun  7 12:02:34 gchinellato-ubuntu kernel: [    0.502328] SELinux:  Registering netfilter hooks
Jun  7 12:02:34 gchinellato-ubuntu kernel: [    0.508900] Block layer SCSI generic (bsg) driver version 0.4 loaded (major 250)
Jun  7 12:02:34 gchinellato-ubuntu kernel: [    0.508905] io scheduler noop registered
Jun  7 12:02:34 gchinellato-ubuntu kernel: [    0.508909] io scheduler deadline registered
Jun  7 12:02:34 gchinellato-ubuntu kernel: [    0.508957] io scheduler cfq registered (default)
Jun  7 12:02:34 gchinellato-ubuntu kernel: [    0.508961] io scheduler mq-deadline registered
Jun  7 12:02:34 gchinellato-ubuntu kernel: [    0.508964] io scheduler kyber registered
Jun  7 12:02:34 gchinellato-ubuntu kernel: [    0.509438] ACPI: AC Adapter [AC] (off-line)
Jun  7 12:02:34 gchinellato-ubuntu kernel: [    0.509499] input: Power Button as /devices/LNXSYSTM:00/LNXPWRBN:00/input/input0
Jun  7 12:02:34 gchinellato-ubuntu kernel: [    0.509576] ACPI: Power Button [PWRF]
Jun  7 12:02:34 gchinellato-ubuntu kernel: [    0.509631] input: Sleep Button as /devices/LNXSYSTM:00/LNXSLPBN:00/input/input1
Jun  7 12:02:34 gchinellato-ubuntu kernel: [    0.509663] ACPI: Sleep Button [SLPF]
Jun  7 12:02:34 gchinellato-ubuntu kernel: [    0.509795] ACPI: Video Device [GFX0] (multi-head: yes  rom: no  post: no)
Jun  7 12:02:34 gchinellato-ubuntu kernel: [    0.509843] input: Video Bus as /devices/LNXSYSTM:00/LNXSYBUS:00/PNP0A03:00/LNXVIDEO:00/input/input2
Jun  7 12:02:34 gchinellato-ubuntu kernel: [    0.510121] Serial: 8250/16550 driver, 4 ports, IRQ sharing enabled
Jun  7 12:02:34 gchinellato-ubuntu kernel: [    0.510696] ACPI: Battery Slot [BAT0] (battery present)
Jun  7 12:02:34 gchinellato-ubuntu kernel: [    0.510717] Non-volatile memory driver v1.3
Jun  7 12:02:34 gchinellato-ubuntu kernel: [    0.510788] Linux agpgart interface v0.103
Jun  7 12:02:34 gchinellato-ubuntu kernel: [    0.515051] loop: module loaded
Jun  7 12:02:34 gchinellato-ubuntu kernel: [    0.515110] ahci 0000:00:0d.0: version 3.0
Jun  7 12:02:34 gchinellato-ubuntu kernel: [    0.515639] ahci 0000:00:0d.0: SSS flag set, parallel bus scan disabled
Jun  7 12:02:34 gchinellato-ubuntu kernel: [    0.515763] ahci 0000:00:0d.0: AHCI 0001.0100 32 slots 2 ports 3 Gbps 0x3 impl SATA mode
Jun  7 12:02:34 gchinellato-ubuntu kernel: [    0.515768] ahci 0000:00:0d.0: flags: 64bit ncq stag only ccc 
Jun  7 12:02:34 gchinellato-ubuntu kernel: [    0.516148] scsi host0: ahci
Jun  7 12:02:34 gchinellato-ubuntu kernel: [    0.516292] scsi host1: ahci
Jun  7 12:02:34 gchinellato-ubuntu kernel: [    0.516430] ata1: SATA max UDMA/133 abar m8192@0xf0860000 port 0xf0860100 irq 21
Jun  7 12:02:34 gchinellato-ubuntu kernel: [    0.516437] ata2: SATA max UDMA/133 abar m8192@0xf0860000 port 0xf0860180 irq 21
Jun  7 12:02:34 gchinellato-ubuntu kernel: [    0.516453] ata_piix 0000:00:01.1: version 2.13
Jun  7 12:02:34 gchinellato-ubuntu kernel: [    0.517834] scsi host2: ata_piix
Jun  7 12:02:34 gchinellato-ubuntu kernel: [    0.518001] scsi host3: ata_piix
Jun  7 12:02:34 gchinellato-ubuntu kernel: [    0.518024] ata3: PATA max UDMA/33 cmd 0x1f0 ctl 0x3f6 bmdma 0xd000 irq 14
Jun  7 12:02:34 gchinellato-ubuntu kernel: [    0.518028] ata4: PATA max UDMA/33 cmd 0x170 ctl 0x376 bmdma 0xd008 irq 15
Jun  7 12:02:34 gchinellato-ubuntu kernel: [    0.518063] e100: Intel(R) PRO/100 Network Driver, 3.5.24-k2-NAPI
Jun  7 12:02:34 gchinellato-ubuntu kernel: [    0.518066] e100: Copyright(c) 1999-2006 Intel Corporation
Jun  7 12:02:34 gchinellato-ubuntu kernel: [    0.518075] e1000: Intel(R) PRO/1000 Network Driver - version 7.3.21-k8-NAPI
Jun  7 12:02:34 gchinellato-ubuntu kernel: [    0.518077] e1000: Copyright (c) 1999-2006 Intel Corporation.
Jun  7 12:02:34 gchinellato-ubuntu kernel: [    0.671875] ata3.00: ATAPI: VBOX CD-ROM, 1.0, max UDMA/133
Jun  7 12:02:34 gchinellato-ubuntu kernel: [    0.672222] ata3.00: configured for UDMA/33
Jun  7 12:02:34 gchinellato-ubuntu kernel: [    0.830211] ata1: SATA link up 3.0 Gbps (SStatus 123 SControl 300)
Jun  7 12:02:34 gchinellato-ubuntu kernel: [    0.830297] ata1.00: ATA-6: VBOX HARDDISK, 1.0, max UDMA/133
Jun  7 12:02:34 gchinellato-ubuntu kernel: [    0.830301] ata1.00: 104857600 sectors, multi 128: LBA48 NCQ (depth 31/32)
Jun  7 12:02:34 gchinellato-ubuntu kernel: [    0.830448] ata1.00: configured for UDMA/133
Jun  7 12:02:34 gchinellato-ubuntu kernel: [    0.830784] scsi 0:0:0:0: Direct-Access     ATA      VBOX HARDDISK    1.0  PQ: 0 ANSI: 5
Jun  7 12:02:34 gchinellato-ubuntu kernel: [    0.831002] sd 0:0:0:0: Attached scsi generic sg0 type 0
Jun  7 12:02:34 gchinellato-ubuntu kernel: [    0.831140] sd 0:0:0:0: [sda] 104857600 512-byte logical blocks: (53.7 GB/50.0 GiB)
Jun  7 12:02:34 gchinellato-ubuntu kernel: [    0.831156] sd 0:0:0:0: [sda] Write Protect is off
Jun  7 12:02:34 gchinellato-ubuntu kernel: [    0.831160] sd 0:0:0:0: [sda] Mode Sense: 00 3a 00 00
Jun  7 12:02:34 gchinellato-ubuntu kernel: [    0.831181] sd 0:0:0:0: [sda] Write cache: enabled, read cache: enabled, doesn't support DPO or FUA
Jun  7 12:02:34 gchinellato-ubuntu kernel: [    0.857597] e1000 0000:00:03.0 eth0: (PCI:33MHz:32-bit) 08:00:27:ad:9d:4d
Jun  7 12:02:34 gchinellato-ubuntu kernel: [    0.857606] e1000 0000:00:03.0 eth0: Intel(R) PRO/1000 Network Connection
Jun  7 12:02:34 gchinellato-ubuntu kernel: [    0.888723]  sda: sda1 sda2 < sda5 >
Jun  7 12:02:34 gchinellato-ubuntu kernel: [    0.889182] sd 0:0:0:0: [sda] Attached SCSI disk
Jun  7 12:02:34 gchinellato-ubuntu kernel: [    1.141597] ata2: SATA link up 3.0 Gbps (SStatus 123 SControl 300)
Jun  7 12:02:34 gchinellato-ubuntu kernel: [    1.141669] ata2.00: ATA-6: VBOX HARDDISK, 1.0, max UDMA/133
Jun  7 12:02:34 gchinellato-ubuntu kernel: [    1.141674] ata2.00: 167772160 sectors, multi 128: LBA48 NCQ (depth 31/32)
Jun  7 12:02:34 gchinellato-ubuntu kernel: [    1.141783] ata2.00: configured for UDMA/133
Jun  7 12:02:34 gchinellato-ubuntu kernel: [    1.142110] scsi 1:0:0:0: Direct-Access     ATA      VBOX HARDDISK    1.0  PQ: 0 ANSI: 5
Jun  7 12:02:34 gchinellato-ubuntu kernel: [    1.144212] sd 1:0:0:0: Attached scsi generic sg1 type 0
Jun  7 12:02:34 gchinellato-ubuntu kernel: [    1.144490] sd 1:0:0:0: [sdb] 167772160 512-byte logical blocks: (85.9 GB/80.0 GiB)
Jun  7 12:02:34 gchinellato-ubuntu kernel: [    1.144507] sd 1:0:0:0: [sdb] Write Protect is off
Jun  7 12:02:34 gchinellato-ubuntu kernel: [    1.144541] sd 1:0:0:0: [sdb] Mode Sense: 00 3a 00 00
Jun  7 12:02:34 gchinellato-ubuntu kernel: [    1.144574] sd 1:0:0:0: [sdb] Write cache: enabled, read cache: enabled, doesn't support DPO or FUA
Jun  7 12:02:34 gchinellato-ubuntu kernel: [    1.144817] scsi 2:0:0:0: CD-ROM            VBOX     CD-ROM           1.0  PQ: 0 ANSI: 5
Jun  7 12:02:34 gchinellato-ubuntu kernel: [    1.155752] sr 2:0:0:0: [sr0] scsi3-mmc drive: 32x/32x xa/form2 tray
Jun  7 12:02:34 gchinellato-ubuntu kernel: [    1.155758] cdrom: Uniform CD-ROM driver Revision: 3.20
Jun  7 12:02:34 gchinellato-ubuntu kernel: [    1.155931] sr 2:0:0:0: Attached scsi CD-ROM sr0
Jun  7 12:02:34 gchinellato-ubuntu kernel: [    1.156138] sr 2:0:0:0: Attached scsi generic sg2 type 5
Jun  7 12:02:34 gchinellato-ubuntu kernel: [    1.156548]  sdb: sdb1
Jun  7 12:02:34 gchinellato-ubuntu kernel: [    1.156837] sd 1:0:0:0: [sdb] Attached SCSI disk
Jun  7 12:02:34 gchinellato-ubuntu kernel: [    1.205908] e1000 0000:00:08.0 eth1: (PCI:33MHz:32-bit) 08:00:27:1e:27:9c
Jun  7 12:02:34 gchinellato-ubuntu kernel: [    1.205915] e1000 0000:00:08.0 eth1: Intel(R) PRO/1000 Network Connection
Jun  7 12:02:34 gchinellato-ubuntu kernel: [    1.544911] e1000 0000:00:09.0 eth2: (PCI:33MHz:32-bit) 08:00:27:e4:e2:dc
Jun  7 12:02:34 gchinellato-ubuntu kernel: [    1.544918] e1000 0000:00:09.0 eth2: Intel(R) PRO/1000 Network Connection
Jun  7 12:02:34 gchinellato-ubuntu kernel: [    1.544933] e1000e: Intel(R) PRO/1000 Network Driver - 3.2.6-k
Jun  7 12:02:34 gchinellato-ubuntu kernel: [    1.544936] e1000e: Copyright(c) 1999 - 2015 Intel Corporation.
Jun  7 12:02:34 gchinellato-ubuntu kernel: [    1.544967] sky2: driver version 1.30
Jun  7 12:02:34 gchinellato-ubuntu kernel: [    1.545119] ehci_hcd: USB 2.0 'Enhanced' Host Controller (EHCI) Driver
Jun  7 12:02:34 gchinellato-ubuntu kernel: [    1.545122] ehci-pci: EHCI PCI platform driver
Jun  7 12:02:34 gchinellato-ubuntu kernel: [    1.545135] ohci_hcd: USB 1.1 'Open' Host Controller (OHCI) Driver
Jun  7 12:02:34 gchinellato-ubuntu kernel: [    1.545139] ohci-pci: OHCI PCI platform driver
Jun  7 12:02:34 gchinellato-ubuntu kernel: [    1.545530] ohci-pci 0000:00:06.0: OHCI PCI host controller
Jun  7 12:02:34 gchinellato-ubuntu kernel: [    1.545569] ohci-pci 0000:00:06.0: new USB bus registered, assigned bus number 1
Jun  7 12:02:34 gchinellato-ubuntu kernel: [    1.545637] ohci-pci 0000:00:06.0: irq 22, io mem 0xf0804000
Jun  7 12:02:34 gchinellato-ubuntu kernel: [    1.559483] tsc: Refined TSC clocksource calibration: 2743.212 MHz
Jun  7 12:02:34 gchinellato-ubuntu kernel: [    1.559497] clocksource: tsc: mask: 0xffffffffffffffff max_cycles: 0x278ab32c0a3, max_idle_ns: 440795234227 ns
Jun  7 12:02:34 gchinellato-ubuntu kernel: [    1.598038] usb usb1: New USB device found, idVendor=1d6b, idProduct=0001
Jun  7 12:02:34 gchinellato-ubuntu kernel: [    1.598044] usb usb1: New USB device strings: Mfr=3, Product=2, SerialNumber=1
Jun  7 12:02:34 gchinellato-ubuntu kernel: [    1.598048] usb usb1: Product: OHCI PCI host controller
Jun  7 12:02:34 gchinellato-ubuntu kernel: [    1.598052] usb usb1: Manufacturer: Linux 4.12.0-rc3-eudyptula-00011-gf511c0b-dirty ohci_hcd
Jun  7 12:02:34 gchinellato-ubuntu kernel: [    1.598055] usb usb1: SerialNumber: 0000:00:06.0
Jun  7 12:02:34 gchinellato-ubuntu kernel: [    1.598299] hub 1-0:1.0: USB hub found
Jun  7 12:02:34 gchinellato-ubuntu kernel: [    1.598332] hub 1-0:1.0: 12 ports detected
Jun  7 12:02:34 gchinellato-ubuntu kernel: [    1.598762] uhci_hcd: USB Universal Host Controller Interface driver
Jun  7 12:02:34 gchinellato-ubuntu kernel: [    1.598783] usbcore: registered new interface driver usblp
Jun  7 12:02:34 gchinellato-ubuntu kernel: [    1.598797] usbcore: registered new interface driver usb-storage
Jun  7 12:02:34 gchinellato-ubuntu kernel: [    1.598845] i8042: PNP: PS/2 Controller [PNP0303:PS2K,PNP0f03:PS2M] at 0x60,0x64 irq 1,12
Jun  7 12:02:34 gchinellato-ubuntu kernel: [    1.599364] serio: i8042 KBD port at 0x60,0x64 irq 1
Jun  7 12:02:34 gchinellato-ubuntu kernel: [    1.599371] serio: i8042 AUX port at 0x60,0x64 irq 12
Jun  7 12:02:34 gchinellato-ubuntu kernel: [    1.599865] rtc_cmos rtc_cmos: rtc core: registered rtc_cmos as rtc0
Jun  7 12:02:34 gchinellato-ubuntu kernel: [    1.599967] rtc_cmos rtc_cmos: alarms up to one day, 114 bytes nvram
Jun  7 12:02:34 gchinellato-ubuntu kernel: [    1.600078] device-mapper: ioctl: 4.35.0-ioctl (2016-06-23) initialised: dm-devel@redhat.com
Jun  7 12:02:34 gchinellato-ubuntu kernel: [    1.600108] hidraw: raw HID events driver (C) Jiri Kosina
Jun  7 12:02:34 gchinellato-ubuntu kernel: [    1.600194] usbcore: registered new interface driver usbhid
Jun  7 12:02:34 gchinellato-ubuntu kernel: [    1.600198] usbhid: USB HID core driver
Jun  7 12:02:34 gchinellato-ubuntu kernel: [    1.600638] input: AT Translated Set 2 keyboard as /devices/platform/i8042/serio0/input/input3
Jun  7 12:02:34 gchinellato-ubuntu kernel: [    1.600760] Netfilter messages via NETLINK v0.30.
Jun  7 12:02:34 gchinellato-ubuntu kernel: [    1.600834] nf_conntrack version 0.5.0 (65536 buckets, 262144 max)
Jun  7 12:02:34 gchinellato-ubuntu kernel: [    1.600867] ctnetlink v0.93: registering with nfnetlink.
Jun  7 12:02:34 gchinellato-ubuntu kernel: [    1.601839] ip_tables: (C) 2000-2006 Netfilter Core Team
Jun  7 12:02:34 gchinellato-ubuntu kernel: [    1.601889] Initializing XFRM netlink socket
Jun  7 12:02:34 gchinellato-ubuntu kernel: [    1.602231] NET: Registered protocol family 10
Jun  7 12:02:34 gchinellato-ubuntu kernel: [    1.604500] Segment Routing with IPv6
Jun  7 12:02:34 gchinellato-ubuntu kernel: [    1.604521] ip6_tables: (C) 2000-2006 Netfilter Core Team
Jun  7 12:02:34 gchinellato-ubuntu kernel: [    1.605713] sit: IPv6, IPv4 and MPLS over IPv4 tunneling driver
Jun  7 12:02:34 gchinellato-ubuntu kernel: [    1.605910] NET: Registered protocol family 17
Jun  7 12:02:34 gchinellato-ubuntu kernel: [    1.605926] Key type dns_resolver registered
Jun  7 12:02:34 gchinellato-ubuntu kernel: [    1.606764] registered taskstats version 1
Jun  7 12:02:34 gchinellato-ubuntu kernel: [    1.607051]   Magic number: 5:78:32
Jun  7 12:02:34 gchinellato-ubuntu kernel: [    1.607091] console [netcon0] enabled
Jun  7 12:02:34 gchinellato-ubuntu kernel: [    1.607094] netconsole: network logging started
Jun  7 12:02:34 gchinellato-ubuntu kernel: [    1.607159] PM: Hibernation image not present or could not be loaded.
Jun  7 12:02:34 gchinellato-ubuntu kernel: [    1.607161] ALSA device list:
Jun  7 12:02:34 gchinellato-ubuntu kernel: [    1.607165]   No soundcards found.
Jun  7 12:02:34 gchinellato-ubuntu kernel: [    1.608087] Freeing unused kernel memory: 1204K
Jun  7 12:02:34 gchinellato-ubuntu kernel: [    1.608091] Write protecting the kernel read-only data: 14336k
Jun  7 12:02:34 gchinellato-ubuntu kernel: [    1.608612] Freeing unused kernel memory: 724K
Jun  7 12:02:34 gchinellato-ubuntu kernel: [    1.610575] Freeing unused kernel memory: 1212K
Jun  7 12:02:34 gchinellato-ubuntu kernel: [    1.631484] udevadm (1063) used greatest stack depth: 14128 bytes left
Jun  7 12:02:34 gchinellato-ubuntu kernel: [    1.674840] ata_id (1084) used greatest stack depth: 13520 bytes left
Jun  7 12:02:34 gchinellato-ubuntu kernel: [    1.720299] random: fast init done
Jun  7 12:02:34 gchinellato-ubuntu kernel: [    1.836957] input: ImExPS/2 Generic Explorer Mouse as /devices/platform/i8042/serio1/input/input5
Jun  7 12:02:34 gchinellato-ubuntu kernel: [    1.984501] usb 1-1: new full-speed USB device number 2 using ohci-pci
Jun  7 12:02:34 gchinellato-ubuntu kernel: [    2.011356] random: crng init done
Jun  7 12:02:34 gchinellato-ubuntu kernel: [    2.090898] EXT4-fs (sda1): mounted filesystem with ordered data mode. Opts: (null)
Jun  7 12:02:34 gchinellato-ubuntu kernel: [    2.213106] usb 1-1: New USB device found, idVendor=80ee, idProduct=0021
Jun  7 12:02:34 gchinellato-ubuntu kernel: [    2.213124] usb 1-1: New USB device strings: Mfr=1, Product=3, SerialNumber=0
Jun  7 12:02:34 gchinellato-ubuntu kernel: [    2.213137] usb 1-1: Product: USB Tablet
Jun  7 12:02:34 gchinellato-ubuntu kernel: [    2.213148] usb 1-1: Manufacturer: VirtualBox
Jun  7 12:02:34 gchinellato-ubuntu kernel: [    2.224549] input: VirtualBox USB Tablet as /devices/pci0000:00/0000:00:06.0/usb1/1-1/1-1:1.0/0003:80EE:0021.0001/input/input6
Jun  7 12:02:34 gchinellato-ubuntu kernel: [    2.224849] hid-generic 0003:80EE:0021.0001: input,hidraw0: USB HID v1.10 Mouse [VirtualBox USB Tablet] on usb-0000:00:06.0-1/input0
Jun  7 12:02:34 gchinellato-ubuntu kernel: [    2.568727] clocksource: Switched to clocksource tsc
Jun  7 12:02:34 gchinellato-ubuntu kernel: [    3.026244] hostname (1123) used greatest stack depth: 13184 bytes left
Jun  7 12:02:34 gchinellato-ubuntu kernel: [   13.957989] Adding 4191228k swap on /dev/sda5.  Priority:-1 extents:1 across:4191228k 
Jun  7 12:02:34 gchinellato-ubuntu kernel: [   14.735281] EXT4-fs (sda1): re-mounted. Opts: errors=remount-ro
Jun  7 12:02:34 gchinellato-ubuntu kernel: [   14.878611] EXT4-fs (sdb1): mounted filesystem with ordered data mode. Opts: (null)
Jun  7 12:02:36 gchinellato-ubuntu kernel: [   18.122885] dd (2014) used greatest stack depth: 12896 bytes left
Jun  7 12:02:36 gchinellato-ubuntu kernel: [   18.408970] IPv6: ADDRCONF(NETDEV_UP): eth0: link is not ready
Jun  7 12:02:36 gchinellato-ubuntu kernel: [   18.409618] e1000: eth0 NIC Link is Up 1000 Mbps Full Duplex, Flow Control: RX
Jun  7 12:02:36 gchinellato-ubuntu kernel: [   18.410360] IPv6: ADDRCONF(NETDEV_CHANGE): eth0: link becomes ready
Jun  7 12:02:36 gchinellato-ubuntu kernel: [   18.425531] IPv6: ADDRCONF(NETDEV_UP): eth1: link is not ready
Jun  7 12:02:36 gchinellato-ubuntu kernel: [   18.426668] e1000: eth1 NIC Link is Up 1000 Mbps Full Duplex, Flow Control: RX
Jun  7 12:02:36 gchinellato-ubuntu kernel: [   18.427199] IPv6: ADDRCONF(NETDEV_CHANGE): eth1: link becomes ready
Jun  7 12:02:36 gchinellato-ubuntu kernel: [   18.438255] e1000: eth2 NIC Link is Up 1000 Mbps Full Duplex, Flow Control: RX
Jun  7 12:02:36 gchinellato-ubuntu kernel: [   18.439799] IPv6: ADDRCONF(NETDEV_UP): eth2: link is not ready
Jun  7 12:02:36 gchinellato-ubuntu kernel: [   18.440458] IPv6: ADDRCONF(NETDEV_CHANGE): eth2: link becomes ready
Jun  7 12:02:37 gchinellato-ubuntu kernel: [   19.138396] sh (2069) used greatest stack depth: 12872 bytes left
Jun  7 12:02:51 gchinellato-ubuntu kernel: [   33.287558] sh (3377) used greatest stack depth: 12744 bytes left
