Oct 30 11:05:03 gchinellato-ubuntu kernel: [    0.000000] Initializing cgroup subsys cpuset
Oct 30 11:05:03 gchinellato-ubuntu kernel: [    0.000000] Initializing cgroup subsys cpu
Oct 30 11:05:03 gchinellato-ubuntu kernel: [    0.000000] Initializing cgroup subsys cpuacct
Oct 30 11:05:03 gchinellato-ubuntu kernel: [    0.000000] Linux version 4.4.0-78-generic (buildd@lcy01-17) (gcc version 4.8.4 (Ubuntu 4.8.4-2ubuntu1~14.04.3) ) #99~14.04.2-Ubuntu SMP Thu Apr 27 18:49:46 UTC 2017 (Ubuntu 4.4.0-78.99~14.04.2-generic 4.4.62)
Oct 30 11:05:03 gchinellato-ubuntu kernel: [    0.000000] Command line: BOOT_IMAGE=/boot/vmlinuz-4.4.0-78-generic root=UUID=8e2417e0-21c4-4053-b097-3c06503a3c12 ro
Oct 30 11:05:03 gchinellato-ubuntu kernel: [    0.000000] KERNEL supported cpus:
Oct 30 11:05:03 gchinellato-ubuntu kernel: [    0.000000]   Intel GenuineIntel
Oct 30 11:05:03 gchinellato-ubuntu kernel: [    0.000000]   AMD AuthenticAMD
Oct 30 11:05:03 gchinellato-ubuntu kernel: [    0.000000]   Centaur CentaurHauls
Oct 30 11:05:03 gchinellato-ubuntu kernel: [    0.000000] x86/fpu: xstate_offset[2]:  576, xstate_sizes[2]:  256
Oct 30 11:05:03 gchinellato-ubuntu kernel: [    0.000000] x86/fpu: Supporting XSAVE feature 0x01: 'x87 floating point registers'
Oct 30 11:05:03 gchinellato-ubuntu kernel: [    0.000000] x86/fpu: Supporting XSAVE feature 0x02: 'SSE registers'
Oct 30 11:05:03 gchinellato-ubuntu kernel: [    0.000000] x86/fpu: Supporting XSAVE feature 0x04: 'AVX registers'
Oct 30 11:05:03 gchinellato-ubuntu kernel: [    0.000000] x86/fpu: Enabled xstate features 0x7, context size is 832 bytes, using 'standard' format.
Oct 30 11:05:03 gchinellato-ubuntu kernel: [    0.000000] x86/fpu: Using 'lazy' FPU context switches.
Oct 30 11:05:03 gchinellato-ubuntu kernel: [    0.000000] e820: BIOS-provided physical RAM map:
Oct 30 11:05:03 gchinellato-ubuntu kernel: [    0.000000] BIOS-e820: [mem 0x0000000000000000-0x000000000009fbff] usable
Oct 30 11:05:03 gchinellato-ubuntu kernel: [    0.000000] BIOS-e820: [mem 0x000000000009fc00-0x000000000009ffff] reserved
Oct 30 11:05:03 gchinellato-ubuntu kernel: [    0.000000] BIOS-e820: [mem 0x00000000000f0000-0x00000000000fffff] reserved
Oct 30 11:05:03 gchinellato-ubuntu kernel: [    0.000000] BIOS-e820: [mem 0x0000000000100000-0x00000000dffeffff] usable
Oct 30 11:05:03 gchinellato-ubuntu kernel: [    0.000000] BIOS-e820: [mem 0x00000000dfff0000-0x00000000dfffffff] ACPI data
Oct 30 11:05:03 gchinellato-ubuntu kernel: [    0.000000] BIOS-e820: [mem 0x00000000fec00000-0x00000000fec00fff] reserved
Oct 30 11:05:03 gchinellato-ubuntu kernel: [    0.000000] BIOS-e820: [mem 0x00000000fee00000-0x00000000fee00fff] reserved
Oct 30 11:05:03 gchinellato-ubuntu kernel: [    0.000000] BIOS-e820: [mem 0x00000000fffc0000-0x00000000ffffffff] reserved
Oct 30 11:05:03 gchinellato-ubuntu kernel: [    0.000000] BIOS-e820: [mem 0x0000000100000000-0x000000011fffffff] usable
Oct 30 11:05:03 gchinellato-ubuntu kernel: [    0.000000] NX (Execute Disable) protection: active
Oct 30 11:05:03 gchinellato-ubuntu kernel: [    0.000000] SMBIOS 2.5 present.
Oct 30 11:05:03 gchinellato-ubuntu kernel: [    0.000000] DMI: innotek GmbH VirtualBox/VirtualBox, BIOS VirtualBox 12/01/2006
Oct 30 11:05:03 gchinellato-ubuntu kernel: [    0.000000] Hypervisor detected: KVM
Oct 30 11:05:03 gchinellato-ubuntu kernel: [    0.000000] e820: update [mem 0x00000000-0x00000fff] usable ==> reserved
Oct 30 11:05:03 gchinellato-ubuntu kernel: [    0.000000] e820: remove [mem 0x000a0000-0x000fffff] usable
Oct 30 11:05:03 gchinellato-ubuntu kernel: [    0.000000] e820: last_pfn = 0x120000 max_arch_pfn = 0x400000000
Oct 30 11:05:03 gchinellato-ubuntu kernel: [    0.000000] MTRR default type: uncachable
Oct 30 11:05:03 gchinellato-ubuntu kernel: [    0.000000] MTRR variable ranges disabled:
Oct 30 11:05:03 gchinellato-ubuntu kernel: [    0.000000] MTRR: Disabled
Oct 30 11:05:03 gchinellato-ubuntu kernel: [    0.000000] x86/PAT: MTRRs disabled, skipping PAT initialization too.
Oct 30 11:05:03 gchinellato-ubuntu kernel: [    0.000000] x86/PAT: Configuration [0-7]: WB  WT  UC- UC  WB  WT  UC- UC  
Oct 30 11:05:03 gchinellato-ubuntu kernel: [    0.000000] CPU MTRRs all blank - virtualized system.
Oct 30 11:05:03 gchinellato-ubuntu kernel: [    0.000000] e820: last_pfn = 0xdfff0 max_arch_pfn = 0x400000000
Oct 30 11:05:03 gchinellato-ubuntu kernel: [    0.000000] found SMP MP-table at [mem 0x0009fff0-0x0009ffff] mapped at [ffff88000009fff0]
Oct 30 11:05:03 gchinellato-ubuntu kernel: [    0.000000] Scanning 1 areas for low memory corruption
Oct 30 11:05:03 gchinellato-ubuntu kernel: [    0.000000] Base memory trampoline at [ffff880000099000] 99000 size 24576
Oct 30 11:05:03 gchinellato-ubuntu kernel: [    0.000000] BRK [0x0220f000, 0x0220ffff] PGTABLE
Oct 30 11:05:03 gchinellato-ubuntu kernel: [    0.000000] BRK [0x02210000, 0x02210fff] PGTABLE
Oct 30 11:05:03 gchinellato-ubuntu kernel: [    0.000000] BRK [0x02211000, 0x02211fff] PGTABLE
Oct 30 11:05:03 gchinellato-ubuntu kernel: [    0.000000] BRK [0x02212000, 0x02212fff] PGTABLE
Oct 30 11:05:03 gchinellato-ubuntu kernel: [    0.000000] RAMDISK: [mem 0x35562000-0x36aa8fff]
Oct 30 11:05:03 gchinellato-ubuntu kernel: [    0.000000] ACPI: Early table checksum verification disabled
Oct 30 11:05:03 gchinellato-ubuntu kernel: [    0.000000] ACPI: RSDP 0x00000000000E0000 000024 (v02 VBOX  )
Oct 30 11:05:03 gchinellato-ubuntu kernel: [    0.000000] ACPI: XSDT 0x00000000DFFF0030 00003C (v01 VBOX   VBOXXSDT 00000001 ASL  00000061)
Oct 30 11:05:03 gchinellato-ubuntu kernel: [    0.000000] ACPI: FACP 0x00000000DFFF00F0 0000F4 (v04 VBOX   VBOXFACP 00000001 ASL  00000061)
Oct 30 11:05:03 gchinellato-ubuntu kernel: [    0.000000] ACPI: DSDT 0x00000000DFFF0470 0021FF (v02 VBOX   VBOXBIOS 00000002 INTL 20100528)
Oct 30 11:05:03 gchinellato-ubuntu kernel: [    0.000000] ACPI: FACS 0x00000000DFFF0200 000040
Oct 30 11:05:03 gchinellato-ubuntu kernel: [    0.000000] ACPI: FACS 0x00000000DFFF0200 000040
Oct 30 11:05:03 gchinellato-ubuntu kernel: [    0.000000] ACPI: APIC 0x00000000DFFF0240 00005C (v02 VBOX   VBOXAPIC 00000001 ASL  00000061)
Oct 30 11:05:03 gchinellato-ubuntu kernel: [    0.000000] ACPI: SSDT 0x00000000DFFF02A0 0001CC (v01 VBOX   VBOXCPUT 00000002 INTL 20100528)
Oct 30 11:05:03 gchinellato-ubuntu kernel: [    0.000000] ACPI: Local APIC address 0xfee00000
Oct 30 11:05:03 gchinellato-ubuntu kernel: [    0.000000] No NUMA configuration found
Oct 30 11:05:03 gchinellato-ubuntu kernel: [    0.000000] Faking a node at [mem 0x0000000000000000-0x000000011fffffff]
Oct 30 11:05:03 gchinellato-ubuntu kernel: [    0.000000] NODE_DATA(0) allocated [mem 0x11fff7000-0x11fffbfff]
Oct 30 11:05:03 gchinellato-ubuntu kernel: [    0.000000] kvm-clock: Using msrs 4b564d01 and 4b564d00
Oct 30 11:05:03 gchinellato-ubuntu kernel: [    0.000000] kvm-clock: cpu 0, msr 1:1ffef001, primary cpu clock
Oct 30 11:05:03 gchinellato-ubuntu kernel: [    0.000000] kvm-clock: using sched offset of 6286833319 cycles
Oct 30 11:05:03 gchinellato-ubuntu kernel: [    0.000000] clocksource: kvm-clock: mask: 0xffffffffffffffff max_cycles: 0x1cd42e4dffb, max_idle_ns: 881590591483 ns
Oct 30 11:05:03 gchinellato-ubuntu kernel: [    0.000000] Zone ranges:
Oct 30 11:05:03 gchinellato-ubuntu kernel: [    0.000000]   DMA      [mem 0x0000000000001000-0x0000000000ffffff]
Oct 30 11:05:03 gchinellato-ubuntu kernel: [    0.000000]   DMA32    [mem 0x0000000001000000-0x00000000ffffffff]
Oct 30 11:05:03 gchinellato-ubuntu kernel: [    0.000000]   Normal   [mem 0x0000000100000000-0x000000011fffffff]
Oct 30 11:05:03 gchinellato-ubuntu kernel: [    0.000000]   Device   empty
Oct 30 11:05:03 gchinellato-ubuntu kernel: [    0.000000] Movable zone start for each node
Oct 30 11:05:03 gchinellato-ubuntu kernel: [    0.000000] Early memory node ranges
Oct 30 11:05:03 gchinellato-ubuntu kernel: [    0.000000]   node   0: [mem 0x0000000000001000-0x000000000009efff]
Oct 30 11:05:03 gchinellato-ubuntu kernel: [    0.000000]   node   0: [mem 0x0000000000100000-0x00000000dffeffff]
Oct 30 11:05:03 gchinellato-ubuntu kernel: [    0.000000]   node   0: [mem 0x0000000100000000-0x000000011fffffff]
Oct 30 11:05:03 gchinellato-ubuntu kernel: [    0.000000] Initmem setup node 0 [mem 0x0000000000001000-0x000000011fffffff]
Oct 30 11:05:03 gchinellato-ubuntu kernel: [    0.000000] On node 0 totalpages: 1048462
Oct 30 11:05:03 gchinellato-ubuntu kernel: [    0.000000]   DMA zone: 64 pages used for memmap
Oct 30 11:05:03 gchinellato-ubuntu kernel: [    0.000000]   DMA zone: 21 pages reserved
Oct 30 11:05:03 gchinellato-ubuntu kernel: [    0.000000]   DMA zone: 3998 pages, LIFO batch:0
Oct 30 11:05:03 gchinellato-ubuntu kernel: [    0.000000]   DMA32 zone: 14272 pages used for memmap
Oct 30 11:05:03 gchinellato-ubuntu kernel: [    0.000000]   DMA32 zone: 913392 pages, LIFO batch:31
Oct 30 11:05:03 gchinellato-ubuntu kernel: [    0.000000]   Normal zone: 2048 pages used for memmap
Oct 30 11:05:03 gchinellato-ubuntu kernel: [    0.000000]   Normal zone: 131072 pages, LIFO batch:31
Oct 30 11:05:03 gchinellato-ubuntu kernel: [    0.000000] ACPI: PM-Timer IO Port: 0x4008
Oct 30 11:05:03 gchinellato-ubuntu kernel: [    0.000000] ACPI: Local APIC address 0xfee00000
Oct 30 11:05:03 gchinellato-ubuntu kernel: [    0.000000] IOAPIC[0]: apic_id 2, version 32, address 0xfec00000, GSI 0-23
Oct 30 11:05:03 gchinellato-ubuntu kernel: [    0.000000] ACPI: INT_SRC_OVR (bus 0 bus_irq 0 global_irq 2 dfl dfl)
Oct 30 11:05:03 gchinellato-ubuntu kernel: [    0.000000] ACPI: INT_SRC_OVR (bus 0 bus_irq 9 global_irq 9 high level)
Oct 30 11:05:03 gchinellato-ubuntu kernel: [    0.000000] ACPI: IRQ0 used by override.
Oct 30 11:05:03 gchinellato-ubuntu kernel: [    0.000000] ACPI: IRQ9 used by override.
Oct 30 11:05:03 gchinellato-ubuntu kernel: [    0.000000] Using ACPI (MADT) for SMP configuration information
Oct 30 11:05:03 gchinellato-ubuntu kernel: [    0.000000] smpboot: Allowing 2 CPUs, 0 hotplug CPUs
Oct 30 11:05:03 gchinellato-ubuntu kernel: [    0.000000] PM: Registered nosave memory: [mem 0x00000000-0x00000fff]
Oct 30 11:05:03 gchinellato-ubuntu kernel: [    0.000000] PM: Registered nosave memory: [mem 0x0009f000-0x0009ffff]
Oct 30 11:05:03 gchinellato-ubuntu kernel: [    0.000000] PM: Registered nosave memory: [mem 0x000a0000-0x000effff]
Oct 30 11:05:03 gchinellato-ubuntu kernel: [    0.000000] PM: Registered nosave memory: [mem 0x000f0000-0x000fffff]
Oct 30 11:05:03 gchinellato-ubuntu kernel: [    0.000000] PM: Registered nosave memory: [mem 0xdfff0000-0xdfffffff]
Oct 30 11:05:03 gchinellato-ubuntu kernel: [    0.000000] PM: Registered nosave memory: [mem 0xe0000000-0xfebfffff]
Oct 30 11:05:03 gchinellato-ubuntu kernel: [    0.000000] PM: Registered nosave memory: [mem 0xfec00000-0xfec00fff]
Oct 30 11:05:03 gchinellato-ubuntu kernel: [    0.000000] PM: Registered nosave memory: [mem 0xfec01000-0xfedfffff]
Oct 30 11:05:03 gchinellato-ubuntu kernel: [    0.000000] PM: Registered nosave memory: [mem 0xfee00000-0xfee00fff]
Oct 30 11:05:03 gchinellato-ubuntu kernel: [    0.000000] PM: Registered nosave memory: [mem 0xfee01000-0xfffbffff]
Oct 30 11:05:03 gchinellato-ubuntu kernel: [    0.000000] PM: Registered nosave memory: [mem 0xfffc0000-0xffffffff]
Oct 30 11:05:03 gchinellato-ubuntu kernel: [    0.000000] e820: [mem 0xe0000000-0xfebfffff] available for PCI devices
Oct 30 11:05:03 gchinellato-ubuntu kernel: [    0.000000] Booting paravirtualized kernel on KVM
Oct 30 11:05:03 gchinellato-ubuntu kernel: [    0.000000] clocksource: refined-jiffies: mask: 0xffffffff max_cycles: 0xffffffff, max_idle_ns: 7645519600211568 ns
Oct 30 11:05:03 gchinellato-ubuntu kernel: [    0.000000] setup_percpu: NR_CPUS:512 nr_cpumask_bits:512 nr_cpu_ids:2 nr_node_ids:1
Oct 30 11:05:03 gchinellato-ubuntu kernel: [    0.000000] PERCPU: Embedded 34 pages/cpu @ffff88011fc00000 s98328 r8192 d32744 u1048576
Oct 30 11:05:03 gchinellato-ubuntu kernel: [    0.000000] pcpu-alloc: s98328 r8192 d32744 u1048576 alloc=1*2097152
Oct 30 11:05:03 gchinellato-ubuntu kernel: [    0.000000] pcpu-alloc: [0] 0 1 
Oct 30 11:05:03 gchinellato-ubuntu kernel: [    0.000000] PV qspinlock hash table entries: 256 (order: 0, 4096 bytes)
Oct 30 11:05:03 gchinellato-ubuntu kernel: [    0.000000] Built 1 zonelists in Node order, mobility grouping on.  Total pages: 1032057
Oct 30 11:05:03 gchinellato-ubuntu kernel: [    0.000000] Policy zone: Normal
Oct 30 11:05:03 gchinellato-ubuntu kernel: [    0.000000] Kernel command line: BOOT_IMAGE=/boot/vmlinuz-4.4.0-78-generic root=UUID=8e2417e0-21c4-4053-b097-3c06503a3c12 ro
Oct 30 11:05:03 gchinellato-ubuntu kernel: [    0.000000] PID hash table entries: 4096 (order: 3, 32768 bytes)
Oct 30 11:05:03 gchinellato-ubuntu kernel: [    0.000000] Calgary: detecting Calgary via BIOS EBDA area
Oct 30 11:05:03 gchinellato-ubuntu kernel: [    0.000000] Calgary: Unable to locate Rio Grande table in EBDA - bailing!
Oct 30 11:05:03 gchinellato-ubuntu kernel: [    0.000000] Memory: 4021280K/4193848K available (8256K kernel code, 1303K rwdata, 4000K rodata, 1492K init, 1316K bss, 172568K reserved, 0K cma-reserved)
Oct 30 11:05:03 gchinellato-ubuntu kernel: [    0.000000] SLUB: HWalign=64, Order=0-3, MinObjects=0, CPUs=2, Nodes=1
Oct 30 11:05:03 gchinellato-ubuntu kernel: [    0.000000] Hierarchical RCU implementation.
Oct 30 11:05:03 gchinellato-ubuntu kernel: [    0.000000] 	Build-time adjustment of leaf fanout to 64.
Oct 30 11:05:03 gchinellato-ubuntu kernel: [    0.000000] 	RCU restricting CPUs from NR_CPUS=512 to nr_cpu_ids=2.
Oct 30 11:05:03 gchinellato-ubuntu kernel: [    0.000000] RCU: Adjusting geometry for rcu_fanout_leaf=64, nr_cpu_ids=2
Oct 30 11:05:03 gchinellato-ubuntu kernel: [    0.000000] NR_IRQS:33024 nr_irqs:440 16
Oct 30 11:05:03 gchinellato-ubuntu kernel: [    0.000000] Console: colour dummy device 80x25
Oct 30 11:05:03 gchinellato-ubuntu kernel: [    0.000000] console [tty0] enabled
Oct 30 11:05:03 gchinellato-ubuntu kernel: [    0.000000] tsc: Detected 2712.040 MHz processor
Oct 30 11:05:03 gchinellato-ubuntu kernel: [    0.054947] Calibrating delay loop (skipped) preset value.. 5424.08 BogoMIPS (lpj=10848160)
Oct 30 11:05:03 gchinellato-ubuntu kernel: [    0.054951] pid_max: default: 32768 minimum: 301
Oct 30 11:05:03 gchinellato-ubuntu kernel: [    0.054956] ACPI: Core revision 20150930
Oct 30 11:05:03 gchinellato-ubuntu kernel: [    0.055841] ACPI: 2 ACPI AML tables successfully acquired and loaded
Oct 30 11:05:03 gchinellato-ubuntu kernel: [    0.055856] Security Framework initialized
Oct 30 11:05:03 gchinellato-ubuntu kernel: [    0.055859] Yama: becoming mindful.
Oct 30 11:05:03 gchinellato-ubuntu kernel: [    0.055869] AppArmor: AppArmor initialized
Oct 30 11:05:03 gchinellato-ubuntu kernel: [    0.059369] Dentry cache hash table entries: 524288 (order: 10, 4194304 bytes)
Oct 30 11:05:03 gchinellato-ubuntu kernel: [    0.067849] Inode-cache hash table entries: 262144 (order: 9, 2097152 bytes)
Oct 30 11:05:03 gchinellato-ubuntu kernel: [    0.068076] Mount-cache hash table entries: 8192 (order: 4, 65536 bytes)
Oct 30 11:05:03 gchinellato-ubuntu kernel: [    0.068081] Mountpoint-cache hash table entries: 8192 (order: 4, 65536 bytes)
Oct 30 11:05:03 gchinellato-ubuntu kernel: [    0.068211] Initializing cgroup subsys io
Oct 30 11:05:03 gchinellato-ubuntu kernel: [    0.068214] Initializing cgroup subsys memory
Oct 30 11:05:03 gchinellato-ubuntu kernel: [    0.068264] Initializing cgroup subsys devices
Oct 30 11:05:03 gchinellato-ubuntu kernel: [    0.068267] Initializing cgroup subsys freezer
Oct 30 11:05:03 gchinellato-ubuntu kernel: [    0.068269] Initializing cgroup subsys net_cls
Oct 30 11:05:03 gchinellato-ubuntu kernel: [    0.068272] Initializing cgroup subsys perf_event
Oct 30 11:05:03 gchinellato-ubuntu kernel: [    0.068275] Initializing cgroup subsys net_prio
Oct 30 11:05:03 gchinellato-ubuntu kernel: [    0.068278] Initializing cgroup subsys hugetlb
Oct 30 11:05:03 gchinellato-ubuntu kernel: [    0.068280] Initializing cgroup subsys pids
Oct 30 11:05:03 gchinellato-ubuntu kernel: [    0.068349] CPU: Physical Processor ID: 0
Oct 30 11:05:03 gchinellato-ubuntu kernel: [    0.068351] CPU: Processor Core ID: 0
Oct 30 11:05:03 gchinellato-ubuntu kernel: [    0.069367] mce: CPU supports 0 MCE banks
Oct 30 11:05:03 gchinellato-ubuntu kernel: [    0.069390] Last level iTLB entries: 4KB 64, 2MB 8, 4MB 8
Oct 30 11:05:03 gchinellato-ubuntu kernel: [    0.069392] Last level dTLB entries: 4KB 64, 2MB 0, 4MB 0, 1GB 4
Oct 30 11:05:03 gchinellato-ubuntu kernel: [    0.071249] Freeing SMP alternatives memory: 32K (ffffffff820bc000 - ffffffff820c4000)
Oct 30 11:05:03 gchinellato-ubuntu kernel: [    0.079002] ftrace: allocating 32151 entries in 126 pages
Oct 30 11:05:03 gchinellato-ubuntu kernel: [    0.117364] smpboot: APIC(0) Converting physical 0 to logical package 0
Oct 30 11:05:03 gchinellato-ubuntu kernel: [    0.117368] smpboot: Max logical packages: 1
Oct 30 11:05:03 gchinellato-ubuntu kernel: [    0.117624] x2apic enabled
Oct 30 11:05:03 gchinellato-ubuntu kernel: [    0.117893] Switched APIC routing to physical x2apic.
Oct 30 11:05:03 gchinellato-ubuntu kernel: [    0.118976] ..TIMER: vector=0x30 apic1=0 pin1=2 apic2=-1 pin2=-1
Oct 30 11:05:03 gchinellato-ubuntu kernel: [    0.223375] smpboot: CPU0: Intel(R) Core(TM) i7-6820HQ CPU @ 2.70GHz (family: 0x6, model: 0x5e, stepping: 0x3)
Oct 30 11:05:03 gchinellato-ubuntu kernel: [    0.223390] Performance Events: unsupported p6 CPU model 94 no PMU driver, software events only.
Oct 30 11:05:03 gchinellato-ubuntu kernel: [    0.223419] KVM setup paravirtual spinlock
Oct 30 11:05:03 gchinellato-ubuntu kernel: [    0.229132] x86: Booting SMP configuration:
Oct 30 11:05:03 gchinellato-ubuntu kernel: [    0.229136] .... node  #0, CPUs:      #1
Oct 30 11:05:03 gchinellato-ubuntu kernel: [    0.229294] kvm-clock: cpu 1, msr 1:1ffef041, secondary cpu clock
Oct 30 11:05:03 gchinellato-ubuntu kernel: [    0.230347] mce: CPU supports 0 MCE banks
Oct 30 11:05:03 gchinellato-ubuntu kernel: [    0.232381] x86: Booted up 1 node, 2 CPUs
Oct 30 11:05:03 gchinellato-ubuntu kernel: [    0.232389] smpboot: Total of 2 processors activated (10848.16 BogoMIPS)
Oct 30 11:05:03 gchinellato-ubuntu kernel: [    0.232680] devtmpfs: initialized
Oct 30 11:05:03 gchinellato-ubuntu kernel: [    0.234335] evm: security.selinux
Oct 30 11:05:03 gchinellato-ubuntu kernel: [    0.234338] evm: security.SMACK64
Oct 30 11:05:03 gchinellato-ubuntu kernel: [    0.234340] evm: security.SMACK64EXEC
Oct 30 11:05:03 gchinellato-ubuntu kernel: [    0.234342] evm: security.SMACK64TRANSMUTE
Oct 30 11:05:03 gchinellato-ubuntu kernel: [    0.234343] evm: security.SMACK64MMAP
Oct 30 11:05:03 gchinellato-ubuntu kernel: [    0.234345] evm: security.ima
Oct 30 11:05:03 gchinellato-ubuntu kernel: [    0.234347] evm: security.capability
Oct 30 11:05:03 gchinellato-ubuntu kernel: [    0.234488] clocksource: jiffies: mask: 0xffffffff max_cycles: 0xffffffff, max_idle_ns: 7645041785100000 ns
Oct 30 11:05:03 gchinellato-ubuntu kernel: [    0.234496] futex hash table entries: 512 (order: 3, 32768 bytes)
Oct 30 11:05:03 gchinellato-ubuntu kernel: [    0.234574] pinctrl core: initialized pinctrl subsystem
Oct 30 11:05:03 gchinellato-ubuntu kernel: [    0.234662] RTC time: 13:04:45, date: 10/30/17
Oct 30 11:05:03 gchinellato-ubuntu kernel: [    0.234860] NET: Registered protocol family 16
Oct 30 11:05:03 gchinellato-ubuntu kernel: [    0.248479] cpuidle: using governor ladder
Oct 30 11:05:03 gchinellato-ubuntu kernel: [    0.260879] cpuidle: using governor menu
Oct 30 11:05:03 gchinellato-ubuntu kernel: [    0.260889] PCCT header not found.
Oct 30 11:05:03 gchinellato-ubuntu kernel: [    0.260951] ACPI: bus type PCI registered
Oct 30 11:05:03 gchinellato-ubuntu kernel: [    0.260953] acpiphp: ACPI Hot Plug PCI Controller Driver version: 0.5
Oct 30 11:05:03 gchinellato-ubuntu kernel: [    0.261044] PCI: Using configuration type 1 for base access
Oct 30 11:05:03 gchinellato-ubuntu kernel: [    0.291057] ACPI: Added _OSI(Module Device)
Oct 30 11:05:03 gchinellato-ubuntu kernel: [    0.291071] ACPI: Added _OSI(Processor Device)
Oct 30 11:05:03 gchinellato-ubuntu kernel: [    0.291079] ACPI: Added _OSI(3.0 _SCP Extensions)
Oct 30 11:05:03 gchinellato-ubuntu kernel: [    0.291087] ACPI: Added _OSI(Processor Aggregator Device)
Oct 30 11:05:03 gchinellato-ubuntu kernel: [    0.292927] ACPI: Executed 1 blocks of module-level executable AML code
Oct 30 11:05:03 gchinellato-ubuntu kernel: [    0.297653] ACPI: Interpreter enabled
Oct 30 11:05:03 gchinellato-ubuntu kernel: [    0.297677] ACPI: (supports S0 S5)
Oct 30 11:05:03 gchinellato-ubuntu kernel: [    0.297684] ACPI: Using IOAPIC for interrupt routing
Oct 30 11:05:03 gchinellato-ubuntu kernel: [    0.298039] PCI: Using host bridge windows from ACPI; if necessary, use "pci=nocrs" and report a bug
Oct 30 11:05:03 gchinellato-ubuntu kernel: [    0.307012] ACPI: PCI Root Bridge [PCI0] (domain 0000 [bus 00-ff])
Oct 30 11:05:03 gchinellato-ubuntu kernel: [    0.307028] acpi PNP0A03:00: _OSC: OS supports [ASPM ClockPM Segments MSI]
Oct 30 11:05:03 gchinellato-ubuntu kernel: [    0.307066] acpi PNP0A03:00: _OSC: not requesting OS control; OS requires [ExtendedConfig ASPM ClockPM MSI]
Oct 30 11:05:03 gchinellato-ubuntu kernel: [    0.307090] acpi PNP0A03:00: fail to add MMCONFIG information, can't access extended PCI configuration space under this bridge.
Oct 30 11:05:03 gchinellato-ubuntu kernel: [    0.307737] PCI host bridge to bus 0000:00
Oct 30 11:05:03 gchinellato-ubuntu kernel: [    0.307749] pci_bus 0000:00: root bus resource [io  0x0000-0x0cf7 window]
Oct 30 11:05:03 gchinellato-ubuntu kernel: [    0.307757] pci_bus 0000:00: root bus resource [io  0x0d00-0xffff window]
Oct 30 11:05:03 gchinellato-ubuntu kernel: [    0.307764] pci_bus 0000:00: root bus resource [mem 0x000a0000-0x000bffff window]
Oct 30 11:05:03 gchinellato-ubuntu kernel: [    0.307775] pci_bus 0000:00: root bus resource [mem 0xe0000000-0xffdfffff window]
Oct 30 11:05:03 gchinellato-ubuntu kernel: [    0.307785] pci_bus 0000:00: root bus resource [bus 00-ff]
Oct 30 11:05:03 gchinellato-ubuntu kernel: [    0.307880] pci 0000:00:00.0: [8086:1237] type 00 class 0x060000
Oct 30 11:05:03 gchinellato-ubuntu kernel: [    0.309015] pci 0000:00:01.0: [8086:7000] type 00 class 0x060100
Oct 30 11:05:03 gchinellato-ubuntu kernel: [    0.310461] pci 0000:00:01.1: [8086:7111] type 00 class 0x01018a
Oct 30 11:05:03 gchinellato-ubuntu kernel: [    0.311355] pci 0000:00:01.1: reg 0x20: [io  0xd000-0xd00f]
Oct 30 11:05:03 gchinellato-ubuntu kernel: [    0.311738] pci 0000:00:01.1: legacy IDE quirk: reg 0x10: [io  0x01f0-0x01f7]
Oct 30 11:05:03 gchinellato-ubuntu kernel: [    0.311747] pci 0000:00:01.1: legacy IDE quirk: reg 0x14: [io  0x03f6]
Oct 30 11:05:03 gchinellato-ubuntu kernel: [    0.311755] pci 0000:00:01.1: legacy IDE quirk: reg 0x18: [io  0x0170-0x0177]
Oct 30 11:05:03 gchinellato-ubuntu kernel: [    0.311762] pci 0000:00:01.1: legacy IDE quirk: reg 0x1c: [io  0x0376]
Oct 30 11:05:03 gchinellato-ubuntu kernel: [    0.312223] pci 0000:00:02.0: [80ee:beef] type 00 class 0x030000
Oct 30 11:05:03 gchinellato-ubuntu kernel: [    0.318134] pci 0000:00:02.0: reg 0x10: [mem 0xe0000000-0xe3ffffff pref]
Oct 30 11:05:03 gchinellato-ubuntu kernel: [    0.342309] pci 0000:00:03.0: [8086:100e] type 00 class 0x020000
Oct 30 11:05:03 gchinellato-ubuntu kernel: [    0.344349] pci 0000:00:03.0: reg 0x10: [mem 0xf0000000-0xf001ffff]
Oct 30 11:05:03 gchinellato-ubuntu kernel: [    0.347842] pci 0000:00:03.0: reg 0x18: [io  0xd010-0xd017]
Oct 30 11:05:03 gchinellato-ubuntu kernel: [    0.355163] pci 0000:00:04.0: [80ee:cafe] type 00 class 0x088000
Oct 30 11:05:03 gchinellato-ubuntu kernel: [    0.356870] pci 0000:00:04.0: reg 0x10: [io  0xd020-0xd03f]
Oct 30 11:05:03 gchinellato-ubuntu kernel: [    0.358596] pci 0000:00:04.0: reg 0x14: [mem 0xf0400000-0xf07fffff]
Oct 30 11:05:03 gchinellato-ubuntu kernel: [    0.360285] pci 0000:00:04.0: reg 0x18: [mem 0xf0800000-0xf0803fff pref]
Oct 30 11:05:03 gchinellato-ubuntu kernel: [    0.368534] pci 0000:00:05.0: [8086:2415] type 00 class 0x040100
Oct 30 11:05:03 gchinellato-ubuntu kernel: [    0.368699] pci 0000:00:05.0: reg 0x10: [io  0xd100-0xd1ff]
Oct 30 11:05:03 gchinellato-ubuntu kernel: [    0.368808] pci 0000:00:05.0: reg 0x14: [io  0xd200-0xd23f]
Oct 30 11:05:03 gchinellato-ubuntu kernel: [    0.369565] pci 0000:00:06.0: [106b:003f] type 00 class 0x0c0310
Oct 30 11:05:03 gchinellato-ubuntu kernel: [    0.371490] pci 0000:00:06.0: reg 0x10: [mem 0xf0804000-0xf0804fff]
Oct 30 11:05:03 gchinellato-ubuntu kernel: [    0.382359] pci 0000:00:07.0: [8086:7113] type 00 class 0x068000
Oct 30 11:05:03 gchinellato-ubuntu kernel: [    0.383058] pci 0000:00:07.0: quirk: [io  0x4000-0x403f] claimed by PIIX4 ACPI
Oct 30 11:05:03 gchinellato-ubuntu kernel: [    0.383080] pci 0000:00:07.0: quirk: [io  0x4100-0x410f] claimed by PIIX4 SMB
Oct 30 11:05:03 gchinellato-ubuntu kernel: [    0.383483] pci 0000:00:08.0: [8086:100e] type 00 class 0x020000
Oct 30 11:05:03 gchinellato-ubuntu kernel: [    0.385584] pci 0000:00:08.0: reg 0x10: [mem 0xf0820000-0xf083ffff]
Oct 30 11:05:03 gchinellato-ubuntu kernel: [    0.389293] pci 0000:00:08.0: reg 0x18: [io  0xd240-0xd247]
Oct 30 11:05:03 gchinellato-ubuntu kernel: [    0.396671] pci 0000:00:0d.0: [8086:2829] type 00 class 0x010601
Oct 30 11:05:03 gchinellato-ubuntu kernel: [    0.398509] pci 0000:00:0d.0: reg 0x10: [io  0xd248-0xd24f]
Oct 30 11:05:03 gchinellato-ubuntu kernel: [    0.401876] pci 0000:00:0d.0: reg 0x18: [io  0xd258-0xd25f]
Oct 30 11:05:03 gchinellato-ubuntu kernel: [    0.405300] pci 0000:00:0d.0: reg 0x20: [io  0xd270-0xd27f]
Oct 30 11:05:03 gchinellato-ubuntu kernel: [    0.407057] pci 0000:00:0d.0: reg 0x24: [mem 0xf0840000-0xf0841fff]
Oct 30 11:05:03 gchinellato-ubuntu kernel: [    0.410594] ACPI: PCI Interrupt Link [LNKA] (IRQs 5 9 10 *11)
Oct 30 11:05:03 gchinellato-ubuntu kernel: [    0.410912] ACPI: PCI Interrupt Link [LNKB] (IRQs 5 9 10 *11)
Oct 30 11:05:03 gchinellato-ubuntu kernel: [    0.411035] ACPI: PCI Interrupt Link [LNKC] (IRQs 5 9 *10 11)
Oct 30 11:05:03 gchinellato-ubuntu kernel: [    0.411154] ACPI: PCI Interrupt Link [LNKD] (IRQs 5 *9 10 11)
Oct 30 11:05:03 gchinellato-ubuntu kernel: [    0.411350] ACPI: Enabled 2 GPEs in block 00 to 07
Oct 30 11:05:03 gchinellato-ubuntu kernel: [    0.411723] vgaarb: setting as boot device: PCI:0000:00:02.0
Oct 30 11:05:03 gchinellato-ubuntu kernel: [    0.411731] vgaarb: device added: PCI:0000:00:02.0,decodes=io+mem,owns=io+mem,locks=none
Oct 30 11:05:03 gchinellato-ubuntu kernel: [    0.411752] vgaarb: loaded
Oct 30 11:05:03 gchinellato-ubuntu kernel: [    0.411756] vgaarb: bridge control possible 0000:00:02.0
Oct 30 11:05:03 gchinellato-ubuntu kernel: [    0.412086] SCSI subsystem initialized
Oct 30 11:05:03 gchinellato-ubuntu kernel: [    0.412302] libata version 3.00 loaded.
Oct 30 11:05:03 gchinellato-ubuntu kernel: [    0.412343] ACPI: bus type USB registered
Oct 30 11:05:03 gchinellato-ubuntu kernel: [    0.412368] usbcore: registered new interface driver usbfs
Oct 30 11:05:03 gchinellato-ubuntu kernel: [    0.412382] usbcore: registered new interface driver hub
Oct 30 11:05:03 gchinellato-ubuntu kernel: [    0.412405] usbcore: registered new device driver usb
Oct 30 11:05:03 gchinellato-ubuntu kernel: [    0.412834] PCI: Using ACPI for IRQ routing
Oct 30 11:05:03 gchinellato-ubuntu kernel: [    0.412841] PCI: pci_cache_line_size set to 64 bytes
Oct 30 11:05:03 gchinellato-ubuntu kernel: [    0.413120] e820: reserve RAM buffer [mem 0x0009fc00-0x0009ffff]
Oct 30 11:05:03 gchinellato-ubuntu kernel: [    0.413123] e820: reserve RAM buffer [mem 0xdfff0000-0xdfffffff]
Oct 30 11:05:03 gchinellato-ubuntu kernel: [    0.413297] NetLabel: Initializing
Oct 30 11:05:03 gchinellato-ubuntu kernel: [    0.413315] NetLabel:  domain hash size = 128
Oct 30 11:05:03 gchinellato-ubuntu kernel: [    0.413318] NetLabel:  protocols = UNLABELED CIPSOv4
Oct 30 11:05:03 gchinellato-ubuntu kernel: [    0.413343] NetLabel:  unlabeled traffic allowed by default
Oct 30 11:05:03 gchinellato-ubuntu kernel: [    0.413623] amd_nb: Cannot enumerate AMD northbridges
Oct 30 11:05:03 gchinellato-ubuntu kernel: [    0.413708] clocksource: Switched to clocksource kvm-clock
Oct 30 11:05:03 gchinellato-ubuntu kernel: [    0.435355] AppArmor: AppArmor Filesystem Enabled
Oct 30 11:05:03 gchinellato-ubuntu kernel: [    0.435441] pnp: PnP ACPI init
Oct 30 11:05:03 gchinellato-ubuntu kernel: [    0.435526] pnp 00:00: Plug and Play ACPI device, IDs PNP0303 (active)
Oct 30 11:05:03 gchinellato-ubuntu kernel: [    0.435619] pnp 00:01: Plug and Play ACPI device, IDs PNP0f03 (active)
Oct 30 11:05:03 gchinellato-ubuntu kernel: [    0.436433] pnp: PnP ACPI: found 2 devices
Oct 30 11:05:03 gchinellato-ubuntu kernel: [    0.447082] clocksource: acpi_pm: mask: 0xffffff max_cycles: 0xffffff, max_idle_ns: 2085701024 ns
Oct 30 11:05:03 gchinellato-ubuntu kernel: [    0.447094] pci_bus 0000:00: resource 4 [io  0x0000-0x0cf7 window]
Oct 30 11:05:03 gchinellato-ubuntu kernel: [    0.447096] pci_bus 0000:00: resource 5 [io  0x0d00-0xffff window]
Oct 30 11:05:03 gchinellato-ubuntu kernel: [    0.447097] pci_bus 0000:00: resource 6 [mem 0x000a0000-0x000bffff window]
Oct 30 11:05:03 gchinellato-ubuntu kernel: [    0.447098] pci_bus 0000:00: resource 7 [mem 0xe0000000-0xffdfffff window]
Oct 30 11:05:03 gchinellato-ubuntu kernel: [    0.447120] NET: Registered protocol family 2
Oct 30 11:05:03 gchinellato-ubuntu kernel: [    0.447288] TCP established hash table entries: 32768 (order: 6, 262144 bytes)
Oct 30 11:05:03 gchinellato-ubuntu kernel: [    0.447371] TCP bind hash table entries: 32768 (order: 7, 524288 bytes)
Oct 30 11:05:03 gchinellato-ubuntu kernel: [    0.451911] TCP: Hash tables configured (established 32768 bind 32768)
Oct 30 11:05:03 gchinellato-ubuntu kernel: [    0.451926] UDP hash table entries: 2048 (order: 4, 65536 bytes)
Oct 30 11:05:03 gchinellato-ubuntu kernel: [    0.451937] UDP-Lite hash table entries: 2048 (order: 4, 65536 bytes)
Oct 30 11:05:03 gchinellato-ubuntu kernel: [    0.451971] NET: Registered protocol family 1
Oct 30 11:05:03 gchinellato-ubuntu kernel: [    0.451981] pci 0000:00:00.0: Limiting direct PCI/PCI transfers
Oct 30 11:05:03 gchinellato-ubuntu kernel: [    0.452007] pci 0000:00:01.0: Activating ISA DMA hang workarounds
Oct 30 11:05:03 gchinellato-ubuntu kernel: [    0.452033] pci 0000:00:02.0: Video device with shadowed ROM
Oct 30 11:05:03 gchinellato-ubuntu kernel: [    0.452957] PCI: CLS 0 bytes, default 64
Oct 30 11:05:03 gchinellato-ubuntu kernel: [    0.452988] Unpacking initramfs...
Oct 30 11:05:03 gchinellato-ubuntu kernel: [    0.989481] Freeing initrd memory: 21788K (ffff880035562000 - ffff880036aa9000)
Oct 30 11:05:03 gchinellato-ubuntu kernel: [    0.989502] PCI-DMA: Using software bounce buffering for IO (SWIOTLB)
Oct 30 11:05:03 gchinellato-ubuntu kernel: [    0.989505] software IO TLB [mem 0xdbff0000-0xdfff0000] (64MB) mapped at [ffff8800dbff0000-ffff8800dffeffff]
Oct 30 11:05:03 gchinellato-ubuntu kernel: [    0.989586] platform rtc_cmos: registered platform RTC device (no PNP device found)
Oct 30 11:05:03 gchinellato-ubuntu kernel: [    0.989609] Scanning for low memory corruption every 60 seconds
Oct 30 11:05:03 gchinellato-ubuntu kernel: [    0.989971] audit: initializing netlink subsys (disabled)
Oct 30 11:05:03 gchinellato-ubuntu kernel: [    0.989984] audit: type=2000 audit(1509368693.932:1): initialized
Oct 30 11:05:03 gchinellato-ubuntu kernel: [    0.990176] Initialise system trusted keyring
Oct 30 11:05:03 gchinellato-ubuntu kernel: [    0.990565] HugeTLB registered 2 MB page size, pre-allocated 0 pages
Oct 30 11:05:03 gchinellato-ubuntu kernel: [    0.991904] zbud: loaded
Oct 30 11:05:03 gchinellato-ubuntu kernel: [    0.992228] VFS: Disk quotas dquot_6.6.0
Oct 30 11:05:03 gchinellato-ubuntu kernel: [    0.992307] VFS: Dquot-cache hash table entries: 512 (order 0, 4096 bytes)
Oct 30 11:05:03 gchinellato-ubuntu kernel: [    0.992494] squashfs: version 4.0 (2009/01/31) Phillip Lougher
Oct 30 11:05:03 gchinellato-ubuntu kernel: [    0.992816] fuse init (API version 7.23)
Oct 30 11:05:03 gchinellato-ubuntu kernel: [    0.992910] Key type big_key registered
Oct 30 11:05:03 gchinellato-ubuntu kernel: [    0.992926] Allocating IMA MOK and blacklist keyrings.
Oct 30 11:05:03 gchinellato-ubuntu kernel: [    0.999544] Key type asymmetric registered
Oct 30 11:05:03 gchinellato-ubuntu kernel: [    0.999549] Asymmetric key parser 'x509' registered
Oct 30 11:05:03 gchinellato-ubuntu kernel: [    0.999583] Block layer SCSI generic (bsg) driver version 0.4 loaded (major 249)
Oct 30 11:05:03 gchinellato-ubuntu kernel: [    0.999660] io scheduler noop registered
Oct 30 11:05:03 gchinellato-ubuntu kernel: [    0.999665] io scheduler deadline registered (default)
Oct 30 11:05:03 gchinellato-ubuntu kernel: [    0.999690] io scheduler cfq registered
Oct 30 11:05:03 gchinellato-ubuntu kernel: [    0.999792] pci_hotplug: PCI Hot Plug PCI Core version: 0.5
Oct 30 11:05:03 gchinellato-ubuntu kernel: [    0.999797] pciehp: PCI Express Hot Plug Controller Driver version: 0.4
Oct 30 11:05:03 gchinellato-ubuntu kernel: [    0.999816] vesafb: mode is 640x480x32, linelength=2560, pages=0
Oct 30 11:05:03 gchinellato-ubuntu kernel: [    0.999818] vesafb: scrolling: redraw
Oct 30 11:05:03 gchinellato-ubuntu kernel: [    0.999820] vesafb: Truecolor: size=8:8:8:8, shift=24:16:8:0
Oct 30 11:05:03 gchinellato-ubuntu kernel: [    0.999827] vesafb: framebuffer at 0xe0000000, mapped to 0xffffc90000800000, using 1216k, total 1216k
Oct 30 11:05:03 gchinellato-ubuntu kernel: [    1.000991] Console: switching to colour frame buffer device 80x30
Oct 30 11:05:03 gchinellato-ubuntu kernel: [    1.001466] fb0: VESA VGA frame buffer device
Oct 30 11:05:03 gchinellato-ubuntu kernel: [    1.001488] intel_idle: does not run on family 6 model 94
Oct 30 11:05:03 gchinellato-ubuntu kernel: [    1.001568] ACPI: AC Adapter [AC] (on-line)
Oct 30 11:05:03 gchinellato-ubuntu kernel: [    1.001619] input: Power Button as /devices/LNXSYSTM:00/LNXPWRBN:00/input/input0
Oct 30 11:05:03 gchinellato-ubuntu kernel: [    1.001637] ACPI: Power Button [PWRF]
Oct 30 11:05:03 gchinellato-ubuntu kernel: [    1.002032] input: Sleep Button as /devices/LNXSYSTM:00/LNXSLPBN:00/input/input1
Oct 30 11:05:03 gchinellato-ubuntu kernel: [    1.002638] ACPI: Sleep Button [SLPF]
Oct 30 11:05:03 gchinellato-ubuntu kernel: [    1.003124] GHES: HEST is not enabled!
Oct 30 11:05:03 gchinellato-ubuntu kernel: [    1.004003] ACPI: Battery Slot [BAT0] (battery present)
Oct 30 11:05:03 gchinellato-ubuntu kernel: [    1.004384] Serial: 8250/16550 driver, 32 ports, IRQ sharing enabled
Oct 30 11:05:03 gchinellato-ubuntu kernel: [    1.005560] Linux agpgart interface v0.103
Oct 30 11:05:03 gchinellato-ubuntu kernel: [    1.008538] loop: module loaded
Oct 30 11:05:03 gchinellato-ubuntu kernel: [    1.009310] ata_piix 0000:00:01.1: version 2.13
Oct 30 11:05:03 gchinellato-ubuntu kernel: [    1.009697] scsi host0: ata_piix
Oct 30 11:05:03 gchinellato-ubuntu kernel: [    1.010300] scsi host1: ata_piix
Oct 30 11:05:03 gchinellato-ubuntu kernel: [    1.010607] ata1: PATA max UDMA/33 cmd 0x1f0 ctl 0x3f6 bmdma 0xd000 irq 14
Oct 30 11:05:03 gchinellato-ubuntu kernel: [    1.010931] ata2: PATA max UDMA/33 cmd 0x170 ctl 0x376 bmdma 0xd008 irq 15
Oct 30 11:05:03 gchinellato-ubuntu kernel: [    1.011306] libphy: Fixed MDIO Bus: probed
Oct 30 11:05:03 gchinellato-ubuntu kernel: [    1.011599] tun: Universal TUN/TAP device driver, 1.6
Oct 30 11:05:03 gchinellato-ubuntu kernel: [    1.011890] tun: (C) 1999-2004 Max Krasnyansky <maxk@qualcomm.com>
Oct 30 11:05:03 gchinellato-ubuntu kernel: [    1.012478] PPP generic driver version 2.4.2
Oct 30 11:05:03 gchinellato-ubuntu kernel: [    1.012840] ehci_hcd: USB 2.0 'Enhanced' Host Controller (EHCI) Driver
Oct 30 11:05:03 gchinellato-ubuntu kernel: [    1.013121] ehci-pci: EHCI PCI platform driver
Oct 30 11:05:03 gchinellato-ubuntu kernel: [    1.013449] ehci-platform: EHCI generic platform driver
Oct 30 11:05:03 gchinellato-ubuntu kernel: [    1.013772] ohci_hcd: USB 1.1 'Open' Host Controller (OHCI) Driver
Oct 30 11:05:03 gchinellato-ubuntu kernel: [    1.014049] ohci-pci: OHCI PCI platform driver
Oct 30 11:05:03 gchinellato-ubuntu kernel: [    1.014870] ohci-pci 0000:00:06.0: OHCI PCI host controller
Oct 30 11:05:03 gchinellato-ubuntu kernel: [    1.015147] ohci-pci 0000:00:06.0: new USB bus registered, assigned bus number 1
Oct 30 11:05:03 gchinellato-ubuntu kernel: [    1.015808] ohci-pci 0000:00:06.0: irq 22, io mem 0xf0804000
Oct 30 11:05:03 gchinellato-ubuntu kernel: [    1.071835] usb usb1: New USB device found, idVendor=1d6b, idProduct=0001
Oct 30 11:05:03 gchinellato-ubuntu kernel: [    1.075037] usb usb1: New USB device strings: Mfr=3, Product=2, SerialNumber=1
Oct 30 11:05:03 gchinellato-ubuntu kernel: [    1.077138] usb usb1: Product: OHCI PCI host controller
Oct 30 11:05:03 gchinellato-ubuntu kernel: [    1.078234] usb usb1: Manufacturer: Linux 4.4.0-78-generic ohci_hcd
Oct 30 11:05:03 gchinellato-ubuntu kernel: [    1.079283] usb usb1: SerialNumber: 0000:00:06.0
Oct 30 11:05:03 gchinellato-ubuntu kernel: [    1.080604] hub 1-0:1.0: USB hub found
Oct 30 11:05:03 gchinellato-ubuntu kernel: [    1.081683] hub 1-0:1.0: 12 ports detected
Oct 30 11:05:03 gchinellato-ubuntu kernel: [    1.083698] ohci-platform: OHCI generic platform driver
Oct 30 11:05:03 gchinellato-ubuntu kernel: [    1.084791] uhci_hcd: USB Universal Host Controller Interface driver
Oct 30 11:05:03 gchinellato-ubuntu kernel: [    1.086021] i8042: PNP: PS/2 Controller [PNP0303:PS2K,PNP0f03:PS2M] at 0x60,0x64 irq 1,12
Oct 30 11:05:03 gchinellato-ubuntu kernel: [    1.089320] serio: i8042 KBD port at 0x60,0x64 irq 1
Oct 30 11:05:03 gchinellato-ubuntu kernel: [    1.090494] serio: i8042 AUX port at 0x60,0x64 irq 12
Oct 30 11:05:03 gchinellato-ubuntu kernel: [    1.091876] mousedev: PS/2 mouse device common for all mice
Oct 30 11:05:03 gchinellato-ubuntu kernel: [    1.094663] rtc_cmos rtc_cmos: rtc core: registered rtc_cmos as rtc0
Oct 30 11:05:03 gchinellato-ubuntu kernel: [    1.098217] rtc_cmos rtc_cmos: alarms up to one day, 114 bytes nvram
Oct 30 11:05:03 gchinellato-ubuntu kernel: [    1.099464] input: AT Translated Set 2 keyboard as /devices/platform/i8042/serio0/input/input2
Oct 30 11:05:03 gchinellato-ubuntu kernel: [    1.101601] i2c /dev entries driver
Oct 30 11:05:03 gchinellato-ubuntu kernel: [    1.102423] device-mapper: uevent: version 1.0.3
Oct 30 11:05:03 gchinellato-ubuntu kernel: [    1.103112] device-mapper: ioctl: 4.34.0-ioctl (2015-10-28) initialised: dm-devel@redhat.com
Oct 30 11:05:03 gchinellato-ubuntu kernel: [    1.104380] ledtrig-cpu: registered to indicate activity on CPUs
Oct 30 11:05:03 gchinellato-ubuntu kernel: [    1.106079] NET: Registered protocol family 10
Oct 30 11:05:03 gchinellato-ubuntu kernel: [    1.107113] NET: Registered protocol family 17
Oct 30 11:05:03 gchinellato-ubuntu kernel: [    1.107749] Key type dns_resolver registered
Oct 30 11:05:03 gchinellato-ubuntu kernel: [    1.108600] microcode: CPU0 sig=0x506e3, pf=0x2, revision=0x0
Oct 30 11:05:03 gchinellato-ubuntu kernel: [    1.109229] microcode: CPU1 sig=0x506e3, pf=0x2, revision=0x0
Oct 30 11:05:03 gchinellato-ubuntu kernel: [    1.109887] microcode: Microcode Update Driver: v2.01 <tigran@aivazian.fsnet.co.uk>, Peter Oruba
Oct 30 11:05:03 gchinellato-ubuntu kernel: [    1.111279] registered taskstats version 1
Oct 30 11:05:03 gchinellato-ubuntu kernel: [    1.112011] Loading compiled-in X.509 certificates
Oct 30 11:05:03 gchinellato-ubuntu kernel: [    1.113621] Loaded X.509 cert 'Build time autogenerated kernel key: ced8d19e0117d42171aa8dc2bb598a129bebffa0'
Oct 30 11:05:03 gchinellato-ubuntu kernel: [    1.116113] zswap: loaded using pool lzo/zbud
Oct 30 11:05:03 gchinellato-ubuntu kernel: [    1.120480] Key type trusted registered
Oct 30 11:05:03 gchinellato-ubuntu kernel: [    1.127809] Key type encrypted registered
Oct 30 11:05:03 gchinellato-ubuntu kernel: [    1.128453] AppArmor: AppArmor sha1 policy hashing enabled
Oct 30 11:05:03 gchinellato-ubuntu kernel: [    1.129087] ima: No TPM chip found, activating TPM-bypass!
Oct 30 11:05:03 gchinellato-ubuntu kernel: [    1.129756] evm: HMAC attrs: 0x1
Oct 30 11:05:03 gchinellato-ubuntu kernel: [    1.131188]   Magic number: 5:172:80
Oct 30 11:05:03 gchinellato-ubuntu kernel: [    1.131695] rtc_cmos rtc_cmos: setting system clock to 2017-10-30 13:04:46 UTC (1509368686)
Oct 30 11:05:03 gchinellato-ubuntu kernel: [    1.132617] BIOS EDD facility v0.16 2004-Jun-25, 0 devices found
Oct 30 11:05:03 gchinellato-ubuntu kernel: [    1.132975] EDD information not available.
Oct 30 11:05:03 gchinellato-ubuntu kernel: [    1.133364] PM: Hibernation image not present or could not be loaded.
Oct 30 11:05:03 gchinellato-ubuntu kernel: [    1.166060] ata1.00: ATAPI: VBOX CD-ROM, 1.0, max UDMA/133
Oct 30 11:05:03 gchinellato-ubuntu kernel: [    1.167290] ata1.00: configured for UDMA/33
Oct 30 11:05:03 gchinellato-ubuntu kernel: [    1.168377] scsi 0:0:0:0: CD-ROM            VBOX     CD-ROM           1.0  PQ: 0 ANSI: 5
Oct 30 11:05:03 gchinellato-ubuntu kernel: [    1.174563] sr 0:0:0:0: [sr0] scsi3-mmc drive: 32x/32x xa/form2 tray
Oct 30 11:05:03 gchinellato-ubuntu kernel: [    1.174897] cdrom: Uniform CD-ROM driver Revision: 3.20
Oct 30 11:05:03 gchinellato-ubuntu kernel: [    1.175303] sr 0:0:0:0: Attached scsi CD-ROM sr0
Oct 30 11:05:03 gchinellato-ubuntu kernel: [    1.175337] sr 0:0:0:0: Attached scsi generic sg0 type 5
Oct 30 11:05:03 gchinellato-ubuntu kernel: [    1.176429] Freeing unused kernel memory: 1492K (ffffffff81f47000 - ffffffff820bc000)
Oct 30 11:05:03 gchinellato-ubuntu kernel: [    1.177634] Write protecting the kernel read-only data: 14336k
Oct 30 11:05:03 gchinellato-ubuntu kernel: [    1.178464] Freeing unused kernel memory: 1972K (ffff880001813000 - ffff880001a00000)
Oct 30 11:05:03 gchinellato-ubuntu kernel: [    1.179318] Freeing unused kernel memory: 96K (ffff880001de8000 - ffff880001e00000)
Oct 30 11:05:03 gchinellato-ubuntu kernel: [    1.199063] e1000: Intel(R) PRO/1000 Network Driver - version 7.3.21-k8-NAPI
Oct 30 11:05:03 gchinellato-ubuntu kernel: [    1.200148] e1000: Copyright (c) 1999-2006 Intel Corporation.
Oct 30 11:05:03 gchinellato-ubuntu kernel: [    1.213606] FUJITSU Extended Socket Network Device Driver - version 1.0 - Copyright (c) 2015 FUJITSU LIMITED
Oct 30 11:05:03 gchinellato-ubuntu kernel: [    1.408781] input: ImExPS/2 Generic Explorer Mouse as /devices/platform/i8042/serio1/input/input4
Oct 30 11:05:03 gchinellato-ubuntu kernel: [    1.493767] usb 1-1: new full-speed USB device number 2 using ohci-pci
Oct 30 11:05:03 gchinellato-ubuntu kernel: [    1.550293] e1000 0000:00:03.0 eth0: (PCI:33MHz:32-bit) 08:00:27:ad:9d:4d
Oct 30 11:05:03 gchinellato-ubuntu kernel: [    1.551271] e1000 0000:00:03.0 eth0: Intel(R) PRO/1000 Network Connection
Oct 30 11:05:03 gchinellato-ubuntu kernel: [    1.551841] ahci 0000:00:0d.0: version 3.0
Oct 30 11:05:03 gchinellato-ubuntu kernel: [    1.552331] ahci 0000:00:0d.0: SSS flag set, parallel bus scan disabled
Oct 30 11:05:03 gchinellato-ubuntu kernel: [    1.552831] ahci 0000:00:0d.0: AHCI 0001.0100 32 slots 2 ports 3 Gbps 0x3 impl SATA mode
Oct 30 11:05:03 gchinellato-ubuntu kernel: [    1.553546] ahci 0000:00:0d.0: flags: 64bit ncq stag only ccc 
Oct 30 11:05:03 gchinellato-ubuntu kernel: [    1.554552] scsi host2: ahci
Oct 30 11:05:03 gchinellato-ubuntu kernel: [    1.555297] scsi host3: ahci
Oct 30 11:05:03 gchinellato-ubuntu kernel: [    1.555669] ata3: SATA max UDMA/133 abar m8192@0xf0840000 port 0xf0840100 irq 21
Oct 30 11:05:03 gchinellato-ubuntu kernel: [    1.556418] ata4: SATA max UDMA/133 abar m8192@0xf0840000 port 0xf0840180 irq 21
Oct 30 11:05:03 gchinellato-ubuntu kernel: [    1.774459] usb 1-1: New USB device found, idVendor=80ee, idProduct=0021
Oct 30 11:05:03 gchinellato-ubuntu kernel: [    1.775827] usb 1-1: New USB device strings: Mfr=1, Product=3, SerialNumber=0
Oct 30 11:05:03 gchinellato-ubuntu kernel: [    1.776231] usb 1-1: Product: USB Tablet
Oct 30 11:05:03 gchinellato-ubuntu kernel: [    1.776572] usb 1-1: Manufacturer: VirtualBox
Oct 30 11:05:03 gchinellato-ubuntu kernel: [    1.780981] hidraw: raw HID events driver (C) Jiri Kosina
Oct 30 11:05:03 gchinellato-ubuntu kernel: [    1.789953] usbcore: registered new interface driver usbhid
Oct 30 11:05:03 gchinellato-ubuntu kernel: [    1.791076] usbhid: USB HID core driver
Oct 30 11:05:03 gchinellato-ubuntu kernel: [    1.794855] input: VirtualBox USB Tablet as /devices/pci0000:00/0000:00:06.0/usb1/1-1/1-1:1.0/0003:80EE:0021.0001/input/input5
Oct 30 11:05:03 gchinellato-ubuntu kernel: [    1.795650] hid-generic 0003:80EE:0021.0001: input,hidraw0: USB HID v1.10 Mouse [VirtualBox USB Tablet] on usb-0000:00:06.0-1/input0
Oct 30 11:05:03 gchinellato-ubuntu kernel: [    1.873809] ata3: SATA link up 3.0 Gbps (SStatus 123 SControl 300)
Oct 30 11:05:03 gchinellato-ubuntu kernel: [    1.875553] ata3.00: ATA-6: VBOX HARDDISK, 1.0, max UDMA/133
Oct 30 11:05:03 gchinellato-ubuntu kernel: [    1.875945] ata3.00: 104857600 sectors, multi 128: LBA48 NCQ (depth 31/32)
Oct 30 11:05:03 gchinellato-ubuntu kernel: [    1.876553] ata3.00: configured for UDMA/133
Oct 30 11:05:03 gchinellato-ubuntu kernel: [    1.877045] scsi 2:0:0:0: Direct-Access     ATA      VBOX HARDDISK    1.0  PQ: 0 ANSI: 5
Oct 30 11:05:03 gchinellato-ubuntu kernel: [    1.878038] sd 2:0:0:0: [sda] 104857600 512-byte logical blocks: (53.7 GB/50.0 GiB)
Oct 30 11:05:03 gchinellato-ubuntu kernel: [    1.878994] sd 2:0:0:0: [sda] Write Protect is off
Oct 30 11:05:03 gchinellato-ubuntu kernel: [    1.879397] sd 2:0:0:0: [sda] Mode Sense: 00 3a 00 00
Oct 30 11:05:03 gchinellato-ubuntu kernel: [    1.879415] sd 2:0:0:0: Attached scsi generic sg1 type 0
Oct 30 11:05:03 gchinellato-ubuntu kernel: [    1.879955] sd 2:0:0:0: [sda] Write cache: enabled, read cache: enabled, doesn't support DPO or FUA
Oct 30 11:05:03 gchinellato-ubuntu kernel: [    1.908439]  sda: sda1 sda2 < sda5 >
Oct 30 11:05:03 gchinellato-ubuntu kernel: [    1.909934] sd 2:0:0:0: [sda] Attached SCSI disk
Oct 30 11:05:03 gchinellato-ubuntu kernel: [    1.919141] e1000 0000:00:08.0 eth1: (PCI:33MHz:32-bit) 08:00:27:1e:27:9c
Oct 30 11:05:03 gchinellato-ubuntu kernel: [    1.919667] e1000 0000:00:08.0 eth1: Intel(R) PRO/1000 Network Connection
Oct 30 11:05:03 gchinellato-ubuntu kernel: [    1.985773] tsc: Refined TSC clocksource calibration: 2711.774 MHz
Oct 30 11:05:03 gchinellato-ubuntu kernel: [    1.987001] clocksource: tsc: mask: 0xffffffffffffffff max_cycles: 0x2716b0cb640, max_idle_ns: 440795281458 ns
Oct 30 11:05:03 gchinellato-ubuntu kernel: [    2.197856] ata4: SATA link up 3.0 Gbps (SStatus 123 SControl 300)
Oct 30 11:05:03 gchinellato-ubuntu kernel: [    2.199231] ata4.00: ATA-6: VBOX HARDDISK, 1.0, max UDMA/133
Oct 30 11:05:03 gchinellato-ubuntu kernel: [    2.200060] ata4.00: 167772160 sectors, multi 128: LBA48 NCQ (depth 31/32)
Oct 30 11:05:03 gchinellato-ubuntu kernel: [    2.200717] ata4.00: configured for UDMA/133
Oct 30 11:05:03 gchinellato-ubuntu kernel: [    2.201301] scsi 3:0:0:0: Direct-Access     ATA      VBOX HARDDISK    1.0  PQ: 0 ANSI: 5
Oct 30 11:05:03 gchinellato-ubuntu kernel: [    2.202135] sd 3:0:0:0: [sdb] 167772160 512-byte logical blocks: (85.9 GB/80.0 GiB)
Oct 30 11:05:03 gchinellato-ubuntu kernel: [    2.202153] sd 3:0:0:0: Attached scsi generic sg2 type 0
Oct 30 11:05:03 gchinellato-ubuntu kernel: [    2.203628] sd 3:0:0:0: [sdb] Write Protect is off
Oct 30 11:05:03 gchinellato-ubuntu kernel: [    2.203967] sd 3:0:0:0: [sdb] Mode Sense: 00 3a 00 00
Oct 30 11:05:03 gchinellato-ubuntu kernel: [    2.203976] sd 3:0:0:0: [sdb] Write cache: enabled, read cache: enabled, doesn't support DPO or FUA
Oct 30 11:05:03 gchinellato-ubuntu kernel: [    2.297956]  sdb: sdb1
Oct 30 11:05:03 gchinellato-ubuntu kernel: [    2.299228] sd 3:0:0:0: [sdb] Attached SCSI disk
Oct 30 11:05:03 gchinellato-ubuntu kernel: [    2.768391] EXT4-fs (sda1): mounted filesystem with ordered data mode. Opts: (null)
Oct 30 11:05:03 gchinellato-ubuntu kernel: [    4.238046] floppy0: no floppy controllers found
Oct 30 11:05:03 gchinellato-ubuntu kernel: [    4.480063] random: nonblocking pool is initialized
Oct 30 11:05:03 gchinellato-ubuntu kernel: [   15.867749] Adding 4191228k swap on /dev/sda5.  Priority:-1 extents:1 across:4191228k FS
Oct 30 11:05:03 gchinellato-ubuntu kernel: [   16.738831] EXT4-fs (sda1): re-mounted. Opts: errors=remount-ro
Oct 30 11:05:03 gchinellato-ubuntu kernel: [   16.852590] EXT4-fs (sdb1): mounted filesystem with ordered data mode. Opts: (null)
Oct 30 11:05:03 gchinellato-ubuntu kernel: [   17.297936] FS-Cache: Loaded
Oct 30 11:05:03 gchinellato-ubuntu kernel: [   17.422499] RPC: Registered named UNIX socket transport module.
Oct 30 11:05:03 gchinellato-ubuntu kernel: [   17.422501] RPC: Registered udp transport module.
Oct 30 11:05:03 gchinellato-ubuntu kernel: [   17.422502] RPC: Registered tcp transport module.
Oct 30 11:05:03 gchinellato-ubuntu kernel: [   17.422503] RPC: Registered tcp NFSv4.1 backchannel transport module.
Oct 30 11:05:03 gchinellato-ubuntu kernel: [   17.426296] lp: driver loaded but no devices found
Oct 30 11:05:03 gchinellato-ubuntu kernel: [   17.430844] ppdev: user-space parallel port driver
Oct 30 11:05:03 gchinellato-ubuntu kernel: [   17.443094] ACPI: Video Device [GFX0] (multi-head: yes  rom: no  post: no)
Oct 30 11:05:03 gchinellato-ubuntu kernel: [   17.443158] input: Video Bus as /devices/LNXSYSTM:00/LNXSYBUS:00/PNP0A03:00/LNXVIDEO:00/input/input6
Oct 30 11:05:03 gchinellato-ubuntu kernel: [   17.570033] FS-Cache: Netfs 'nfs' registered for caching
Oct 30 11:05:03 gchinellato-ubuntu kernel: [   17.595074] piix4_smbus 0000:00:07.0: SMBus Host Controller at 0x4100, revision 0
Oct 30 11:05:03 gchinellato-ubuntu kernel: [   17.658129] vboxguest: module verification failed: signature and/or required key missing - tainting kernel
Oct 30 11:05:03 gchinellato-ubuntu kernel: [   17.676583] [drm] Initialized drm 1.1.0 20060810
Oct 30 11:05:03 gchinellato-ubuntu kernel: [   17.681919] vgdrvHeartbeatInit: Setting up heartbeat to trigger every 2000 milliseconds
Oct 30 11:05:03 gchinellato-ubuntu kernel: [   17.682024] input: Unspecified device as /devices/pci0000:00/0000:00:04.0/input/input7
Oct 30 11:05:03 gchinellato-ubuntu kernel: [   17.688238] vboxguest: misc device minor 55, IRQ 20, I/O port d020, MMIO at 00000000f0400000 (size 0x400000)
Oct 30 11:05:03 gchinellato-ubuntu kernel: [   17.688241] vboxguest: Successfully loaded version 5.1.14 (interface 0x00010004)
Oct 30 11:05:03 gchinellato-ubuntu kernel: [   17.690680] Installing knfsd (copyright (C) 1996 okir@monad.swb.de).
Oct 30 11:05:03 gchinellato-ubuntu kernel: [   17.823903] [drm] VRAM 04000000
Oct 30 11:05:03 gchinellato-ubuntu kernel: [   17.824176] [TTM] Zone  kernel: Available graphics memory: 2023330 kiB
Oct 30 11:05:03 gchinellato-ubuntu kernel: [   17.824178] [TTM] Initializing pool allocator
Oct 30 11:05:03 gchinellato-ubuntu kernel: [   17.824181] [TTM] Initializing DMA pool allocator
Oct 30 11:05:03 gchinellato-ubuntu kernel: [   17.824427] checking generic (e0000000 130000) vs hw (e0000000 4000000)
Oct 30 11:05:03 gchinellato-ubuntu kernel: [   17.824428] fb: switching to vboxdrmfb from VESA VGA
Oct 30 11:05:03 gchinellato-ubuntu kernel: [   17.824519] Console: switching to colour dummy device 80x25
Oct 30 11:05:03 gchinellato-ubuntu kernel: [   17.824649] fbcon: vboxdrmfb (fb0) is primary device
Oct 30 11:05:03 gchinellato-ubuntu kernel: [   17.834405] AVX version of gcm_enc/dec engaged.
Oct 30 11:05:03 gchinellato-ubuntu kernel: [   17.834406] AES CTR mode by8 optimization enabled
Oct 30 11:05:03 gchinellato-ubuntu kernel: [   17.834657] Console: switching to colour frame buffer device 100x37
Oct 30 11:05:03 gchinellato-ubuntu kernel: [   17.836375] vboxvideo 0000:00:02.0: fb0: vboxdrmfb frame buffer device
Oct 30 11:05:03 gchinellato-ubuntu kernel: [   17.848817] intel_rapl: no valid rapl domains found in package 0
Oct 30 11:05:03 gchinellato-ubuntu kernel: [   17.853771] [drm] Initialized vboxvideo 1.0.0 20130823 for 0000:00:02.0 on minor 0
Oct 30 11:05:03 gchinellato-ubuntu kernel: [   17.955144] audit: type=1400 audit(1509368703.319:2): apparmor="STATUS" operation="profile_load" profile="unconfined" name="/sbin/dhclient" pid=570 comm="apparmor_parser"
Oct 30 11:05:03 gchinellato-ubuntu kernel: [   17.955149] audit: type=1400 audit(1509368703.319:3): apparmor="STATUS" operation="profile_load" profile="unconfined" name="/usr/lib/NetworkManager/nm-dhcp-client.action" pid=570 comm="apparmor_parser"
Oct 30 11:05:03 gchinellato-ubuntu kernel: [   17.955152] audit: type=1400 audit(1509368703.319:4): apparmor="STATUS" operation="profile_load" profile="unconfined" name="/usr/lib/connman/scripts/dhclient-script" pid=570 comm="apparmor_parser"
Oct 30 11:05:03 gchinellato-ubuntu kernel: [   17.955247] audit: type=1400 audit(1509368703.319:5): apparmor="STATUS" operation="profile_load" profile="unconfined" name="/usr/lib/cups/backend/cups-pdf" pid=529 comm="apparmor_parser"
Oct 30 11:05:03 gchinellato-ubuntu kernel: [   17.955251] audit: type=1400 audit(1509368703.319:6): apparmor="STATUS" operation="profile_load" profile="unconfined" name="/usr/sbin/cupsd" pid=529 comm="apparmor_parser"
Oct 30 11:05:03 gchinellato-ubuntu kernel: [   17.956227] audit: type=1400 audit(1509368703.319:7): apparmor="STATUS" operation="profile_replace" profile="unconfined" name="/sbin/dhclient" pid=571 comm="apparmor_parser"
Oct 30 11:05:03 gchinellato-ubuntu kernel: [   17.956231] audit: type=1400 audit(1509368703.319:8): apparmor="STATUS" operation="profile_replace" profile="unconfined" name="/usr/lib/NetworkManager/nm-dhcp-client.action" pid=571 comm="apparmor_parser"
Oct 30 11:05:03 gchinellato-ubuntu kernel: [   17.956234] audit: type=1400 audit(1509368703.319:9): apparmor="STATUS" operation="profile_replace" profile="unconfined" name="/usr/lib/connman/scripts/dhclient-script" pid=571 comm="apparmor_parser"
Oct 30 11:05:03 gchinellato-ubuntu kernel: [   17.956506] audit: type=1400 audit(1509368703.319:10): apparmor="STATUS" operation="profile_replace" profile="unconfined" name="/sbin/dhclient" pid=572 comm="apparmor_parser"
Oct 30 11:05:03 gchinellato-ubuntu kernel: [   17.956511] audit: type=1400 audit(1509368703.319:11): apparmor="STATUS" operation="profile_replace" profile="unconfined" name="/usr/lib/NetworkManager/nm-dhcp-client.action" pid=572 comm="apparmor_parser"
Oct 30 11:05:03 gchinellato-ubuntu kernel: [   18.109669] snd_intel8x0 0000:00:05.0: disable (unknown or VT-d) VM optimization
Oct 30 11:05:03 gchinellato-ubuntu kernel: [   18.432403] snd_intel8x0 0000:00:05.0: white list rate for 1028:0177 is 48000
Oct 30 11:05:04 gchinellato-ubuntu kernel: [   18.824822] Bluetooth: Core ver 2.21
Oct 30 11:05:04 gchinellato-ubuntu kernel: [   18.824859] NET: Registered protocol family 31
Oct 30 11:05:04 gchinellato-ubuntu kernel: [   18.824860] Bluetooth: HCI device and connection manager initialized
Oct 30 11:05:04 gchinellato-ubuntu kernel: [   18.825028] Bluetooth: HCI socket layer initialized
Oct 30 11:05:04 gchinellato-ubuntu kernel: [   18.825030] Bluetooth: L2CAP socket layer initialized
Oct 30 11:05:04 gchinellato-ubuntu kernel: [   18.825035] Bluetooth: SCO socket layer initialized
Oct 30 11:05:04 gchinellato-ubuntu kernel: [   18.923566] Bluetooth: RFCOMM TTY layer initialized
Oct 30 11:05:04 gchinellato-ubuntu kernel: [   18.923572] Bluetooth: RFCOMM socket layer initialized
Oct 30 11:05:04 gchinellato-ubuntu kernel: [   18.923575] Bluetooth: RFCOMM ver 1.11
Oct 30 11:05:04 gchinellato-ubuntu kernel: [   19.014813] Bluetooth: BNEP (Ethernet Emulation) ver 1.3
Oct 30 11:05:04 gchinellato-ubuntu kernel: [   19.014816] Bluetooth: BNEP filters: protocol multicast
Oct 30 11:05:04 gchinellato-ubuntu kernel: [   19.014818] Bluetooth: BNEP socket layer initialized
Oct 30 11:05:05 gchinellato-ubuntu kernel: [   20.542099] floppy0: no floppy controllers found
Oct 30 11:05:05 gchinellato-ubuntu kernel: [   20.545706] work still pending
Oct 30 11:05:07 gchinellato-ubuntu kernel: [   21.731722] vboxsf: Successfully loaded version 5.1.14 (interface 0x00010004)
Oct 30 11:05:08 gchinellato-ubuntu kernel: [   23.480216] IPv6: ADDRCONF(NETDEV_UP): eth0: link is not ready
Oct 30 11:05:08 gchinellato-ubuntu kernel: [   23.482183] e1000: eth0 NIC Link is Up 1000 Mbps Full Duplex, Flow Control: RX
Oct 30 11:05:08 gchinellato-ubuntu kernel: [   23.482464] IPv6: ADDRCONF(NETDEV_CHANGE): eth0: link becomes ready
Oct 30 11:05:08 gchinellato-ubuntu kernel: [   23.485067] IPv6: ADDRCONF(NETDEV_UP): eth1: link is not ready
Oct 30 11:05:08 gchinellato-ubuntu kernel: [   23.486163] e1000: eth1 NIC Link is Up 1000 Mbps Full Duplex, Flow Control: RX
Oct 30 11:05:08 gchinellato-ubuntu kernel: [   23.486451] IPv6: ADDRCONF(NETDEV_CHANGE): eth1: link becomes ready
Oct 30 11:05:11 gchinellato-ubuntu kernel: [   26.270080] NFSD: Using /var/lib/nfs/v4recovery as the NFSv4 state recovery directory
Oct 30 11:05:11 gchinellato-ubuntu kernel: [   26.305778] NFSD: starting 90-second grace period (net ffffffff81ef85c0)
Oct 30 11:05:13 gchinellato-ubuntu kernel: [   27.774009] VBoxService 5.1.14 r112924 (verbosity: 0) linux.amd64 (Jan 16 2017 17:38:46) release log
Oct 30 11:05:13 gchinellato-ubuntu kernel: [   27.774009] 00:00:00.000137 main     Log opened 2017-10-30T13:05:13.142303000Z
Oct 30 11:05:13 gchinellato-ubuntu kernel: [   27.774069] 00:00:00.000228 main     OS Product: Linux
Oct 30 11:05:13 gchinellato-ubuntu kernel: [   27.774096] 00:00:00.000260 main     OS Release: 4.4.0-78-generic
Oct 30 11:05:13 gchinellato-ubuntu kernel: [   27.774125] 00:00:00.000286 main     OS Version: #99~14.04.2-Ubuntu SMP Thu Apr 27 18:49:46 UTC 2017
Oct 30 11:05:13 gchinellato-ubuntu kernel: [   27.774163] 00:00:00.000315 main     Executable: /opt/VBoxGuestAdditions-5.1.14/sbin/VBoxService
Oct 30 11:05:13 gchinellato-ubuntu kernel: [   27.774163] 00:00:00.000316 main     Process ID: 1653
Oct 30 11:05:13 gchinellato-ubuntu kernel: [   27.774163] 00:00:00.000317 main     Package type: LINUX_64BITS_GENERIC
Oct 30 11:05:13 gchinellato-ubuntu kernel: [   27.776435] 00:00:00.002590 main     5.1.14 r112924 started. Verbose level = 0
Oct 30 11:05:13 gchinellato-ubuntu kernel: [   27.783325] 00:00:00.009428 automount vbsvcAutoMountWorker: Shared folder 'windows-shared' was mounted to '/media/sf_windows-shared'
Oct 30 11:05:33 gchinellato-ubuntu kernel: [   48.148873] audit_printk_skb: 66 callbacks suppressed
Oct 30 11:05:33 gchinellato-ubuntu kernel: [   48.148876] audit: type=1400 audit(1509368733.525:34): apparmor="STATUS" operation="profile_replace" profile="unconfined" name="/usr/lib/cups/backend/cups-pdf" pid=2015 comm="apparmor_parser"
Oct 30 11:05:33 gchinellato-ubuntu kernel: [   48.148880] audit: type=1400 audit(1509368733.525:35): apparmor="STATUS" operation="profile_replace" profile="unconfined" name="/usr/sbin/cupsd" pid=2015 comm="apparmor_parser"
Oct 30 11:07:40 gchinellato-ubuntu kernel: [  174.918476] ISO 9660 Extensions: Microsoft Joliet Level 3
Oct 30 11:07:40 gchinellato-ubuntu kernel: [  174.942356] ISO 9660 Extensions: RRIP_1991A
Oct 30 11:07:46 gchinellato-ubuntu kernel: [  180.863953] 00:02:33.166210 control  Guest control service stopped
Oct 30 11:07:46 gchinellato-ubuntu kernel: [  180.863983] 00:02:33.166264 control  Guest control worker returned with rc=VINF_SUCCESS
Oct 30 11:07:46 gchinellato-ubuntu kernel: [  180.864036] 00:02:33.166307 main     Session 0 is about to close ...
Oct 30 11:07:46 gchinellato-ubuntu kernel: [  180.864075] 00:02:33.166340 main     Stopping all guest processes ...
Oct 30 11:07:46 gchinellato-ubuntu kernel: [  180.864095] 00:02:33.166377 main     Closing all guest files ...
Oct 30 11:07:46 gchinellato-ubuntu kernel: [  181.185637] 00:02:33.488039 main     Ended.
Oct 30 11:08:25 gchinellato-ubuntu kernel: [  220.492515] vboxsf: Successfully loaded version 5.1.30 (interface 0x00010004)
Oct 30 11:09:26 gchinellato-ubuntu kernel: [    0.000000] Initializing cgroup subsys cpuset
Oct 30 11:09:26 gchinellato-ubuntu kernel: [    0.000000] Initializing cgroup subsys cpu
Oct 30 11:09:26 gchinellato-ubuntu kernel: [    0.000000] Initializing cgroup subsys cpuacct
Oct 30 11:09:26 gchinellato-ubuntu kernel: [    0.000000] Linux version 4.4.0-78-generic (buildd@lcy01-17) (gcc version 4.8.4 (Ubuntu 4.8.4-2ubuntu1~14.04.3) ) #99~14.04.2-Ubuntu SMP Thu Apr 27 18:49:46 UTC 2017 (Ubuntu 4.4.0-78.99~14.04.2-generic 4.4.62)
Oct 30 11:09:26 gchinellato-ubuntu kernel: [    0.000000] Command line: BOOT_IMAGE=/boot/vmlinuz-4.4.0-78-generic root=UUID=8e2417e0-21c4-4053-b097-3c06503a3c12 ro
Oct 30 11:09:26 gchinellato-ubuntu kernel: [    0.000000] KERNEL supported cpus:
Oct 30 11:09:26 gchinellato-ubuntu kernel: [    0.000000]   Intel GenuineIntel
Oct 30 11:09:26 gchinellato-ubuntu kernel: [    0.000000]   AMD AuthenticAMD
Oct 30 11:09:26 gchinellato-ubuntu kernel: [    0.000000]   Centaur CentaurHauls
Oct 30 11:09:26 gchinellato-ubuntu kernel: [    0.000000] x86/fpu: xstate_offset[2]:  576, xstate_sizes[2]:  256
Oct 30 11:09:26 gchinellato-ubuntu kernel: [    0.000000] x86/fpu: Supporting XSAVE feature 0x01: 'x87 floating point registers'
Oct 30 11:09:26 gchinellato-ubuntu kernel: [    0.000000] x86/fpu: Supporting XSAVE feature 0x02: 'SSE registers'
Oct 30 11:09:26 gchinellato-ubuntu kernel: [    0.000000] x86/fpu: Supporting XSAVE feature 0x04: 'AVX registers'
Oct 30 11:09:26 gchinellato-ubuntu kernel: [    0.000000] x86/fpu: Enabled xstate features 0x7, context size is 832 bytes, using 'standard' format.
Oct 30 11:09:26 gchinellato-ubuntu kernel: [    0.000000] x86/fpu: Using 'lazy' FPU context switches.
Oct 30 11:09:26 gchinellato-ubuntu kernel: [    0.000000] e820: BIOS-provided physical RAM map:
Oct 30 11:09:26 gchinellato-ubuntu kernel: [    0.000000] BIOS-e820: [mem 0x0000000000000000-0x000000000009fbff] usable
Oct 30 11:09:26 gchinellato-ubuntu kernel: [    0.000000] BIOS-e820: [mem 0x000000000009fc00-0x000000000009ffff] reserved
Oct 30 11:09:26 gchinellato-ubuntu kernel: [    0.000000] BIOS-e820: [mem 0x00000000000f0000-0x00000000000fffff] reserved
Oct 30 11:09:26 gchinellato-ubuntu kernel: [    0.000000] BIOS-e820: [mem 0x0000000000100000-0x00000000dffeffff] usable
Oct 30 11:09:26 gchinellato-ubuntu kernel: [    0.000000] BIOS-e820: [mem 0x00000000dfff0000-0x00000000dfffffff] ACPI data
Oct 30 11:09:26 gchinellato-ubuntu kernel: [    0.000000] BIOS-e820: [mem 0x00000000fec00000-0x00000000fec00fff] reserved
Oct 30 11:09:26 gchinellato-ubuntu kernel: [    0.000000] BIOS-e820: [mem 0x00000000fee00000-0x00000000fee00fff] reserved
Oct 30 11:09:26 gchinellato-ubuntu kernel: [    0.000000] BIOS-e820: [mem 0x00000000fffc0000-0x00000000ffffffff] reserved
Oct 30 11:09:26 gchinellato-ubuntu kernel: [    0.000000] BIOS-e820: [mem 0x0000000100000000-0x000000011fffffff] usable
Oct 30 11:09:26 gchinellato-ubuntu kernel: [    0.000000] NX (Execute Disable) protection: active
Oct 30 11:09:26 gchinellato-ubuntu kernel: [    0.000000] SMBIOS 2.5 present.
Oct 30 11:09:26 gchinellato-ubuntu kernel: [    0.000000] DMI: innotek GmbH VirtualBox/VirtualBox, BIOS VirtualBox 12/01/2006
Oct 30 11:09:26 gchinellato-ubuntu kernel: [    0.000000] Hypervisor detected: KVM
Oct 30 11:09:26 gchinellato-ubuntu kernel: [    0.000000] e820: update [mem 0x00000000-0x00000fff] usable ==> reserved
Oct 30 11:09:26 gchinellato-ubuntu kernel: [    0.000000] e820: remove [mem 0x000a0000-0x000fffff] usable
Oct 30 11:09:26 gchinellato-ubuntu kernel: [    0.000000] e820: last_pfn = 0x120000 max_arch_pfn = 0x400000000
Oct 30 11:09:26 gchinellato-ubuntu kernel: [    0.000000] MTRR default type: uncachable
Oct 30 11:09:26 gchinellato-ubuntu kernel: [    0.000000] MTRR variable ranges disabled:
Oct 30 11:09:26 gchinellato-ubuntu kernel: [    0.000000] MTRR: Disabled
Oct 30 11:09:26 gchinellato-ubuntu kernel: [    0.000000] x86/PAT: MTRRs disabled, skipping PAT initialization too.
Oct 30 11:09:26 gchinellato-ubuntu kernel: [    0.000000] x86/PAT: Configuration [0-7]: WB  WT  UC- UC  WB  WT  UC- UC  
Oct 30 11:09:26 gchinellato-ubuntu kernel: [    0.000000] CPU MTRRs all blank - virtualized system.
Oct 30 11:09:26 gchinellato-ubuntu kernel: [    0.000000] e820: last_pfn = 0xdfff0 max_arch_pfn = 0x400000000
Oct 30 11:09:26 gchinellato-ubuntu kernel: [    0.000000] found SMP MP-table at [mem 0x0009fff0-0x0009ffff] mapped at [ffff88000009fff0]
Oct 30 11:09:26 gchinellato-ubuntu kernel: [    0.000000] Scanning 1 areas for low memory corruption
Oct 30 11:09:26 gchinellato-ubuntu kernel: [    0.000000] Base memory trampoline at [ffff880000099000] 99000 size 24576
Oct 30 11:09:26 gchinellato-ubuntu kernel: [    0.000000] BRK [0x0220f000, 0x0220ffff] PGTABLE
Oct 30 11:09:26 gchinellato-ubuntu kernel: [    0.000000] BRK [0x02210000, 0x02210fff] PGTABLE
Oct 30 11:09:26 gchinellato-ubuntu kernel: [    0.000000] BRK [0x02211000, 0x02211fff] PGTABLE
Oct 30 11:09:26 gchinellato-ubuntu kernel: [    0.000000] BRK [0x02212000, 0x02212fff] PGTABLE
Oct 30 11:09:26 gchinellato-ubuntu kernel: [    0.000000] RAMDISK: [mem 0x35562000-0x36aa8fff]
Oct 30 11:09:26 gchinellato-ubuntu kernel: [    0.000000] ACPI: Early table checksum verification disabled
Oct 30 11:09:26 gchinellato-ubuntu kernel: [    0.000000] ACPI: RSDP 0x00000000000E0000 000024 (v02 VBOX  )
Oct 30 11:09:26 gchinellato-ubuntu kernel: [    0.000000] ACPI: XSDT 0x00000000DFFF0030 00003C (v01 VBOX   VBOXXSDT 00000001 ASL  00000061)
Oct 30 11:09:26 gchinellato-ubuntu kernel: [    0.000000] ACPI: FACP 0x00000000DFFF00F0 0000F4 (v04 VBOX   VBOXFACP 00000001 ASL  00000061)
Oct 30 11:09:26 gchinellato-ubuntu kernel: [    0.000000] ACPI: DSDT 0x00000000DFFF0470 0021FF (v02 VBOX   VBOXBIOS 00000002 INTL 20100528)
Oct 30 11:09:26 gchinellato-ubuntu kernel: [    0.000000] ACPI: FACS 0x00000000DFFF0200 000040
Oct 30 11:09:26 gchinellato-ubuntu kernel: [    0.000000] ACPI: FACS 0x00000000DFFF0200 000040
Oct 30 11:09:26 gchinellato-ubuntu kernel: [    0.000000] ACPI: APIC 0x00000000DFFF0240 00005C (v02 VBOX   VBOXAPIC 00000001 ASL  00000061)
Oct 30 11:09:26 gchinellato-ubuntu kernel: [    0.000000] ACPI: SSDT 0x00000000DFFF02A0 0001CC (v01 VBOX   VBOXCPUT 00000002 INTL 20100528)
Oct 30 11:09:26 gchinellato-ubuntu kernel: [    0.000000] ACPI: Local APIC address 0xfee00000
Oct 30 11:09:26 gchinellato-ubuntu kernel: [    0.000000] No NUMA configuration found
Oct 30 11:09:26 gchinellato-ubuntu kernel: [    0.000000] Faking a node at [mem 0x0000000000000000-0x000000011fffffff]
Oct 30 11:09:26 gchinellato-ubuntu kernel: [    0.000000] NODE_DATA(0) allocated [mem 0x11fff7000-0x11fffbfff]
Oct 30 11:09:26 gchinellato-ubuntu kernel: [    0.000000] kvm-clock: Using msrs 4b564d01 and 4b564d00
Oct 30 11:09:26 gchinellato-ubuntu kernel: [    0.000000] kvm-clock: cpu 0, msr 1:1ffef001, primary cpu clock
Oct 30 11:09:26 gchinellato-ubuntu kernel: [    0.000000] kvm-clock: using sched offset of 270097001242 cycles
Oct 30 11:09:26 gchinellato-ubuntu kernel: [    0.000000] clocksource: kvm-clock: mask: 0xffffffffffffffff max_cycles: 0x1cd42e4dffb, max_idle_ns: 881590591483 ns
Oct 30 11:09:26 gchinellato-ubuntu kernel: [    0.000000] Zone ranges:
Oct 30 11:09:26 gchinellato-ubuntu kernel: [    0.000000]   DMA      [mem 0x0000000000001000-0x0000000000ffffff]
Oct 30 11:09:26 gchinellato-ubuntu kernel: [    0.000000]   DMA32    [mem 0x0000000001000000-0x00000000ffffffff]
Oct 30 11:09:26 gchinellato-ubuntu kernel: [    0.000000]   Normal   [mem 0x0000000100000000-0x000000011fffffff]
Oct 30 11:09:26 gchinellato-ubuntu kernel: [    0.000000]   Device   empty
Oct 30 11:09:26 gchinellato-ubuntu kernel: [    0.000000] Movable zone start for each node
Oct 30 11:09:26 gchinellato-ubuntu kernel: [    0.000000] Early memory node ranges
Oct 30 11:09:26 gchinellato-ubuntu kernel: [    0.000000]   node   0: [mem 0x0000000000001000-0x000000000009efff]
Oct 30 11:09:26 gchinellato-ubuntu kernel: [    0.000000]   node   0: [mem 0x0000000000100000-0x00000000dffeffff]
Oct 30 11:09:26 gchinellato-ubuntu kernel: [    0.000000]   node   0: [mem 0x0000000100000000-0x000000011fffffff]
Oct 30 11:09:26 gchinellato-ubuntu kernel: [    0.000000] Initmem setup node 0 [mem 0x0000000000001000-0x000000011fffffff]
Oct 30 11:09:26 gchinellato-ubuntu kernel: [    0.000000] On node 0 totalpages: 1048462
Oct 30 11:09:26 gchinellato-ubuntu kernel: [    0.000000]   DMA zone: 64 pages used for memmap
Oct 30 11:09:26 gchinellato-ubuntu kernel: [    0.000000]   DMA zone: 21 pages reserved
Oct 30 11:09:26 gchinellato-ubuntu kernel: [    0.000000]   DMA zone: 3998 pages, LIFO batch:0
Oct 30 11:09:26 gchinellato-ubuntu kernel: [    0.000000]   DMA32 zone: 14272 pages used for memmap
Oct 30 11:09:26 gchinellato-ubuntu kernel: [    0.000000]   DMA32 zone: 913392 pages, LIFO batch:31
Oct 30 11:09:26 gchinellato-ubuntu kernel: [    0.000000]   Normal zone: 2048 pages used for memmap
Oct 30 11:09:26 gchinellato-ubuntu kernel: [    0.000000]   Normal zone: 131072 pages, LIFO batch:31
Oct 30 11:09:26 gchinellato-ubuntu kernel: [    0.000000] ACPI: PM-Timer IO Port: 0x4008
Oct 30 11:09:26 gchinellato-ubuntu kernel: [    0.000000] ACPI: Local APIC address 0xfee00000
Oct 30 11:09:26 gchinellato-ubuntu kernel: [    0.000000] IOAPIC[0]: apic_id 2, version 32, address 0xfec00000, GSI 0-23
Oct 30 11:09:26 gchinellato-ubuntu kernel: [    0.000000] ACPI: INT_SRC_OVR (bus 0 bus_irq 0 global_irq 2 dfl dfl)
Oct 30 11:09:26 gchinellato-ubuntu kernel: [    0.000000] ACPI: INT_SRC_OVR (bus 0 bus_irq 9 global_irq 9 high level)
Oct 30 11:09:26 gchinellato-ubuntu kernel: [    0.000000] ACPI: IRQ0 used by override.
Oct 30 11:09:26 gchinellato-ubuntu kernel: [    0.000000] ACPI: IRQ9 used by override.
Oct 30 11:09:26 gchinellato-ubuntu kernel: [    0.000000] Using ACPI (MADT) for SMP configuration information
Oct 30 11:09:26 gchinellato-ubuntu kernel: [    0.000000] smpboot: Allowing 2 CPUs, 0 hotplug CPUs
Oct 30 11:09:26 gchinellato-ubuntu kernel: [    0.000000] PM: Registered nosave memory: [mem 0x00000000-0x00000fff]
Oct 30 11:09:26 gchinellato-ubuntu kernel: [    0.000000] PM: Registered nosave memory: [mem 0x0009f000-0x0009ffff]
Oct 30 11:09:26 gchinellato-ubuntu kernel: [    0.000000] PM: Registered nosave memory: [mem 0x000a0000-0x000effff]
Oct 30 11:09:26 gchinellato-ubuntu kernel: [    0.000000] PM: Registered nosave memory: [mem 0x000f0000-0x000fffff]
Oct 30 11:09:26 gchinellato-ubuntu kernel: [    0.000000] PM: Registered nosave memory: [mem 0xdfff0000-0xdfffffff]
Oct 30 11:09:26 gchinellato-ubuntu kernel: [    0.000000] PM: Registered nosave memory: [mem 0xe0000000-0xfebfffff]
Oct 30 11:09:26 gchinellato-ubuntu kernel: [    0.000000] PM: Registered nosave memory: [mem 0xfec00000-0xfec00fff]
Oct 30 11:09:26 gchinellato-ubuntu kernel: [    0.000000] PM: Registered nosave memory: [mem 0xfec01000-0xfedfffff]
Oct 30 11:09:26 gchinellato-ubuntu kernel: [    0.000000] PM: Registered nosave memory: [mem 0xfee00000-0xfee00fff]
Oct 30 11:09:26 gchinellato-ubuntu kernel: [    0.000000] PM: Registered nosave memory: [mem 0xfee01000-0xfffbffff]
Oct 30 11:09:26 gchinellato-ubuntu kernel: [    0.000000] PM: Registered nosave memory: [mem 0xfffc0000-0xffffffff]
Oct 30 11:09:26 gchinellato-ubuntu kernel: [    0.000000] e820: [mem 0xe0000000-0xfebfffff] available for PCI devices
Oct 30 11:09:26 gchinellato-ubuntu kernel: [    0.000000] Booting paravirtualized kernel on KVM
Oct 30 11:09:26 gchinellato-ubuntu kernel: [    0.000000] clocksource: refined-jiffies: mask: 0xffffffff max_cycles: 0xffffffff, max_idle_ns: 7645519600211568 ns
Oct 30 11:09:26 gchinellato-ubuntu kernel: [    0.000000] setup_percpu: NR_CPUS:512 nr_cpumask_bits:512 nr_cpu_ids:2 nr_node_ids:1
Oct 30 11:09:26 gchinellato-ubuntu kernel: [    0.000000] PERCPU: Embedded 34 pages/cpu @ffff88011fc00000 s98328 r8192 d32744 u1048576
Oct 30 11:09:26 gchinellato-ubuntu kernel: [    0.000000] pcpu-alloc: s98328 r8192 d32744 u1048576 alloc=1*2097152
Oct 30 11:09:26 gchinellato-ubuntu kernel: [    0.000000] pcpu-alloc: [0] 0 1 
Oct 30 11:09:26 gchinellato-ubuntu kernel: [    0.000000] PV qspinlock hash table entries: 256 (order: 0, 4096 bytes)
Oct 30 11:09:26 gchinellato-ubuntu kernel: [    0.000000] Built 1 zonelists in Node order, mobility grouping on.  Total pages: 1032057
Oct 30 11:09:26 gchinellato-ubuntu kernel: [    0.000000] Policy zone: Normal
Oct 30 11:09:26 gchinellato-ubuntu kernel: [    0.000000] Kernel command line: BOOT_IMAGE=/boot/vmlinuz-4.4.0-78-generic root=UUID=8e2417e0-21c4-4053-b097-3c06503a3c12 ro
Oct 30 11:09:26 gchinellato-ubuntu kernel: [    0.000000] PID hash table entries: 4096 (order: 3, 32768 bytes)
Oct 30 11:09:26 gchinellato-ubuntu kernel: [    0.000000] Calgary: detecting Calgary via BIOS EBDA area
Oct 30 11:09:26 gchinellato-ubuntu kernel: [    0.000000] Calgary: Unable to locate Rio Grande table in EBDA - bailing!
Oct 30 11:09:26 gchinellato-ubuntu kernel: [    0.000000] Memory: 4021280K/4193848K available (8256K kernel code, 1303K rwdata, 4000K rodata, 1492K init, 1316K bss, 172568K reserved, 0K cma-reserved)
Oct 30 11:09:26 gchinellato-ubuntu kernel: [    0.000000] SLUB: HWalign=64, Order=0-3, MinObjects=0, CPUs=2, Nodes=1
Oct 30 11:09:26 gchinellato-ubuntu kernel: [    0.000000] Hierarchical RCU implementation.
Oct 30 11:09:26 gchinellato-ubuntu kernel: [    0.000000] 	Build-time adjustment of leaf fanout to 64.
Oct 30 11:09:26 gchinellato-ubuntu kernel: [    0.000000] 	RCU restricting CPUs from NR_CPUS=512 to nr_cpu_ids=2.
Oct 30 11:09:26 gchinellato-ubuntu kernel: [    0.000000] RCU: Adjusting geometry for rcu_fanout_leaf=64, nr_cpu_ids=2
Oct 30 11:09:26 gchinellato-ubuntu kernel: [    0.000000] NR_IRQS:33024 nr_irqs:440 16
Oct 30 11:09:26 gchinellato-ubuntu kernel: [    0.000000] Console: colour dummy device 80x25
Oct 30 11:09:26 gchinellato-ubuntu kernel: [    0.000000] console [tty0] enabled
Oct 30 11:09:26 gchinellato-ubuntu kernel: [    0.000000] tsc: Detected 2712.040 MHz processor
Oct 30 11:09:26 gchinellato-ubuntu kernel: [    0.030263] Calibrating delay loop (skipped) preset value.. 5424.08 BogoMIPS (lpj=10848160)
Oct 30 11:09:26 gchinellato-ubuntu kernel: [    0.030268] pid_max: default: 32768 minimum: 301
Oct 30 11:09:26 gchinellato-ubuntu kernel: [    0.030292] ACPI: Core revision 20150930
Oct 30 11:09:26 gchinellato-ubuntu kernel: [    0.031148] ACPI: 2 ACPI AML tables successfully acquired and loaded
Oct 30 11:09:26 gchinellato-ubuntu kernel: [    0.031163] Security Framework initialized
Oct 30 11:09:26 gchinellato-ubuntu kernel: [    0.031165] Yama: becoming mindful.
Oct 30 11:09:26 gchinellato-ubuntu kernel: [    0.031177] AppArmor: AppArmor initialized
Oct 30 11:09:26 gchinellato-ubuntu kernel: [    0.031407] Dentry cache hash table entries: 524288 (order: 10, 4194304 bytes)
Oct 30 11:09:26 gchinellato-ubuntu kernel: [    0.031997] Inode-cache hash table entries: 262144 (order: 9, 2097152 bytes)
Oct 30 11:09:26 gchinellato-ubuntu kernel: [    0.032285] Mount-cache hash table entries: 8192 (order: 4, 65536 bytes)
Oct 30 11:09:26 gchinellato-ubuntu kernel: [    0.032291] Mountpoint-cache hash table entries: 8192 (order: 4, 65536 bytes)
Oct 30 11:09:26 gchinellato-ubuntu kernel: [    0.032420] Initializing cgroup subsys io
Oct 30 11:09:26 gchinellato-ubuntu kernel: [    0.032423] Initializing cgroup subsys memory
Oct 30 11:09:26 gchinellato-ubuntu kernel: [    0.032428] Initializing cgroup subsys devices
Oct 30 11:09:26 gchinellato-ubuntu kernel: [    0.032431] Initializing cgroup subsys freezer
Oct 30 11:09:26 gchinellato-ubuntu kernel: [    0.032434] Initializing cgroup subsys net_cls
Oct 30 11:09:26 gchinellato-ubuntu kernel: [    0.032437] Initializing cgroup subsys perf_event
Oct 30 11:09:26 gchinellato-ubuntu kernel: [    0.032439] Initializing cgroup subsys net_prio
Oct 30 11:09:26 gchinellato-ubuntu kernel: [    0.032442] Initializing cgroup subsys hugetlb
Oct 30 11:09:26 gchinellato-ubuntu kernel: [    0.032445] Initializing cgroup subsys pids
Oct 30 11:09:26 gchinellato-ubuntu kernel: [    0.032514] CPU: Physical Processor ID: 0
Oct 30 11:09:26 gchinellato-ubuntu kernel: [    0.032517] CPU: Processor Core ID: 0
Oct 30 11:09:26 gchinellato-ubuntu kernel: [    0.033615] mce: CPU supports 0 MCE banks
Oct 30 11:09:26 gchinellato-ubuntu kernel: [    0.033636] Last level iTLB entries: 4KB 64, 2MB 8, 4MB 8
Oct 30 11:09:26 gchinellato-ubuntu kernel: [    0.033638] Last level dTLB entries: 4KB 64, 2MB 0, 4MB 0, 1GB 4
Oct 30 11:09:26 gchinellato-ubuntu kernel: [    0.035518] Freeing SMP alternatives memory: 32K (ffffffff820bc000 - ffffffff820c4000)
Oct 30 11:09:26 gchinellato-ubuntu kernel: [    0.043241] ftrace: allocating 32151 entries in 126 pages
Oct 30 11:09:26 gchinellato-ubuntu kernel: [    0.083089] smpboot: APIC(0) Converting physical 0 to logical package 0
Oct 30 11:09:26 gchinellato-ubuntu kernel: [    0.083101] smpboot: Max logical packages: 1
Oct 30 11:09:26 gchinellato-ubuntu kernel: [    0.083390] x2apic enabled
Oct 30 11:09:26 gchinellato-ubuntu kernel: [    0.083626] Switched APIC routing to physical x2apic.
Oct 30 11:09:26 gchinellato-ubuntu kernel: [    0.084737] ..TIMER: vector=0x30 apic1=0 pin1=2 apic2=-1 pin2=-1
Oct 30 11:09:26 gchinellato-ubuntu kernel: [    0.190317] smpboot: CPU0: Intel(R) Core(TM) i7-6820HQ CPU @ 2.70GHz (family: 0x6, model: 0x5e, stepping: 0x3)
Oct 30 11:09:26 gchinellato-ubuntu kernel: [    0.190332] Performance Events: unsupported p6 CPU model 94 no PMU driver, software events only.
Oct 30 11:09:26 gchinellato-ubuntu kernel: [    0.190362] KVM setup paravirtual spinlock
Oct 30 11:09:26 gchinellato-ubuntu kernel: [    0.190991] x86: Booting SMP configuration:
Oct 30 11:09:26 gchinellato-ubuntu kernel: [    0.190995] .... node  #0, CPUs:      #1
Oct 30 11:09:26 gchinellato-ubuntu kernel: [    0.191162] kvm-clock: cpu 1, msr 1:1ffef041, secondary cpu clock
Oct 30 11:09:26 gchinellato-ubuntu kernel: [    0.192346] mce: CPU supports 0 MCE banks
Oct 30 11:09:26 gchinellato-ubuntu kernel: [    0.194396] x86: Booted up 1 node, 2 CPUs
Oct 30 11:09:26 gchinellato-ubuntu kernel: [    0.194405] smpboot: Total of 2 processors activated (10848.16 BogoMIPS)
Oct 30 11:09:26 gchinellato-ubuntu kernel: [    0.194998] devtmpfs: initialized
Oct 30 11:09:26 gchinellato-ubuntu kernel: [    0.196609] evm: security.selinux
Oct 30 11:09:26 gchinellato-ubuntu kernel: [    0.196612] evm: security.SMACK64
Oct 30 11:09:26 gchinellato-ubuntu kernel: [    0.196614] evm: security.SMACK64EXEC
Oct 30 11:09:26 gchinellato-ubuntu kernel: [    0.196615] evm: security.SMACK64TRANSMUTE
Oct 30 11:09:26 gchinellato-ubuntu kernel: [    0.196617] evm: security.SMACK64MMAP
Oct 30 11:09:26 gchinellato-ubuntu kernel: [    0.196619] evm: security.ima
Oct 30 11:09:26 gchinellato-ubuntu kernel: [    0.196621] evm: security.capability
Oct 30 11:09:26 gchinellato-ubuntu kernel: [    0.196931] clocksource: jiffies: mask: 0xffffffff max_cycles: 0xffffffff, max_idle_ns: 7645041785100000 ns
Oct 30 11:09:26 gchinellato-ubuntu kernel: [    0.196957] futex hash table entries: 512 (order: 3, 32768 bytes)
Oct 30 11:09:26 gchinellato-ubuntu kernel: [    0.197221] pinctrl core: initialized pinctrl subsystem
Oct 30 11:09:26 gchinellato-ubuntu kernel: [    0.197323] RTC time: 13:09:09, date: 10/30/17
Oct 30 11:09:26 gchinellato-ubuntu kernel: [    0.197533] NET: Registered protocol family 16
Oct 30 11:09:26 gchinellato-ubuntu kernel: [    0.206769] cpuidle: using governor ladder
Oct 30 11:09:26 gchinellato-ubuntu kernel: [    0.218760] cpuidle: using governor menu
Oct 30 11:09:26 gchinellato-ubuntu kernel: [    0.218770] PCCT header not found.
Oct 30 11:09:26 gchinellato-ubuntu kernel: [    0.218821] ACPI: bus type PCI registered
Oct 30 11:09:26 gchinellato-ubuntu kernel: [    0.218823] acpiphp: ACPI Hot Plug PCI Controller Driver version: 0.5
Oct 30 11:09:26 gchinellato-ubuntu kernel: [    0.218924] PCI: Using configuration type 1 for base access
Oct 30 11:09:26 gchinellato-ubuntu kernel: [    0.231877] ACPI: Added _OSI(Module Device)
Oct 30 11:09:26 gchinellato-ubuntu kernel: [    0.231881] ACPI: Added _OSI(Processor Device)
Oct 30 11:09:26 gchinellato-ubuntu kernel: [    0.231883] ACPI: Added _OSI(3.0 _SCP Extensions)
Oct 30 11:09:26 gchinellato-ubuntu kernel: [    0.231885] ACPI: Added _OSI(Processor Aggregator Device)
Oct 30 11:09:26 gchinellato-ubuntu kernel: [    0.232495] ACPI: Executed 1 blocks of module-level executable AML code
Oct 30 11:09:26 gchinellato-ubuntu kernel: [    0.234422] ACPI: Interpreter enabled
Oct 30 11:09:26 gchinellato-ubuntu kernel: [    0.234431] ACPI: (supports S0 S5)
Oct 30 11:09:26 gchinellato-ubuntu kernel: [    0.234433] ACPI: Using IOAPIC for interrupt routing
Oct 30 11:09:26 gchinellato-ubuntu kernel: [    0.234547] PCI: Using host bridge windows from ACPI; if necessary, use "pci=nocrs" and report a bug
Oct 30 11:09:26 gchinellato-ubuntu kernel: [    0.238505] ACPI: PCI Root Bridge [PCI0] (domain 0000 [bus 00-ff])
Oct 30 11:09:26 gchinellato-ubuntu kernel: [    0.238531] acpi PNP0A03:00: _OSC: OS supports [ASPM ClockPM Segments MSI]
Oct 30 11:09:26 gchinellato-ubuntu kernel: [    0.238557] acpi PNP0A03:00: _OSC: not requesting OS control; OS requires [ExtendedConfig ASPM ClockPM MSI]
Oct 30 11:09:26 gchinellato-ubuntu kernel: [    0.238566] acpi PNP0A03:00: fail to add MMCONFIG information, can't access extended PCI configuration space under this bridge.
Oct 30 11:09:26 gchinellato-ubuntu kernel: [    0.238940] PCI host bridge to bus 0000:00
Oct 30 11:09:26 gchinellato-ubuntu kernel: [    0.238945] pci_bus 0000:00: root bus resource [io  0x0000-0x0cf7 window]
Oct 30 11:09:26 gchinellato-ubuntu kernel: [    0.238948] pci_bus 0000:00: root bus resource [io  0x0d00-0xffff window]
Oct 30 11:09:26 gchinellato-ubuntu kernel: [    0.238950] pci_bus 0000:00: root bus resource [mem 0x000a0000-0x000bffff window]
Oct 30 11:09:26 gchinellato-ubuntu kernel: [    0.238954] pci_bus 0000:00: root bus resource [mem 0xe0000000-0xffdfffff window]
Oct 30 11:09:26 gchinellato-ubuntu kernel: [    0.238958] pci_bus 0000:00: root bus resource [bus 00-ff]
Oct 30 11:09:26 gchinellato-ubuntu kernel: [    0.238990] pci 0000:00:00.0: [8086:1237] type 00 class 0x060000
Oct 30 11:09:26 gchinellato-ubuntu kernel: [    0.239393] pci 0000:00:01.0: [8086:7000] type 00 class 0x060100
Oct 30 11:09:26 gchinellato-ubuntu kernel: [    0.239945] pci 0000:00:01.1: [8086:7111] type 00 class 0x01018a
Oct 30 11:09:26 gchinellato-ubuntu kernel: [    0.240257] pci 0000:00:01.1: reg 0x20: [io  0xd000-0xd00f]
Oct 30 11:09:26 gchinellato-ubuntu kernel: [    0.240383] pci 0000:00:01.1: legacy IDE quirk: reg 0x10: [io  0x01f0-0x01f7]
Oct 30 11:09:26 gchinellato-ubuntu kernel: [    0.240386] pci 0000:00:01.1: legacy IDE quirk: reg 0x14: [io  0x03f6]
Oct 30 11:09:26 gchinellato-ubuntu kernel: [    0.240388] pci 0000:00:01.1: legacy IDE quirk: reg 0x18: [io  0x0170-0x0177]
Oct 30 11:09:26 gchinellato-ubuntu kernel: [    0.240391] pci 0000:00:01.1: legacy IDE quirk: reg 0x1c: [io  0x0376]
Oct 30 11:09:26 gchinellato-ubuntu kernel: [    0.240542] pci 0000:00:02.0: [80ee:beef] type 00 class 0x030000
Oct 30 11:09:26 gchinellato-ubuntu kernel: [    0.243681] pci 0000:00:02.0: reg 0x10: [mem 0xe0000000-0xe3ffffff pref]
Oct 30 11:09:26 gchinellato-ubuntu kernel: [    0.260699] pci 0000:00:03.0: [8086:100e] type 00 class 0x020000
Oct 30 11:09:26 gchinellato-ubuntu kernel: [    0.262452] pci 0000:00:03.0: reg 0x10: [mem 0xf0000000-0xf001ffff]
Oct 30 11:09:26 gchinellato-ubuntu kernel: [    0.265839] pci 0000:00:03.0: reg 0x18: [io  0xd010-0xd017]
Oct 30 11:09:26 gchinellato-ubuntu kernel: [    0.272544] pci 0000:00:04.0: [80ee:cafe] type 00 class 0x088000
Oct 30 11:09:26 gchinellato-ubuntu kernel: [    0.274562] pci 0000:00:04.0: reg 0x10: [io  0xd020-0xd03f]
Oct 30 11:09:26 gchinellato-ubuntu kernel: [    0.277354] pci 0000:00:04.0: reg 0x14: [mem 0xf0400000-0xf07fffff]
Oct 30 11:09:26 gchinellato-ubuntu kernel: [    0.278975] pci 0000:00:04.0: reg 0x18: [mem 0xf0800000-0xf0803fff pref]
Oct 30 11:09:26 gchinellato-ubuntu kernel: [    0.285608] pci 0000:00:05.0: [8086:2415] type 00 class 0x040100
Oct 30 11:09:26 gchinellato-ubuntu kernel: [    0.285695] pci 0000:00:05.0: reg 0x10: [io  0xd100-0xd1ff]
Oct 30 11:09:26 gchinellato-ubuntu kernel: [    0.285784] pci 0000:00:05.0: reg 0x14: [io  0xd200-0xd23f]
Oct 30 11:09:26 gchinellato-ubuntu kernel: [    0.286223] pci 0000:00:06.0: [106b:003f] type 00 class 0x0c0310
Oct 30 11:09:26 gchinellato-ubuntu kernel: [    0.287898] pci 0000:00:06.0: reg 0x10: [mem 0xf0804000-0xf0804fff]
Oct 30 11:09:26 gchinellato-ubuntu kernel: [    0.297743] pci 0000:00:07.0: [8086:7113] type 00 class 0x068000
Oct 30 11:09:26 gchinellato-ubuntu kernel: [    0.298126] pci 0000:00:07.0: quirk: [io  0x4000-0x403f] claimed by PIIX4 ACPI
Oct 30 11:09:26 gchinellato-ubuntu kernel: [    0.298138] pci 0000:00:07.0: quirk: [io  0x4100-0x410f] claimed by PIIX4 SMB
Oct 30 11:09:26 gchinellato-ubuntu kernel: [    0.298386] pci 0000:00:08.0: [8086:100e] type 00 class 0x020000
Oct 30 11:09:26 gchinellato-ubuntu kernel: [    0.299927] pci 0000:00:08.0: reg 0x10: [mem 0xf0820000-0xf083ffff]
Oct 30 11:09:26 gchinellato-ubuntu kernel: [    0.303170] pci 0000:00:08.0: reg 0x18: [io  0xd240-0xd247]
Oct 30 11:09:26 gchinellato-ubuntu kernel: [    0.309503] pci 0000:00:0d.0: [8086:2829] type 00 class 0x010601
Oct 30 11:09:26 gchinellato-ubuntu kernel: [    0.311357] pci 0000:00:0d.0: reg 0x10: [io  0xd248-0xd24f]
Oct 30 11:09:26 gchinellato-ubuntu kernel: [    0.314289] pci 0000:00:0d.0: reg 0x18: [io  0xd258-0xd25f]
Oct 30 11:09:26 gchinellato-ubuntu kernel: [    0.316976] pci 0000:00:0d.0: reg 0x20: [io  0xd270-0xd27f]
Oct 30 11:09:26 gchinellato-ubuntu kernel: [    0.318660] pci 0000:00:0d.0: reg 0x24: [mem 0xf0840000-0xf0841fff]
Oct 30 11:09:26 gchinellato-ubuntu kernel: [    0.321426] ACPI: PCI Interrupt Link [LNKA] (IRQs 5 9 10 *11)
Oct 30 11:09:26 gchinellato-ubuntu kernel: [    0.321585] ACPI: PCI Interrupt Link [LNKB] (IRQs 5 9 10 *11)
Oct 30 11:09:26 gchinellato-ubuntu kernel: [    0.321649] ACPI: PCI Interrupt Link [LNKC] (IRQs 5 9 *10 11)
Oct 30 11:09:26 gchinellato-ubuntu kernel: [    0.321741] ACPI: PCI Interrupt Link [LNKD] (IRQs 5 *9 10 11)
Oct 30 11:09:26 gchinellato-ubuntu kernel: [    0.321854] ACPI: Enabled 2 GPEs in block 00 to 07
Oct 30 11:09:26 gchinellato-ubuntu kernel: [    0.322032] vgaarb: setting as boot device: PCI:0000:00:02.0
Oct 30 11:09:26 gchinellato-ubuntu kernel: [    0.322036] vgaarb: device added: PCI:0000:00:02.0,decodes=io+mem,owns=io+mem,locks=none
Oct 30 11:09:26 gchinellato-ubuntu kernel: [    0.322040] vgaarb: loaded
Oct 30 11:09:26 gchinellato-ubuntu kernel: [    0.322042] vgaarb: bridge control possible 0000:00:02.0
Oct 30 11:09:26 gchinellato-ubuntu kernel: [    0.322267] SCSI subsystem initialized
Oct 30 11:09:26 gchinellato-ubuntu kernel: [    0.322386] libata version 3.00 loaded.
Oct 30 11:09:26 gchinellato-ubuntu kernel: [    0.322408] ACPI: bus type USB registered
Oct 30 11:09:26 gchinellato-ubuntu kernel: [    0.322422] usbcore: registered new interface driver usbfs
Oct 30 11:09:26 gchinellato-ubuntu kernel: [    0.322429] usbcore: registered new interface driver hub
Oct 30 11:09:26 gchinellato-ubuntu kernel: [    0.322441] usbcore: registered new device driver usb
Oct 30 11:09:26 gchinellato-ubuntu kernel: [    0.322651] PCI: Using ACPI for IRQ routing
Oct 30 11:09:26 gchinellato-ubuntu kernel: [    0.322655] PCI: pci_cache_line_size set to 64 bytes
Oct 30 11:09:26 gchinellato-ubuntu kernel: [    0.322859] e820: reserve RAM buffer [mem 0x0009fc00-0x0009ffff]
Oct 30 11:09:26 gchinellato-ubuntu kernel: [    0.322861] e820: reserve RAM buffer [mem 0xdfff0000-0xdfffffff]
Oct 30 11:09:26 gchinellato-ubuntu kernel: [    0.322946] NetLabel: Initializing
Oct 30 11:09:26 gchinellato-ubuntu kernel: [    0.322948] NetLabel:  domain hash size = 128
Oct 30 11:09:26 gchinellato-ubuntu kernel: [    0.322950] NetLabel:  protocols = UNLABELED CIPSOv4
Oct 30 11:09:26 gchinellato-ubuntu kernel: [    0.322962] NetLabel:  unlabeled traffic allowed by default
Oct 30 11:09:26 gchinellato-ubuntu kernel: [    0.323095] amd_nb: Cannot enumerate AMD northbridges
Oct 30 11:09:26 gchinellato-ubuntu kernel: [    0.323149] clocksource: Switched to clocksource kvm-clock
Oct 30 11:09:26 gchinellato-ubuntu kernel: [    0.328826] AppArmor: AppArmor Filesystem Enabled
Oct 30 11:09:26 gchinellato-ubuntu kernel: [    0.328870] pnp: PnP ACPI init
Oct 30 11:09:26 gchinellato-ubuntu kernel: [    0.328918] pnp 00:00: Plug and Play ACPI device, IDs PNP0303 (active)
Oct 30 11:09:26 gchinellato-ubuntu kernel: [    0.328966] pnp 00:01: Plug and Play ACPI device, IDs PNP0f03 (active)
Oct 30 11:09:26 gchinellato-ubuntu kernel: [    0.329427] pnp: PnP ACPI: found 2 devices
Oct 30 11:09:26 gchinellato-ubuntu kernel: [    0.338621] clocksource: acpi_pm: mask: 0xffffff max_cycles: 0xffffff, max_idle_ns: 2085701024 ns
Oct 30 11:09:26 gchinellato-ubuntu kernel: [    0.338635] pci_bus 0000:00: resource 4 [io  0x0000-0x0cf7 window]
Oct 30 11:09:26 gchinellato-ubuntu kernel: [    0.338637] pci_bus 0000:00: resource 5 [io  0x0d00-0xffff window]
Oct 30 11:09:26 gchinellato-ubuntu kernel: [    0.338639] pci_bus 0000:00: resource 6 [mem 0x000a0000-0x000bffff window]
Oct 30 11:09:26 gchinellato-ubuntu kernel: [    0.338640] pci_bus 0000:00: resource 7 [mem 0xe0000000-0xffdfffff window]
Oct 30 11:09:26 gchinellato-ubuntu kernel: [    0.338664] NET: Registered protocol family 2
Oct 30 11:09:26 gchinellato-ubuntu kernel: [    0.338838] TCP established hash table entries: 32768 (order: 6, 262144 bytes)
Oct 30 11:09:26 gchinellato-ubuntu kernel: [    0.338879] TCP bind hash table entries: 32768 (order: 7, 524288 bytes)
Oct 30 11:09:26 gchinellato-ubuntu kernel: [    0.338920] TCP: Hash tables configured (established 32768 bind 32768)
Oct 30 11:09:26 gchinellato-ubuntu kernel: [    0.338935] UDP hash table entries: 2048 (order: 4, 65536 bytes)
Oct 30 11:09:26 gchinellato-ubuntu kernel: [    0.338944] UDP-Lite hash table entries: 2048 (order: 4, 65536 bytes)
Oct 30 11:09:26 gchinellato-ubuntu kernel: [    0.338981] NET: Registered protocol family 1
Oct 30 11:09:26 gchinellato-ubuntu kernel: [    0.338990] pci 0000:00:00.0: Limiting direct PCI/PCI transfers
Oct 30 11:09:26 gchinellato-ubuntu kernel: [    0.339015] pci 0000:00:01.0: Activating ISA DMA hang workarounds
Oct 30 11:09:26 gchinellato-ubuntu kernel: [    0.339039] pci 0000:00:02.0: Video device with shadowed ROM
Oct 30 11:09:26 gchinellato-ubuntu kernel: [    0.339997] PCI: CLS 0 bytes, default 64
Oct 30 11:09:26 gchinellato-ubuntu kernel: [    0.340031] Unpacking initramfs...
Oct 30 11:09:26 gchinellato-ubuntu kernel: [    0.603451] Freeing initrd memory: 21788K (ffff880035562000 - ffff880036aa9000)
Oct 30 11:09:26 gchinellato-ubuntu kernel: [    0.603467] PCI-DMA: Using software bounce buffering for IO (SWIOTLB)
Oct 30 11:09:26 gchinellato-ubuntu kernel: [    0.603470] software IO TLB [mem 0xdbff0000-0xdfff0000] (64MB) mapped at [ffff8800dbff0000-ffff8800dffeffff]
Oct 30 11:09:26 gchinellato-ubuntu kernel: [    0.603555] platform rtc_cmos: registered platform RTC device (no PNP device found)
Oct 30 11:09:26 gchinellato-ubuntu kernel: [    0.603585] Scanning for low memory corruption every 60 seconds
Oct 30 11:09:26 gchinellato-ubuntu kernel: [    0.603966] audit: initializing netlink subsys (disabled)
Oct 30 11:09:26 gchinellato-ubuntu kernel: [    0.603989] audit: type=2000 audit(1509369221.211:1): initialized
Oct 30 11:09:26 gchinellato-ubuntu kernel: [    0.604220] Initialise system trusted keyring
Oct 30 11:09:26 gchinellato-ubuntu kernel: [    0.604582] HugeTLB registered 2 MB page size, pre-allocated 0 pages
Oct 30 11:09:26 gchinellato-ubuntu kernel: [    0.605841] zbud: loaded
Oct 30 11:09:26 gchinellato-ubuntu kernel: [    0.606195] VFS: Disk quotas dquot_6.6.0
Oct 30 11:09:26 gchinellato-ubuntu kernel: [    0.606263] VFS: Dquot-cache hash table entries: 512 (order 0, 4096 bytes)
Oct 30 11:09:26 gchinellato-ubuntu kernel: [    0.606457] squashfs: version 4.0 (2009/01/31) Phillip Lougher
Oct 30 11:09:26 gchinellato-ubuntu kernel: [    0.606754] fuse init (API version 7.23)
Oct 30 11:09:26 gchinellato-ubuntu kernel: [    0.606851] Key type big_key registered
Oct 30 11:09:26 gchinellato-ubuntu kernel: [    0.606867] Allocating IMA MOK and blacklist keyrings.
Oct 30 11:09:26 gchinellato-ubuntu kernel: [    0.608056] Key type asymmetric registered
Oct 30 11:09:26 gchinellato-ubuntu kernel: [    0.608061] Asymmetric key parser 'x509' registered
Oct 30 11:09:26 gchinellato-ubuntu kernel: [    0.608093] Block layer SCSI generic (bsg) driver version 0.4 loaded (major 249)
Oct 30 11:09:26 gchinellato-ubuntu kernel: [    0.608199] io scheduler noop registered
Oct 30 11:09:26 gchinellato-ubuntu kernel: [    0.608219] io scheduler deadline registered (default)
Oct 30 11:09:26 gchinellato-ubuntu kernel: [    0.608250] io scheduler cfq registered
Oct 30 11:09:26 gchinellato-ubuntu kernel: [    0.608325] pci_hotplug: PCI Hot Plug PCI Core version: 0.5
Oct 30 11:09:26 gchinellato-ubuntu kernel: [    0.608330] pciehp: PCI Express Hot Plug Controller Driver version: 0.4
Oct 30 11:09:26 gchinellato-ubuntu kernel: [    0.608350] vesafb: mode is 640x480x32, linelength=2560, pages=0
Oct 30 11:09:26 gchinellato-ubuntu kernel: [    0.608352] vesafb: scrolling: redraw
Oct 30 11:09:26 gchinellato-ubuntu kernel: [    0.608354] vesafb: Truecolor: size=8:8:8:8, shift=24:16:8:0
Oct 30 11:09:26 gchinellato-ubuntu kernel: [    0.608361] vesafb: framebuffer at 0xe0000000, mapped to 0xffffc90000800000, using 1216k, total 1216k
Oct 30 11:09:26 gchinellato-ubuntu kernel: [    0.609554] Console: switching to colour frame buffer device 80x30
Oct 30 11:09:26 gchinellato-ubuntu kernel: [    0.610066] fb0: VESA VGA frame buffer device
Oct 30 11:09:26 gchinellato-ubuntu kernel: [    0.610089] intel_idle: does not run on family 6 model 94
Oct 30 11:09:26 gchinellato-ubuntu kernel: [    0.610163] ACPI: AC Adapter [AC] (on-line)
Oct 30 11:09:26 gchinellato-ubuntu kernel: [    0.610263] input: Power Button as /devices/LNXSYSTM:00/LNXPWRBN:00/input/input0
Oct 30 11:09:26 gchinellato-ubuntu kernel: [    0.610284] ACPI: Power Button [PWRF]
Oct 30 11:09:26 gchinellato-ubuntu kernel: [    0.610615] input: Sleep Button as /devices/LNXSYSTM:00/LNXSLPBN:00/input/input1
Oct 30 11:09:26 gchinellato-ubuntu kernel: [    0.611287] ACPI: Sleep Button [SLPF]
Oct 30 11:09:26 gchinellato-ubuntu kernel: [    0.611970] GHES: HEST is not enabled!
Oct 30 11:09:26 gchinellato-ubuntu kernel: [    0.612945] ACPI: Battery Slot [BAT0] (battery present)
Oct 30 11:09:26 gchinellato-ubuntu kernel: [    0.613316] Serial: 8250/16550 driver, 32 ports, IRQ sharing enabled
Oct 30 11:09:26 gchinellato-ubuntu kernel: [    0.614519] Linux agpgart interface v0.103
Oct 30 11:09:26 gchinellato-ubuntu kernel: [    0.616657] loop: module loaded
Oct 30 11:09:26 gchinellato-ubuntu kernel: [    0.617780] ata_piix 0000:00:01.1: version 2.13
Oct 30 11:09:26 gchinellato-ubuntu kernel: [    0.618278] scsi host0: ata_piix
Oct 30 11:09:26 gchinellato-ubuntu kernel: [    0.618820] scsi host1: ata_piix
Oct 30 11:09:26 gchinellato-ubuntu kernel: [    0.619121] ata1: PATA max UDMA/33 cmd 0x1f0 ctl 0x3f6 bmdma 0xd000 irq 14
Oct 30 11:09:26 gchinellato-ubuntu kernel: [    0.619482] ata2: PATA max UDMA/33 cmd 0x170 ctl 0x376 bmdma 0xd008 irq 15
Oct 30 11:09:26 gchinellato-ubuntu kernel: [    0.619865] libphy: Fixed MDIO Bus: probed
Oct 30 11:09:26 gchinellato-ubuntu kernel: [    0.620130] tun: Universal TUN/TAP device driver, 1.6
Oct 30 11:09:26 gchinellato-ubuntu kernel: [    0.620448] tun: (C) 1999-2004 Max Krasnyansky <maxk@qualcomm.com>
Oct 30 11:09:26 gchinellato-ubuntu kernel: [    0.621112] PPP generic driver version 2.4.2
Oct 30 11:09:26 gchinellato-ubuntu kernel: [    0.621478] ehci_hcd: USB 2.0 'Enhanced' Host Controller (EHCI) Driver
Oct 30 11:09:26 gchinellato-ubuntu kernel: [    0.621808] ehci-pci: EHCI PCI platform driver
Oct 30 11:09:26 gchinellato-ubuntu kernel: [    0.622090] ehci-platform: EHCI generic platform driver
Oct 30 11:09:26 gchinellato-ubuntu kernel: [    0.622418] ohci_hcd: USB 1.1 'Open' Host Controller (OHCI) Driver
Oct 30 11:09:26 gchinellato-ubuntu kernel: [    0.622754] ohci-pci: OHCI PCI platform driver
Oct 30 11:09:26 gchinellato-ubuntu kernel: [    0.623553] ohci-pci 0000:00:06.0: OHCI PCI host controller
Oct 30 11:09:26 gchinellato-ubuntu kernel: [    0.623891] ohci-pci 0000:00:06.0: new USB bus registered, assigned bus number 1
Oct 30 11:09:26 gchinellato-ubuntu kernel: [    0.624552] ohci-pci 0000:00:06.0: irq 22, io mem 0xf0804000
Oct 30 11:09:26 gchinellato-ubuntu kernel: [    0.680060] usb usb1: New USB device found, idVendor=1d6b, idProduct=0001
Oct 30 11:09:26 gchinellato-ubuntu kernel: [    0.681043] usb usb1: New USB device strings: Mfr=3, Product=2, SerialNumber=1
Oct 30 11:09:26 gchinellato-ubuntu kernel: [    0.681639] usb usb1: Product: OHCI PCI host controller
Oct 30 11:09:26 gchinellato-ubuntu kernel: [    0.681960] usb usb1: Manufacturer: Linux 4.4.0-78-generic ohci_hcd
Oct 30 11:09:26 gchinellato-ubuntu kernel: [    0.682279] usb usb1: SerialNumber: 0000:00:06.0
Oct 30 11:09:26 gchinellato-ubuntu kernel: [    0.682635] hub 1-0:1.0: USB hub found
Oct 30 11:09:26 gchinellato-ubuntu kernel: [    0.682958] hub 1-0:1.0: 12 ports detected
Oct 30 11:09:26 gchinellato-ubuntu kernel: [    0.683557] ohci-platform: OHCI generic platform driver
Oct 30 11:09:26 gchinellato-ubuntu kernel: [    0.683883] uhci_hcd: USB Universal Host Controller Interface driver
Oct 30 11:09:26 gchinellato-ubuntu kernel: [    0.684284] i8042: PNP: PS/2 Controller [PNP0303:PS2K,PNP0f03:PS2M] at 0x60,0x64 irq 1,12
Oct 30 11:09:26 gchinellato-ubuntu kernel: [    0.685333] serio: i8042 KBD port at 0x60,0x64 irq 1
Oct 30 11:09:26 gchinellato-ubuntu kernel: [    0.685614] serio: i8042 AUX port at 0x60,0x64 irq 12
Oct 30 11:09:26 gchinellato-ubuntu kernel: [    0.686028] mousedev: PS/2 mouse device common for all mice
Oct 30 11:09:26 gchinellato-ubuntu kernel: [    0.686612] rtc_cmos rtc_cmos: rtc core: registered rtc_cmos as rtc0
Oct 30 11:09:26 gchinellato-ubuntu kernel: [    0.687077] rtc_cmos rtc_cmos: alarms up to one day, 114 bytes nvram
Oct 30 11:09:26 gchinellato-ubuntu kernel: [    0.687465] i2c /dev entries driver
Oct 30 11:09:26 gchinellato-ubuntu kernel: [    0.687886] device-mapper: uevent: version 1.0.3
Oct 30 11:09:26 gchinellato-ubuntu kernel: [    0.688323] input: AT Translated Set 2 keyboard as /devices/platform/i8042/serio0/input/input2
Oct 30 11:09:26 gchinellato-ubuntu kernel: [    0.688986] device-mapper: ioctl: 4.34.0-ioctl (2015-10-28) initialised: dm-devel@redhat.com
Oct 30 11:09:26 gchinellato-ubuntu kernel: [    0.689734] ledtrig-cpu: registered to indicate activity on CPUs
Oct 30 11:09:26 gchinellato-ubuntu kernel: [    0.690583] NET: Registered protocol family 10
Oct 30 11:09:26 gchinellato-ubuntu kernel: [    0.691051] NET: Registered protocol family 17
Oct 30 11:09:26 gchinellato-ubuntu kernel: [    0.691406] Key type dns_resolver registered
Oct 30 11:09:26 gchinellato-ubuntu kernel: [    0.691914] microcode: CPU0 sig=0x506e3, pf=0x2, revision=0x0
Oct 30 11:09:26 gchinellato-ubuntu kernel: [    0.692243] microcode: CPU1 sig=0x506e3, pf=0x2, revision=0x0
Oct 30 11:09:26 gchinellato-ubuntu kernel: [    0.692604] microcode: Microcode Update Driver: v2.01 <tigran@aivazian.fsnet.co.uk>, Peter Oruba
